Component: ARM Compiler 5.05 update 1 (build 106) Tool: armlink [4d0efa]

==============================================================================

Section Cross References

    main.o(i.Inits) refers to delay.o(i.delay_init) for delay_init
    main.o(i.Inits) refers to misc.o(i.NVIC_PriorityGroupConfig) for NVIC_PriorityGroupConfig
    main.o(i.Inits) refers to usart.o(i.uart_init) for uart_init
    main.o(i.Inits) refers to led.o(i.LED_Init) for LED_Init
    main.o(i.Inits) refers to lcd.o(i.LCD_Init) for LCD_Init
    main.o(i.Inits) refers to key.o(i.KEY_Init) for KEY_Init
    main.o(i.Inits) refers to adc.o(i.Adc_Init) for Adc_Init
    main.o(i.Inits) refers to touch.o(.data) for tp_dev
    main.o(i.Mouse_display) refers to lcd.o(i.LCD_Display_Dir) for LCD_Display_Dir
    main.o(i.Mouse_display) refers to touch.o(i.TP_Scan) for TP_Scan
    main.o(i.main) refers to main.o(i.Inits) for Inits
    main.o(i.main) refers to stm32f10x_dma.o(i.DMA_Cmd) for DMA_Cmd
    main.o(i.main) refers to lcd.o(i.LCD_Clear) for LCD_Clear
    main.o(i.main) refers to main.o(i.Mouse_display) for Mouse_display
    main.o(i.main) refers to gui.o(i.GUI_draw) for GUI_draw
    main.o(i.main) refers to lcd.o(.data) for POINT_COLOR
    system_stm32f10x.o(i.SetSysClock) refers to system_stm32f10x.o(i.SetSysClockTo72) for SetSysClockTo72
    system_stm32f10x.o(i.SystemCoreClockUpdate) refers to system_stm32f10x.o(.data) for SystemCoreClock
    system_stm32f10x.o(i.SystemInit) refers to system_stm32f10x.o(i.SetSysClock) for SetSysClock
    led.o(i.LED_Init) refers to stm32f10x_rcc.o(i.RCC_APB2PeriphClockCmd) for RCC_APB2PeriphClockCmd
    led.o(i.LED_Init) refers to stm32f10x_gpio.o(i.GPIO_Init) for GPIO_Init
    led.o(i.LED_Init) refers to stm32f10x_gpio.o(i.GPIO_SetBits) for GPIO_SetBits
    lcd.o(i.LCD_Clear) refers to lcd.o(i.LCD_SetCursor) for LCD_SetCursor
    lcd.o(i.LCD_Clear) refers to lcd.o(i.LCD_WriteRAM_Prepare) for LCD_WriteRAM_Prepare
    lcd.o(i.LCD_Clear) refers to lcd.o(.bss) for lcddev
    lcd.o(i.LCD_Color_Fill) refers to lcd.o(i.LCD_SetCursor) for LCD_SetCursor
    lcd.o(i.LCD_Color_Fill) refers to lcd.o(i.LCD_WriteRAM_Prepare) for LCD_WriteRAM_Prepare
    lcd.o(i.LCD_DisplayOff) refers to lcd.o(i.LCD_WR_REG) for LCD_WR_REG
    lcd.o(i.LCD_DisplayOff) refers to lcd.o(i.LCD_WriteReg) for LCD_WriteReg
    lcd.o(i.LCD_DisplayOff) refers to lcd.o(.bss) for lcddev
    lcd.o(i.LCD_DisplayOn) refers to lcd.o(i.LCD_WR_REG) for LCD_WR_REG
    lcd.o(i.LCD_DisplayOn) refers to lcd.o(i.LCD_WriteReg) for LCD_WriteReg
    lcd.o(i.LCD_DisplayOn) refers to lcd.o(.bss) for lcddev
    lcd.o(i.LCD_Display_Dir) refers to lcd.o(i.LCD_Scan_Dir) for LCD_Scan_Dir
    lcd.o(i.LCD_Display_Dir) refers to lcd.o(.bss) for lcddev
    lcd.o(i.LCD_DrawLine) refers to lcd.o(i.LCD_DrawPoint) for LCD_DrawPoint
    lcd.o(i.LCD_DrawPoint) refers to lcd.o(i.LCD_SetCursor) for LCD_SetCursor
    lcd.o(i.LCD_DrawPoint) refers to lcd.o(i.LCD_WriteRAM_Prepare) for LCD_WriteRAM_Prepare
    lcd.o(i.LCD_DrawPoint) refers to lcd.o(.data) for POINT_COLOR
    lcd.o(i.LCD_DrawRectangle) refers to lcd.o(i.LCD_DrawLine) for LCD_DrawLine
    lcd.o(i.LCD_Draw_Circle) refers to lcd.o(i.LCD_DrawPoint) for LCD_DrawPoint
    lcd.o(i.LCD_Fast_DrawPoint) refers to lcd.o(i.LCD_WR_REG) for LCD_WR_REG
    lcd.o(i.LCD_Fast_DrawPoint) refers to lcd.o(i.LCD_WriteReg) for LCD_WriteReg
    lcd.o(i.LCD_Fast_DrawPoint) refers to lcd.o(.bss) for lcddev
    lcd.o(i.LCD_Fill) refers to lcd.o(i.LCD_SetCursor) for LCD_SetCursor
    lcd.o(i.LCD_Fill) refers to lcd.o(i.LCD_WriteRAM_Prepare) for LCD_WriteRAM_Prepare
    lcd.o(i.LCD_Fill) refers to lcd.o(.bss) for lcddev
    lcd.o(i.LCD_Init) refers to _printf_percent.o(.ARM.Collect$$_printf_percent$$00000000) for _printf_percent
    lcd.o(i.LCD_Init) refers to _printf_x.o(.ARM.Collect$$_printf_percent$$0000000C) for _printf_x
    lcd.o(i.LCD_Init) refers to _printf_hex_int.o(.text) for _printf_longlong_hex
    lcd.o(i.LCD_Init) refers to stm32f10x_rcc.o(i.RCC_APB2PeriphClockCmd) for RCC_APB2PeriphClockCmd
    lcd.o(i.LCD_Init) refers to stm32f10x_gpio.o(i.GPIO_PinRemapConfig) for GPIO_PinRemapConfig
    lcd.o(i.LCD_Init) refers to stm32f10x_gpio.o(i.GPIO_Init) for GPIO_Init
    lcd.o(i.LCD_Init) refers to stm32f10x_gpio.o(i.GPIO_SetBits) for GPIO_SetBits
    lcd.o(i.LCD_Init) refers to delay.o(i.delay_ms) for delay_ms
    lcd.o(i.LCD_Init) refers to lcd.o(i.LCD_WriteReg) for LCD_WriteReg
    lcd.o(i.LCD_Init) refers to lcd.o(i.LCD_ReadReg) for LCD_ReadReg
    lcd.o(i.LCD_Init) refers to lcd.o(i.LCD_WR_REG) for LCD_WR_REG
    lcd.o(i.LCD_Init) refers to lcd.o(i.LCD_RD_DATA) for LCD_RD_DATA
    lcd.o(i.LCD_Init) refers to noretval__2printf.o(.text) for __2printf
    lcd.o(i.LCD_Init) refers to lcd.o(i.LCD_WR_DATAX) for LCD_WR_DATAX
    lcd.o(i.LCD_Init) refers to lcd.o(.bss) for lcddev
    lcd.o(i.LCD_Init) refers to delay.o(i.delay_us) for delay_us
    lcd.o(i.LCD_Init) refers to lcd.o(i.LCD_SSD_BackLightSet) for LCD_SSD_BackLightSet
[...]
    i.OTT2001A_Scan                          0x08007204   Section        0  ott2001a.o(i.OTT2001A_Scan)
    i.OTT2001A_SensorControl                 0x080073e4   Section        0  ott2001a.o(i.OTT2001A_SensorControl)
    i.OTT2001A_WR_Reg                        0x08007400   Section        0  ott2001a.o(i.OTT2001A_WR_Reg)
    i.PendSV_Handler                         0x0800745c   Section        0  stm32f10x_it.o(i.PendSV_Handler)
    i.RCC_ADCCLKConfig                       0x08007460   Section        0  stm32f10x_rcc.o(i.RCC_ADCCLKConfig)
    i.RCC_AHBPeriphClockCmd                  0x08007478   Section        0  stm32f10x_rcc.o(i.RCC_AHBPeriphClockCmd)
    i.RCC_APB1PeriphClockCmd                 0x08007498   Section        0  stm32f10x_rcc.o(i.RCC_APB1PeriphClockCmd)
    i.RCC_APB2PeriphClockCmd                 0x080074b8   Section        0  stm32f10x_rcc.o(i.RCC_APB2PeriphClockCmd)
    i.RCC_APB2PeriphResetCmd                 0x080074d8   Section        0  stm32f10x_rcc.o(i.RCC_APB2PeriphResetCmd)
    i.RCC_GetClocksFreq                      0x080074f8   Section        0  stm32f10x_rcc.o(i.RCC_GetClocksFreq)
    i.SVC_Handler                            0x080075cc   Section        0  stm32f10x_it.o(i.SVC_Handler)
    i.SetSysClock                            0x080075ce   Section        0  system_stm32f10x.o(i.SetSysClock)
    SetSysClock                              0x080075cf   Thumb Code     8  system_stm32f10x.o(i.SetSysClock)
    i.SetSysClockTo72                        0x080075d8   Section        0  system_stm32f10x.o(i.SetSysClockTo72)
    SetSysClockTo72                          0x080075d9   Thumb Code   214  system_stm32f10x.o(i.SetSysClockTo72)
    i.SysTick_CLKSourceConfig                0x080076b8   Section        0  misc.o(i.SysTick_CLKSourceConfig)
    i.SysTick_Handler                        0x080076e0   Section        0  stm32f10x_it.o(i.SysTick_Handler)
    i.SystemInit                             0x080076e4   Section        0  system_stm32f10x.o(i.SystemInit)
    i.TIM4_IRQHandler                        0x08007744   Section        0  usmart.o(i.TIM4_IRQHandler)
    i.TIM_Cmd                                0x08007780   Section        0  stm32f10x_tim.o(i.TIM_Cmd)
    i.TIM_ITConfig                           0x08007798   Section        0  stm32f10x_tim.o(i.TIM_ITConfig)
    i.TIM_TimeBaseInit                       0x080077ac   Section        0  stm32f10x_tim.o(i.TIM_TimeBaseInit)
    i.TP_Adj_Info_Show                       0x08007850   Section        0  touch.o(i.TP_Adj_Info_Show)
    i.TP_Adjust                              0x080079f8   Section        0  touch.o(i.TP_Adjust)
    i.TP_Drow_Touch_Point                    0x08007ef8   Section        0  touch.o(i.TP_Drow_Touch_Point)
    i.TP_Get_Adjdata                         0x08007f68   Section        0  touch.o(i.TP_Get_Adjdata)
    i.TP_Init                                0x08008010   Section        0  touch.o(i.TP_Init)
    i.TP_Read_AD                             0x08008120   Section        0  touch.o(i.TP_Read_AD)
    i.TP_Read_XOY                            0x080081a8   Section        0  touch.o(i.TP_Read_XOY)
    i.TP_Read_XY                             0x08008220   Section        0  touch.o(i.TP_Read_XY)
    i.TP_Read_XY2                            0x08008250   Section        0  touch.o(i.TP_Read_XY2)
    i.TP_Save_Adjdata                        0x08008310   Section        0  touch.o(i.TP_Save_Adjdata)
    i.TP_Scan                                0x08008388   Section        0  touch.o(i.TP_Scan)
    i.TP_Write_Byte                          0x08008498   Section        0  touch.o(i.TP_Write_Byte)
    i.Timer4_Init                            0x080084d8   Section        0  usmart.o(i.Timer4_Init)
    i.USART1_IRQHandler                      0x08008534   Section        0  usart.o(i.USART1_IRQHandler)
    i.USART_Cmd                              0x080085bc   Section        0  stm32f10x_usart.o(i.USART_Cmd)
    i.USART_GetITStatus                      0x080085d4   Section        0  stm32f10x_usart.o(i.USART_GetITStatus)
    i.USART_ITConfig                         0x08008628   Section        0  stm32f10x_usart.o(i.USART_ITConfig)
    i.USART_Init                             0x08008674   Section        0  stm32f10x_usart.o(i.USART_Init)
    i.USART_ReceiveData                      0x0800874c   Section        0  stm32f10x_usart.o(i.USART_ReceiveData)
    i.UsageFault_Handler                     0x08008756   Section        0  stm32f10x_it.o(i.UsageFault_Handler)
    i._is_digit                              0x0800875a   Section        0  __printf_wp.o(i._is_digit)
    i._sys_exit                              0x08008768   Section        0  usart.o(i._sys_exit)
    i.delay_init                             0x08008770   Section        0  delay.o(i.delay_init)
    i.delay_ms                               0x080087b4   Section        0  delay.o(i.delay_ms)
    i.delay_us                               0x08008800   Section        0  delay.o(i.delay_us)
    i.fputc                                  0x0800884c   Section        0  usart.o(i.fputc)
    i.main                                   0x08008868   Section        0  main.o(i.main)
    i.opt_delay                              0x08008898   Section        0  lcd.o(i.opt_delay)
    i.read_addr                              0x080088a6   Section        0  usmart.o(i.read_addr)
    i.sqrt                                   0x080088ac   Section        0  sqrt.o(i.sqrt)
    i.uart_init                              0x080088f8   Section        0  usart.o(i.uart_init)
    i.usmart_cmd_rec                         0x08008998   Section        0  usmart.o(i.usmart_cmd_rec)
    i.usmart_exe                             0x08008a48   Section        0  usmart.o(i.usmart_exe)
    i.usmart_get_aparm                       0x08008d20   Section        0  usmart_str.o(i.usmart_get_aparm)
    i.usmart_get_cmdname                     0x08008de8   Section        0  usmart_str.o(i.usmart_get_cmdname)
    i.usmart_get_fname                       0x08008e20   Section        0  usmart_str.o(i.usmart_get_fname)
    i.usmart_get_fparam                      0x08008fe0   Section        0  usmart_str.o(i.usmart_get_fparam)
    i.usmart_get_parmpos                     0x080090ec   Section        0  usmart_str.o(i.usmart_get_parmpos)
    i.usmart_get_runtime                     0x0800910c   Section        0  usmart.o(i.usmart_get_runtime)
    i.usmart_init                            0x0800914c   Section        0  usmart.o(i.usmart_init)
    i.usmart_pow                             0x08009174   Section        0  usmart_str.o(i.usmart_pow)
    i.usmart_reset_runtime                   0x0800918c   Section        0  usmart.o(i.usmart_reset_runtime)
    i.usmart_scan                            0x080091bc   Section        0  usmart.o(i.usmart_scan)
    i.usmart_search_nextc                    0x08009278   Section        0  usmart_str.o(i.usmart_search_nextc)
    i.usmart_str2num                         0x0800928e   Section        0  usmart_str.o(i.usmart_str2num)
    i.usmart_strcmp                          0x08009358   Section        0  usmart_str.o(i.usmart_strcmp)
    i.usmart_strcopy                         0x0800937a   Section        0  usmart_str.o(i.usmart_strcopy)
    i.usmart_strlen                          0x08009390   Section        0  usmart_str.o(i.usmart_strlen)
    i.usmart_sys_cmd_exe                     0x080093a8   Section        0  usmart.o(i.usmart_sys_cmd_exe)
    i.write_addr                             0x08009a8c   Section        0  usmart.o(i.write_addr)
    x$fpl$dadd                               0x08009a90   Section      336  daddsub_clz.o(x$fpl$dadd)
    _dadd1                                   0x08009aa1   Thumb Code     0  daddsub_clz.o(x$fpl$dadd)
    x$fpl$dcmpinf                            0x08009be0   Section       24  dcmpi.o(x$fpl$dcmpinf)
    x$fpl$dfixu                              0x08009bf8   Section       90  dfixu.o(x$fpl$dfixu)
    x$fpl$dflt                               0x08009c52   Section       46  dflt_clz.o(x$fpl$dflt)
    x$fpl$dfltu                              0x08009c80   Section       38  dflt_clz.o(x$fpl$dfltu)
    x$fpl$dleqf                              0x08009ca8   Section      120  dleqf.o(x$fpl$dleqf)
    x$fpl$dmul                               0x08009d20   Section      340  dmul.o(x$fpl$dmul)
    x$fpl$dnaninf                            0x08009e74   Section      156  dnaninf.o(x$fpl$dnaninf)
    x$fpl$dretinf                            0x08009f10   Section       12  dretinf.o(x$fpl$dretinf)
    x$fpl$drleqf                             0x08009f1c   Section      108  drleqf.o(x$fpl$drleqf)
    x$fpl$drsb                               0x08009f88   Section       22  daddsub_clz.o(x$fpl$drsb)
    x$fpl$dsqrt                              0x08009fa0   Section      460  dsqrt_noumaal.o(x$fpl$dsqrt)
    x$fpl$dsub                               0x0800a16c   Section      468  daddsub_clz.o(x$fpl$dsub)
    _dsub1                                   0x0800a17d   Thumb Code     0  daddsub_clz.o(x$fpl$dsub)
    x$fpl$f2d                                0x0800a340   Section       86  f2d.o(x$fpl$f2d)
    x$fpl$fadd                               0x0800a398   Section      196  faddsub_clz.o(x$fpl$fadd)
    _fadd1                                   0x0800a3a7   Thumb Code     0  faddsub_clz.o(x$fpl$fadd)
    x$fpl$fdiv                               0x0800a45c   Section      388  fdiv.o(x$fpl$fdiv)
    _fdiv1                                   0x0800a45d   Thumb Code     0  fdiv.o(x$fpl$fdiv)
    x$fpl$ffix                               0x0800a5e0   Section       54  ffix.o(x$fpl$ffix)
    x$fpl$ffixu                              0x0800a618   Section       62  ffixu.o(x$fpl$ffixu)
    x$fpl$fflt                               0x0800a658   Section       48  fflt_clz.o(x$fpl$fflt)
    x$fpl$ffltu                              0x0800a688   Section       38  fflt_clz.o(x$fpl$ffltu)
    x$fpl$fmul                               0x0800a6b0   Section      258  fmul.o(x$fpl$fmul)
    x$fpl$fnaninf                            0x0800a7b2   Section      140  fnaninf.o(x$fpl$fnaninf)
    x$fpl$fretinf                            0x0800a83e   Section       10  fretinf.o(x$fpl$fretinf)
    x$fpl$fsub                               0x0800a848   Section      234  faddsub_clz.o(x$fpl$fsub)
    _fsub1                                   0x0800a857   Thumb Code     0  faddsub_clz.o(x$fpl$fsub)
    .constdata                               0x0800a932   Section     6080  lcd.o(.constdata)
    x$fpl$usenofp                            0x0800a932   Section        0  usenofp.o(x$fpl$usenofp)
    .constdata                               0x0800c0f2   Section       10  ott2001a.o(.constdata)
    .constdata                               0x0800c0fc   Section       12  touch.o(.constdata)
    .constdata                               0x0800c108   Section      194  gt9147.o(.constdata)
    .constdata                               0x0800c1ca   Section       10  ft5206.o(.constdata)
    .constdata                               0x0800c1d4   Section       40  _printf_hex_int.o(.constdata)
    uc_hextab                                0x0800c1d4   Data          20  _printf_hex_int.o(.constdata)
    lc_hextab                                0x0800c1e8   Data          20  _printf_hex_int.o(.constdata)
    .constdata                               0x0800c1fc   Section       17  __printf_flags_ss_wp.o(.constdata)
    maptable                                 0x0800c1fc   Data          17  __printf_flags_ss_wp.o(.constdata)
    .conststring                             0x0800c210   Section      121  touch.o(.conststring)
    .conststring                             0x0800c28c   Section       40  usmart.o(.conststring)
    .conststring                             0x0800c2b4   Section      651  usmart_config.o(.conststring)
    .data                                    0x20000000   Section       20  system_stm32f10x.o(.data)
    .data                                    0x20000014   Section        4  lcd.o(.data)
    .data                                    0x20000018   Section        1  ott2001a.o(.data)
    t                                        0x20000018   Data           1  ott2001a.o(.data)
    .data                                    0x2000001c   Section       60  touch.o(.data)
    .data                                    0x20000058   Section        1  gt9147.o(.data)
    t                                        0x20000058   Data           1  gt9147.o(.data)
    .data                                    0x20000059   Section        1  ft5206.o(.data)
    t                                        0x20000059   Data           1  ft5206.o(.data)
    .data                                    0x2000005a   Section        4  delay.o(.data)
    fac_us                                   0x2000005a   Data           1  delay.o(.data)
    fac_ms                                   0x2000005c   Data           2  delay.o(.data)
    .data                                    0x20000060   Section        6  usart.o(.data)
    .data                                    0x20000068   Section       28  usmart.o(.data)
    .data                                    0x20000084   Section      364  usmart_config.o(.data)
    .data                                    0x200001f0   Section       20  stm32f10x_rcc.o(.data)
    APBAHBPrescTable                         0x200001f0   Data          16  stm32f10x_rcc.o(.data)
    ADCPrescTable                            0x20000200   Data           4  stm32f10x_rcc.o(.data)
    .bss                                     0x20000204   Section       14  lcd.o(.bss)
    .bss                                     0x20000212   Section      200  usart.o(.bss)
    .bss                                     0x200002da   Section     1024  adc.o(.bss)
    .bss                                     0x200006dc   Section       96  libspace.o(.bss)
    HEAP                                     0x20000740   Section      512  startup_stm32f10x_hd.o(HEAP)
    Heap_Mem                                 0x20000740   Data         512  startup_stm32f10x_hd.o(HEAP)
    STACK                                    0x20000940   Section     1024  startup_stm32f10x_hd.o(STACK)
    Stack_Mem                                0x20000940   Data        1024  startup_stm32f10x_hd.o(STACK)
    __initial_sp                             0x20000d40   Data           0  startup_stm32f10x_hd.o(STACK)

    Global Symbols

    Symbol Name                              Value     Ov Type        Size  Object(Section)

    BuildAttributes$$THM_ISAv4$P$D$K$B$S$PE$A:L22UL41UL21$X:L11$S22US41US21$IEEE1$IW$USESV6$~STKCKD$USESV7$~SHL$OTIME$ROPI$IEEEJ$EBA8$UX$STANDARDLIB$REQ8$PRES8$EABIv2 0x00000000   Number         0  anon$$obj.o ABSOLUTE
    __ARM_use_no_argv                        0x00000000   Number         0  main.o ABSOLUTE
    _printf_flags                            0x00000000   Number         0  printf_stubs.o ABSOLUTE
    _printf_return_value                     0x00000000   Number         0  printf_stubs.o ABSOLUTE
    _printf_sizespec                         0x00000000   Number         0  printf_stubs.o ABSOLUTE
    _printf_widthprec                        0x00000000   Number         0  printf_stubs.o ABSOLUTE
    __ARM_exceptions_init                     - Undefined Weak Reference
    __alloca_initialize                       - Undefined Weak Reference
    __arm_preinit_                            - Undefined Weak Reference
    __cpp_initialize__aeabi_                  - Undefined Weak Reference
    __cxa_finalize                            - Undefined Weak Reference
    __rt_locale                               - Undefined Weak Reference
    __sigvec_lookup                           - Undefined Weak Reference
    _atexit_init                              - Undefined Weak Reference
    _call_atexit_fns                          - Undefined Weak Reference
    _clock_init                               - Undefined Weak Reference
    _fp_trap_init                             - Undefined Weak Reference
    _fp_trap_shutdown                         - Undefined Weak Reference
    _get_lc_collate                           - Undefined Weak Reference
    _get_lc_ctype                             - Undefined Weak Reference
    _get_lc_monetary                          - Undefined Weak Reference
    _get_lc_numeric                           - Undefined Weak Reference
    _get_lc_time                              - Undefined Weak Reference
    _getenv_init                              - Undefined Weak Reference
    _handle_redirection                       - Undefined Weak Reference
    _init_alloc                               - Undefined Weak Reference
    _init_user_alloc                          - Undefined Weak Reference
    _initio                                   - Undefined Weak Reference
    _mutex_acquire                            - Undefined Weak Reference
    _mutex_release                            - Undefined Weak Reference
    _printf_mbtowc                            - Undefined Weak Reference
    _printf_truncate_signed                   - Undefined Weak Reference
    _printf_truncate_unsigned                 - Undefined Weak Reference
    _rand_init                                - Undefined Weak Reference
    _signal_finish                            - Undefined Weak Reference
    _signal_init                              - Undefined Weak Reference
    _terminate_alloc                          - Undefined Weak Reference
    _terminate_user_alloc                     - Undefined Weak Reference
    _terminateio                              - Undefined Weak Reference
    __Vectors_Size                           0x00000130   Number         0  startup_stm32f10x_hd.o ABSOLUTE
    __Vectors                                0x08000000   Data           4  startup_stm32f10x_hd.o(RESET)
    __Vectors_End                            0x08000130   Data           0  startup_stm32f10x_hd.o(RESET)
    __main                                   0x08000131   Thumb Code     8  __main.o(!!!main)
    __scatterload                            0x08000139   Thumb Code     0  __scatter.o(!!!scatter)
    __scatterload_rt2                        0x08000139   Thumb Code    44  __scatter.o(!!!scatter)
    __scatterload_rt2_thumb_only             0x08000139   Thumb Code     0  __scatter.o(!!!scatter)
    __scatterload_null                       0x08000147   Thumb Code     0  __scatter.o(!!!scatter)
    __decompress                             0x0800016d   Thumb Code    90  __dczerorl2.o(!!dczerorl2)
    __decompress1                            0x0800016d   Thumb Code     0  __dczerorl2.o(!!dczerorl2)
    __scatterload_zeroinit                   0x080001c9   Thumb Code    28  __scatter_zi.o(!!handler_zi)
    _printf_d                                0x080001e5   Thumb Code     0  _printf_d.o(.ARM.Collect$$_printf_percent$$00000009)
    _printf_percent                          0x080001e5   Thumb Code     0  _printf_percent.o(.ARM.Collect$$_printf_percent$$00000000)
    _printf_u                                0x080001eb   Thumb Code     0  _printf_u.o(.ARM.Collect$$_printf_percent$$0000000A)
    _printf_x                                0x080001f1   Thumb Code     0  _printf_x.o(.ARM.Collect$$_printf_percent$$0000000C)
    _printf_c                                0x080001f7   Thumb Code     0  _printf_c.o(.ARM.Collect$$_printf_percent$$00000013)
    _printf_s                                0x080001fd   Thumb Code     0  _printf_s.o(.ARM.Collect$$_printf_percent$$00000014)
    _printf_percent_end                      0x08000203   Thumb Code     0  _printf_percent_end.o(.ARM.Collect$$_printf_percent$$00000017)
    __rt_lib_init                            0x08000207   Thumb Code     0  libinit.o(.ARM.Collect$$libinit$$00000000)
    __rt_lib_init_alloca_1                   0x08000209   Thumb Code     0  libinit2.o(.ARM.Collect$$libinit$$0000002E)
    __rt_lib_init_argv_1                     0x08000209   Thumb Code     0  libinit2.o(.ARM.Collect$$libinit$$0000002C)
    __rt_lib_init_atexit_1                   0x08000209   Thumb Code     0  libinit2.o(.ARM.Collect$$libinit$$0000001B)
    __rt_lib_init_clock_1                    0x08000209   Thumb Code     0  libinit2.o(.ARM.Collect$$libinit$$00000021)
    __rt_lib_init_cpp_1                      0x08000209   Thumb Code     0  libinit2.o(.ARM.Collect$$libinit$$00000032)
    __rt_lib_init_exceptions_1               0x08000209   Thumb Code     0  libinit2.o(.ARM.Collect$$libinit$$00000030)
    __rt_lib_init_fp_1                       0x08000209   Thumb Code     0  libinit2.o(.ARM.Collect$$libinit$$00000002)
    __rt_lib_init_fp_trap_1                  0x08000209   Thumb Code     0  libinit2.o(.ARM.Collect$$libinit$$0000001F)
    __rt_lib_init_getenv_1                   0x08000209   Thumb Code     0  libinit2.o(.ARM.Collect$$libinit$$00000023)
    __rt_lib_init_heap_1                     0x08000209   Thumb Code     0  libinit2.o(.ARM.Collect$$libinit$$0000000A)
    __rt_lib_init_lc_collate_1               0x08000209   Thumb Code     0  libinit2.o(.ARM.Collect$$libinit$$00000011)
    __rt_lib_init_lc_ctype_1                 0x08000209   Thumb Code     0  libinit2.o(.ARM.Collect$$libinit$$00000013)
    __rt_lib_init_lc_monetary_1              0x08000209   Thumb Code     0  libinit2.o(.ARM.Collect$$libinit$$00000015)
    __rt_lib_init_lc_numeric_1               0x08000209   Thumb Code     0  libinit2.o(.ARM.Collect$$libinit$$00000017)
    __rt_lib_init_lc_time_1                  0x08000209   Thumb Code     0  libinit2.o(.ARM.Collect$$libinit$$00000019)
    __rt_lib_init_preinit_1                  0x08000209   Thumb Code     0  libinit2.o(.ARM.Collect$$libinit$$00000004)
    __rt_lib_init_rand_1                     0x08000209   Thumb Code     0  libinit2.o(.ARM.Collect$$libinit$$0000000E)
    __rt_lib_init_return                     0x08000209   Thumb Code     0  libinit2.o(.ARM.Collect$$libinit$$00000033)
    __rt_lib_init_signal_1                   0x08000209   Thumb Code     0  libinit2.o(.ARM.Collect$$libinit$$0000001D)
    __rt_lib_init_stdio_1                    0x08000209   Thumb Code     0  libinit2.o(.ARM.Collect$$libinit$$00000025)
    __rt_lib_init_user_alloc_1               0x08000209   Thumb Code     0  libinit2.o(.ARM.Collect$$libinit$$0000000C)
    __rt_lib_shutdown                        0x0800020b   Thumb Code     0  libshutdown.o(.ARM.Collect$$libshutdown$$00000000)
    __rt_lib_shutdown_fp_trap_1              0x0800020d   Thumb Code     0  libshutdown2.o(.ARM.Collect$$libshutdown$$00000006)
    __rt_lib_shutdown_heap_1                 0x0800020d   Thumb Code     0  libshutdown2.o(.ARM.Collect$$libshutdown$$0000000E)
    __rt_lib_shutdown_return                 0x0800020d   Thumb Code     0  libshutdown2.o(.ARM.Collect$$libshutdown$$0000000F)
    __rt_lib_shutdown_signal_1               0x0800020d   Thumb Code     0  libshutdown2.o(.ARM.Collect$$libshutdown$$00000009)
    __rt_lib_shutdown_stdio_1                0x0800020d   Thumb Code     0  libshutdown2.o(.ARM.Collect$$libshutdown$$00000003)
    __rt_lib_shutdown_user_alloc_1           0x0800020d   Thumb Code     0  libshutdown2.o(.ARM.Collect$$libshutdown$$0000000B)
    __rt_entry                               0x0800020f   Thumb Code     0  __rtentry.o(.ARM.Collect$$rtentry$$00000000)
    __rt_entry_presh_1                       0x0800020f   Thumb Code     0  __rtentry2.o(.ARM.Collect$$rtentry$$00000002)
    __rt_entry_sh                            0x0800020f   Thumb Code     0  __rtentry4.o(.ARM.Collect$$rtentry$$00000004)
    __rt_entry_li                            0x08000215   Thumb Code     0  __rtentry2.o(.ARM.Collect$$rtentry$$0000000A)
    __rt_entry_postsh_1                      0x08000215   Thumb Code     0  __rtentry2.o(.ARM.Collect$$rtentry$$00000009)
    __rt_entry_main                          0x08000219   Thumb Code     0  __rtentry2.o(.ARM.Collect$$rtentry$$0000000D)
    __rt_entry_postli_1                      0x08000219   Thumb Code     0  __rtentry2.o(.ARM.Collect$$rtentry$$0000000C)
    __rt_exit                                0x08000221   Thumb Code     0  rtexit.o(.ARM.Collect$$rtexit$$00000000)
    __rt_exit_ls                             0x08000223   Thumb Code     0  rtexit2.o(.ARM.Collect$$rtexit$$00000003)
    __rt_exit_prels_1                        0x08000223   Thumb Code     0  rtexit2.o(.ARM.Collect$$rtexit$$00000002)
    __rt_exit_exit                           0x08000227   Thumb Code     0  rtexit2.o(.ARM.Collect$$rtexit$$00000004)
    Reset_Handler                            0x0800022d   Thumb Code     8  startup_stm32f10x_hd.o(.text)
    ADC1_2_IRQHandler                        0x08000247   Thumb Code     0  startup_stm32f10x_hd.o(.text)
    ADC3_IRQHandler                          0x08000247   Thumb Code     0  startup_stm32f10x_hd.o(.text)
    CAN1_RX1_IRQHandler                      0x08000247   Thumb Code     0  startup_stm32f10x_hd.o(.text)
    CAN1_SCE_IRQHandler                      0x08000247   Thumb Code     0  startup_stm32f10x_hd.o(.text)
    DMA1_Channel1_IRQHandler                 0x08000247   Thumb Code     0  startup_stm32f10x_hd.o(.text)
    DMA1_Channel2_IRQHandler                 0x08000247   Thumb Code     0  startup_stm32f10x_hd.o(.text)
    DMA1_Channel3_IRQHandler                 0x08000247   Thumb Code     0  startup_stm32f10x_hd.o(.text)
    DMA1_Channel4_IRQHandler                 0x08000247   Thumb Code     0  startup_stm32f10x_hd.o(.text)
    DMA1_Channel5_IRQHandler                 0x08000247   Thumb Code     0  startup_stm32f10x_hd.o(.text)
    DMA1_Channel6_IRQHandler                 0x08000247   Thumb Code     0  startup_stm32f10x_hd.o(.text)
    DMA1_Channel7_IRQHandler                 0x08000247   Thumb Code     0  startup_stm32f10x_hd.o(.text)
    DMA2_Channel1_IRQHandler                 0x08000247   Thumb Code     0  startup_stm32f10x_hd.o(.text)
    DMA2_Channel2_IRQHandler                 0x08000247   Thumb Code     0  startup_stm32f10x_hd.o(.text)
    DMA2_Channel3_IRQHandler                 0x08000247   Thumb Code     0  startup_stm32f10x_hd.o(.text)
    DMA2_Channel4_5_IRQHandler               0x08000247   Thumb Code     0  startup_stm32f10x_hd.o(.text)
    EXTI0_IRQHandler                         0x08000247   Thumb Code     0  startup_stm32f10x_hd.o(.text)
    EXTI15_10_IRQHandler                     0x08000247   Thumb Code     0  startup_stm32f10x_hd.o(.text)
    EXTI1_IRQHandler                         0x08000247   Thumb Code     0  startup_stm32f10x_hd.o(.text)
    EXTI2_IRQHandler                         0x08000247   Thumb Code     0  startup_stm32f10x_hd.o(.text)
    EXTI3_IRQHandler                         0x08000247   Thumb Code     0  startup_stm32f10x_hd.o(.text)
    EXTI4_IRQHandler                         0x08000247   Thumb Code     0  startup_stm32f10x_hd.o(.text)
    EXTI9_5_IRQHandler                       0x08000247   Thumb Code     0  startup_stm32f10x_hd.o(.text)
    FLASH_IRQHandler                         0x08000247   Thumb Code     0  startup_stm32f10x_hd.o(.text)
    FSMC_IRQHandler                          0x08000247   Thumb Code     0  startup_stm32f10x_hd.o(.text)
    I2C1_ER_IRQHandler                       0x08000247   Thumb Code     0  startup_stm32f10x_hd.o(.text)
    I2C1_EV_IRQHandler                       0x08000247   Thumb Code     0  startup_stm32f10x_hd.o(.text)
    I2C2_ER_IRQHandler                       0x08000247   Thumb Code     0  startup_stm32f10x_hd.o(.text)
    I2C2_EV_IRQHandler                       0x08000247   Thumb Code     0  startup_stm32f10x_hd.o(.text)
    PVD_IRQHandler                           0x08000247   Thumb Code     0  startup_stm32f10x_hd.o(.text)
    RCC_IRQHandler                           0x08000247   Thumb Code     0  startup_stm32f10x_hd.o(.text)
    RTCAlarm_IRQHandler                      0x08000247   Thumb Code     0  startup_stm32f10x_hd.o(.text)
    RTC_IRQHandler                           0x08000247   Thumb Code     0  startup_stm32f10x_hd.o(.text)
    SDIO_IRQHandler                          0x08000247   Thumb Code     0  startup_stm32f10x_hd.o(.text)
    SPI1_IRQHandler                          0x08000247   Thumb Code     0  startup_stm32f10x_hd.o(.text)
    SPI2_IRQHandler                          0x08000247   Thumb Code     0  startup_stm32f10x_hd.o(.text)
    SPI3_IRQHandler                          0x08000247   Thumb Code     0  startup_stm32f10x_hd.o(.text)
    TAMPER_IRQHandler                        0x08000247   Thumb Code     0  startup_stm32f10x_hd.o(.text)
    TIM1_BRK_IRQHandler                      0x08000247   Thumb Code     0  startup_stm32f10x_hd.o(.text)
    TIM1_CC_IRQHandler                       0x08000247   Thumb Code     0  startup_stm32f10x_hd.o(.text)
    TIM1_TRG_COM_IRQHandler                  0x08000247   Thumb Code     0  startup_stm32f10x_hd.o(.text)
    TIM1_UP_IRQHandler                       0x08000247   Thumb Code     0  startup_stm32f10x_hd.o(.text)
    TIM2_IRQHandler                          0x08000247   Thumb Code     0  startup_stm32f10x_hd.o(.text)
    TIM3_IRQHandler                          0x08000247   Thumb Code     0  startup_stm32f10x_hd.o(.text)
    TIM5_IRQHandler                          0x08000247   Thumb Code     0  startup_stm32f10x_hd.o(.text)
    TIM6_IRQHandler                          0x08000247   Thumb Code     0  startup_stm32f10x_hd.o(.text)
    TIM7_IRQHandler                          0x08000247   Thumb Code     0  startup_stm32f10x_hd.o(.text)
    TIM8_BRK_IRQHandler                      0x08000247   Thumb Code     0  startup_stm32f10x_hd.o(.text)
    TIM8_CC_IRQHandler                       0x08000247   Thumb Code     0  startup_stm32f10x_hd.o(.text)
    TIM8_TRG_COM_IRQHandler                  0x08000247   Thumb Code     0  startup_stm32f10x_hd.o(.text)
    TIM8_UP_IRQHandler                       0x08000247   Thumb Code     0  startup_stm32f10x_hd.o(.text)
    UART4_IRQHandler                         0x08000247   Thumb Code     0  startup_stm32f10x_hd.o(.text)
    UART5_IRQHandler                         0x08000247   Thumb Code     0  startup_stm32f10x_hd.o(.text)
    USART2_IRQHandler                        0x08000247   Thumb Code     0  startup_stm32f10x_hd.o(.text)
    USART3_IRQHandler                        0x08000247   Thumb Code     0  startup_stm32f10x_hd.o(.text)
    USBWakeUp_IRQHandler                     0x08000247   Thumb Code     0  startup_stm32f10x_hd.o(.text)
    USB_HP_CAN1_TX_IRQHandler                0x08000247   Thumb Code     0  startup_stm32f10x_hd.o(.text)
    USB_LP_CAN1_RX0_IRQHandler               0x08000247   Thumb Code     0  startup_stm32f10x_hd.o(.text)
    WWDG_IRQHandler                          0x08000247   Thumb Code     0  startup_stm32f10x_hd.o(.text)
    __user_initial_stackheap                 0x08000249   Thumb Code     0  startup_stm32f10x_hd.o(.text)
    __use_no_semihosting                     0x0800026d   Thumb Code     2  use_no_semi_2.o(.text)
    __2printf                                0x08000271   Thumb Code    20  noretval__2printf.o(.text)
    _printf_pre_padding                      0x08000289   Thumb Code    44  _printf_pad.o(.text)
    _printf_post_padding                     0x080002b5   Thumb Code    34  _printf_pad.o(.text)
    _printf_str                              0x080002d7   Thumb Code    82  _printf_str.o(.text)
    _printf_int_dec                          0x08000329   Thumb Code   104  _printf_dec.o(.text)
    _printf_int_hex                          0x080003a1   Thumb Code    84  _printf_hex_int.o(.text)
    _printf_longlong_hex                     0x080003a1   Thumb Code     0  _printf_hex_int.o(.text)
    __printf                                 0x080003f9   Thumb Code   388  __printf_flags_ss_wp.o(.text)
    strcmp                                   0x08000581   Thumb Code   128  strcmpv7m.o(.text)
    __use_two_region_memory                  0x08000601   Thumb Code     2  heapauxi.o(.text)
    __rt_heap_escrow$2region                 0x08000603   Thumb Code     2  heapauxi.o(.text)
    __rt_heap_expand$2region                 0x08000605   Thumb Code     2  heapauxi.o(.text)
    __I$use$semihosting                      0x08000607   Thumb Code     0  use_no_semi.o(.text)
    __use_no_semihosting_swi                 0x08000607   Thumb Code     2  use_no_semi.o(.text)
    __read_errno                             0x08000609   Thumb Code    10  _rserrno.o(.text)
    __set_errno                              0x08000613   Thumb Code    12  _rserrno.o(.text)
    _printf_int_common                       0x0800061f   Thumb Code   178  _printf_intcommon.o(.text)
    _printf_cs_common                        0x080006d1   Thumb Code    20  _printf_char.o(.text)
    _printf_char                             0x080006e5   Thumb Code    16  _printf_char.o(.text)
    _printf_string                           0x080006f5   Thumb Code     8  _printf_char.o(.text)
    _printf_char_file                        0x080006fd   Thumb Code    32  _printf_char_file.o(.text)
    __aeabi_errno_addr                       0x08000721   Thumb Code     8  rt_errno_addr_intlibspace.o(.text)
    __errno$intlibspace                      0x08000721   Thumb Code     0  rt_errno_addr_intlibspace.o(.text)
    __rt_errno_addr$intlibspace              0x08000721   Thumb Code     0  rt_errno_addr_intlibspace.o(.text)
    _printf_char_common                      0x08000733   Thumb Code    32  _printf_char_common.o(.text)
    ferror                                   0x08000759   Thumb Code     8  ferror.o(.text)
    __user_libspace                          0x08000761   Thumb Code     8  libspace.o(.text)
    __user_perproc_libspace                  0x08000761   Thumb Code     0  libspace.o(.text)
    __user_perthread_libspace                0x08000761   Thumb Code     0  libspace.o(.text)
    __user_setup_stackheap                   0x08000769   Thumb Code    74  sys_stackheap_outer.o(.text)
    exit                                     0x080007b3   Thumb Code    12  exit.o(.text)
    ADC_Cmd                                  0x080007bf   Thumb Code    22  stm32f10x_adc.o(i.ADC_Cmd)
    ADC_DMACmd                               0x080007d5   Thumb Code    22  stm32f10x_adc.o(i.ADC_DMACmd)
    ADC_DeInit                               0x080007ed   Thumb Code    78  stm32f10x_adc.o(i.ADC_DeInit)
    ADC_GetCalibrationStatus                 0x08000849   Thumb Code    20  stm32f10x_adc.o(i.ADC_GetCalibrationStatus)
    ADC_GetResetCalibrationStatus            0x0800085d   Thumb Code    20  stm32f10x_adc.o(i.ADC_GetResetCalibrationStatus)
    ADC_Init                                 0x08000871   Thumb Code    70  stm32f10x_adc.o(i.ADC_Init)
    ADC_ResetCalibration                     0x080008c1   Thumb Code    10  stm32f10x_adc.o(i.ADC_ResetCalibration)
    ADC_SoftwareStartConvCmd                 0x080008cb   Thumb Code    22  stm32f10x_adc.o(i.ADC_SoftwareStartConvCmd)
    ADC_StartCalibration                     0x080008e1   Thumb Code    10  stm32f10x_adc.o(i.ADC_StartCalibration)
    AT24CXX_Init                             0x080008eb   Thumb Code     8  24cxx.o(i.AT24CXX_Init)
    AT24CXX_ReadLenByte                      0x080008f3   Thumb Code    44  24cxx.o(i.AT24CXX_ReadLenByte)
    AT24CXX_ReadOneByte                      0x0800091f   Thumb Code    88  24cxx.o(i.AT24CXX_ReadOneByte)
    AT24CXX_WriteLenByte                     0x08000977   Thumb Code    42  24cxx.o(i.AT24CXX_WriteLenByte)
    AT24CXX_WriteOneByte                     0x080009a1   Thumb Code    80  24cxx.o(i.AT24CXX_WriteOneByte)
    Adc_Init                                 0x080009f1   Thumb Code   154  adc.o(i.Adc_Init)
    BusFault_Handler                         0x08000a95   Thumb Code     4  stm32f10x_it.o(i.BusFault_Handler)
    CT_Delay                                 0x08000a99   Thumb Code    10  ctiic.o(i.CT_Delay)
    CT_IIC_Ack                               0x08000aa5   Thumb Code    62  ctiic.o(i.CT_IIC_Ack)
    CT_IIC_Init                              0x08000af1   Thumb Code    62  ctiic.o(i.CT_IIC_Init)
    CT_IIC_NAck                              0x08000b39   Thumb Code    62  ctiic.o(i.CT_IIC_NAck)
    CT_IIC_Read_Byte                         0x08000b85   Thumb Code    92  ctiic.o(i.CT_IIC_Read_Byte)
    CT_IIC_Send_Byte                         0x08000bed   Thumb Code    80  ctiic.o(i.CT_IIC_Send_Byte)
    CT_IIC_Start                             0x08000c49   Thumb Code    60  ctiic.o(i.CT_IIC_Start)
    CT_IIC_Stop                              0x08000c91   Thumb Code    60  ctiic.o(i.CT_IIC_Stop)
    CT_IIC_Wait_Ack                          0x08000cd9   Thumb Code    86  ctiic.o(i.CT_IIC_Wait_Ack)
    DMA_Cmd                                  0x08000d3d   Thumb Code    24  stm32f10x_dma.o(i.DMA_Cmd)
    DMA_DeInit                               0x08000d55   Thumb Code   324  stm32f10x_dma.o(i.DMA_DeInit)
    DMA_Init                                 0x08000ea1   Thumb Code    60  stm32f10x_dma.o(i.DMA_Init)
    DMA_init                                 0x08000edd   Thumb Code    86  adc.o(i.DMA_init)
    DebugMon_Handler                         0x08000f41   Thumb Code     2  stm32f10x_it.o(i.DebugMon_Handler)
    FT5206_Init                              0x08000f45   Thumb Code   214  ft5206.o(i.FT5206_Init)
    FT5206_RD_Reg                            0x08001035   Thumb Code    88  ft5206.o(i.FT5206_RD_Reg)
    FT5206_Scan                              0x0800108d   Thumb Code   400  ft5206.o(i.FT5206_Scan)
    FT5206_WR_Reg                            0x08001229   Thumb Code    82  ft5206.o(i.FT5206_WR_Reg)
    GPIO_Init                                0x0800127b   Thumb Code   278  stm32f10x_gpio.o(i.GPIO_Init)
    GPIO_PinRemapConfig                      0x08001391   Thumb Code   138  stm32f10x_gpio.o(i.GPIO_PinRemapConfig)
    GPIO_ResetBits                           0x08001421   Thumb Code     4  stm32f10x_gpio.o(i.GPIO_ResetBits)
    GPIO_SetBits                             0x08001425   Thumb Code     4  stm32f10x_gpio.o(i.GPIO_SetBits)
    GT9147_Init                              0x08001429   Thumb Code   242  gt9147.o(i.GT9147_Init)
    GT9147_RD_Reg                            0x08001551   Thumb Code    98  gt9147.o(i.GT9147_RD_Reg)
    GT9147_Scan                              0x080015b5   Thumb Code   408  gt9147.o(i.GT9147_Scan)
    GT9147_Send_Cfg                          0x08001759   Thumb Code    86  gt9147.o(i.GT9147_Send_Cfg)
    GT9147_WR_Reg                            0x080017b5   Thumb Code    92  gt9147.o(i.GT9147_WR_Reg)
    GUI_draw                                 0x08001811   Thumb Code   322  gui.o(i.GUI_draw)
    HardFault_Handler                        0x080019a9   Thumb Code     4  stm32f10x_it.o(i.HardFault_Handler)
    IIC_Ack                                  0x080019ad   Thumb Code    66  myiic.o(i.IIC_Ack)
    IIC_Init                                 0x080019fd   Thumb Code    52  myiic.o(i.IIC_Init)
    IIC_NAck                                 0x08001a3d   Thumb Code    66  myiic.o(i.IIC_NAck)
    IIC_Read_Byte                            0x08001a8d   Thumb Code    98  myiic.o(i.IIC_Read_Byte)
    IIC_Send_Byte                            0x08001afd   Thumb Code    90  myiic.o(i.IIC_Send_Byte)
    IIC_Start                                0x08001b65   Thumb Code    64  myiic.o(i.IIC_Start)
    IIC_Stop                                 0x08001bb1   Thumb Code    62  myiic.o(i.IIC_Stop)
    IIC_Wait_Ack                             0x08001bfd   Thumb Code    86  myiic.o(i.IIC_Wait_Ack)
    Inits                                    0x08001c61   Thumb Code    46  main.o(i.Inits)
    KEY_Init                                 0x08001c95   Thumb Code    82  key.o(i.KEY_Init)
    LCD_BGR2RGB                              0x08001cf5   Thumb Code    26  lcd.o(i.LCD_BGR2RGB)
    LCD_Clear                                0x08001d11   Thumb Code   122  lcd.o(i.LCD_Clear)
    LCD_Display_Dir                          0x08001d99   Thumb Code   444  lcd.o(i.LCD_Display_Dir)
    LCD_DrawLine                             0x08001f59   Thumb Code   176  lcd.o(i.LCD_DrawLine)
    LCD_DrawPoint                            0x08002009   Thumb Code    52  lcd.o(i.LCD_DrawPoint)
    LCD_DrawRectangle                        0x08002049   Thumb Code    60  lcd.o(i.LCD_DrawRectangle)
    LCD_Draw_Circle                          0x08002085   Thumb Code   152  lcd.o(i.LCD_Draw_Circle)
    LCD_Fast_DrawPoint                       0x0800211d   Thumb Code   854  lcd.o(i.LCD_Fast_DrawPoint)
    LCD_Fill                                 0x08002481   Thumb Code   200  lcd.o(i.LCD_Fill)
    LCD_Init                                 0x08002555   Thumb Code 15292  lcd.o(i.LCD_Init)
    LCD_Pow                                  0x08006111   Thumb Code    22  lcd.o(i.LCD_Pow)
    LCD_RD_DATA                              0x08006129   Thumb Code    98  lcd.o(i.LCD_RD_DATA)
    LCD_ReadPoint                            0x08006199   Thumb Code   506  lcd.o(i.LCD_ReadPoint)
    LCD_ReadReg                              0x080063a1   Thumb Code    16  lcd.o(i.LCD_ReadReg)
    LCD_SSD_BackLightSet                     0x080063b1   Thumb Code   198  lcd.o(i.LCD_SSD_BackLightSet)
    LCD_Scan_Dir                             0x08006485   Thumb Code  1112  lcd.o(i.LCD_Scan_Dir)
    LCD_SetCursor                            0x080068dd   Thumb Code   944  lcd.o(i.LCD_SetCursor)
    LCD_ShowChar                             0x08006c99   Thumb Code   272  lcd.o(i.LCD_ShowChar)
    LCD_ShowNum                              0x08006dc1   Thumb Code   148  lcd.o(i.LCD_ShowNum)
    LCD_ShowString                           0x08006e55   Thumb Code   102  lcd.o(i.LCD_ShowString)
    LCD_ShowxNum                             0x08006ebb   Thumb Code   190  lcd.o(i.LCD_ShowxNum)
    LCD_WR_DATAX                             0x08006f79   Thumb Code    28  lcd.o(i.LCD_WR_DATAX)
    LCD_WR_REG                               0x08006f9d   Thumb Code    28  lcd.o(i.LCD_WR_REG)
    LCD_WriteRAM_Prepare                     0x08006fc1   Thumb Code    12  lcd.o(i.LCD_WriteRAM_Prepare)
    LCD_WriteReg                             0x08006fd1   Thumb Code    40  lcd.o(i.LCD_WriteReg)
    LED_Init                                 0x08007001   Thumb Code    72  led.o(i.LED_Init)
    MemManage_Handler                        0x08007051   Thumb Code     4  stm32f10x_it.o(i.MemManage_Handler)
    Mouse_display                            0x08007055   Thumb Code    16  main.o(i.Mouse_display)
    NMI_Handler                              0x08007065   Thumb Code     2  stm32f10x_it.o(i.NMI_Handler)
    NVIC_Init                                0x08007069   Thumb Code   100  misc.o(i.NVIC_Init)
    NVIC_PriorityGroupConfig                 0x080070d9   Thumb Code    10  misc.o(i.NVIC_PriorityGroupConfig)
    OTT2001A_Init                            0x080070ed   Thumb Code   156  ott2001a.o(i.OTT2001A_Init)
    OTT2001A_RD_Reg                          0x080071a1   Thumb Code    98  ott2001a.o(i.OTT2001A_RD_Reg)
    OTT2001A_Scan                            0x08007205   Thumb Code   446  ott2001a.o(i.OTT2001A_Scan)
    OTT2001A_SensorControl                   0x080073e5   Thumb Code    28  ott2001a.o(i.OTT2001A_SensorControl)
    OTT2001A_WR_Reg                          0x08007401   Thumb Code    92  ott2001a.o(i.OTT2001A_WR_Reg)
    PendSV_Handler                           0x0800745d   Thumb Code     2  stm32f10x_it.o(i.PendSV_Handler)
    RCC_ADCCLKConfig                         0x08007461   Thumb Code    18  stm32f10x_rcc.o(i.RCC_ADCCLKConfig)
    RCC_AHBPeriphClockCmd                    0x08007479   Thumb Code    26  stm32f10x_rcc.o(i.RCC_AHBPeriphClockCmd)
    RCC_APB1PeriphClockCmd                   0x08007499   Thumb Code    26  stm32f10x_rcc.o(i.RCC_APB1PeriphClockCmd)
    RCC_APB2PeriphClockCmd                   0x080074b9   Thumb Code    26  stm32f10x_rcc.o(i.RCC_APB2PeriphClockCmd)
    RCC_APB2PeriphResetCmd                   0x080074d9   Thumb Code    26  stm32f10x_rcc.o(i.RCC_APB2PeriphResetCmd)
    RCC_GetClocksFreq                        0x080074f9   Thumb Code   192  stm32f10x_rcc.o(i.RCC_GetClocksFreq)
    SVC_Handler                              0x080075cd   Thumb Code     2  stm32f10x_it.o(i.SVC_Handler)
    SysTick_CLKSourceConfig                  0x080076b9   Thumb Code    40  misc.o(i.SysTick_CLKSourceConfig)
    SysTick_Handler                          0x080076e1   Thumb Code     2  stm32f10x_it.o(i.SysTick_Handler)
    SystemInit                               0x080076e5   Thumb Code    78  system_stm32f10x.o(i.SystemInit)
    TIM4_IRQHandler                          0x08007745   Thumb Code    50  usmart.o(i.TIM4_IRQHandler)
    TIM_Cmd                                  0x08007781   Thumb Code    24  stm32f10x_tim.o(i.TIM_Cmd)
    TIM_ITConfig                             0x08007799   Thumb Code    18  stm32f10x_tim.o(i.TIM_ITConfig)
    TIM_TimeBaseInit                         0x080077ad   Thumb Code   122  stm32f10x_tim.o(i.TIM_TimeBaseInit)
    TP_Adj_Info_Show                         0x08007851   Thumb Code   376  touch.o(i.TP_Adj_Info_Show)
    TP_Adjust                                0x080079f9   Thumb Code  1234  touch.o(i.TP_Adjust)
    TP_Drow_Touch_Point                      0x08007ef9   Thumb Code   108  touch.o(i.TP_Drow_Touch_Point)
    TP_Get_Adjdata                           0x08007f69   Thumb Code   152  touch.o(i.TP_Get_Adjdata)
    TP_Init                                  0x08008011   Thumb Code   248  touch.o(i.TP_Init)
    TP_Read_AD                               0x08008121   Thumb Code   126  touch.o(i.TP_Read_AD)
    TP_Read_XOY                              0x080081a9   Thumb Code   120  touch.o(i.TP_Read_XOY)
    TP_Read_XY                               0x08008221   Thumb Code    38  touch.o(i.TP_Read_XY)
    TP_Read_XY2                              0x08008251   Thumb Code   192  touch.o(i.TP_Read_XY2)
    TP_Save_Adjdata                          0x08008311   Thumb Code   110  touch.o(i.TP_Save_Adjdata)
    TP_Scan                                  0x08008389   Thumb Code   262  touch.o(i.TP_Scan)
    TP_Write_Byte                            0x08008499   Thumb Code    56  touch.o(i.TP_Write_Byte)
    Timer4_Init                              0x080084d9   Thumb Code    88  usmart.o(i.Timer4_Init)
    USART1_IRQHandler                        0x08008535   Thumb Code   122  usart.o(i.USART1_IRQHandler)
    USART_Cmd                                0x080085bd   Thumb Code    24  stm32f10x_usart.o(i.USART_Cmd)
    USART_GetITStatus                        0x080085d5   Thumb Code    84  stm32f10x_usart.o(i.USART_GetITStatus)
    USART_ITConfig                           0x08008629   Thumb Code    74  stm32f10x_usart.o(i.USART_ITConfig)
    USART_Init                               0x08008675   Thumb Code   210  stm32f10x_usart.o(i.USART_Init)
    USART_ReceiveData                        0x0800874d   Thumb Code    10  stm32f10x_usart.o(i.USART_ReceiveData)
    UsageFault_Handler                       0x08008757   Thumb Code     4  stm32f10x_it.o(i.UsageFault_Handler)
    _is_digit                                0x0800875b   Thumb Code    14  __printf_wp.o(i._is_digit)
    _sys_exit                                0x08008769   Thumb Code     6  usart.o(i._sys_exit)
    delay_init                               0x08008771   Thumb Code    50  delay.o(i.delay_init)
    delay_ms                                 0x080087b5   Thumb Code    72  delay.o(i.delay_ms)
    delay_us                                 0x08008801   Thumb Code    72  delay.o(i.delay_us)
    fputc                                    0x0800884d   Thumb Code    24  usart.o(i.fputc)
    main                                     0x08008869   Thumb Code    40  main.o(i.main)
    opt_delay                                0x08008899   Thumb Code    14  lcd.o(i.opt_delay)
    read_addr                                0x080088a7   Thumb Code     6  usmart.o(i.read_addr)
    sqrt                                     0x080088ad   Thumb Code    76  sqrt.o(i.sqrt)
    uart_init                                0x080088f9   Thumb Code   152  usart.o(i.uart_init)
    usmart_cmd_rec                           0x08008999   Thumb Code   170  usmart.o(i.usmart_cmd_rec)
    usmart_exe                               0x08008a49   Thumb Code   634  usmart.o(i.usmart_exe)
    usmart_get_aparm                         0x08008d21   Thumb Code   200  usmart_str.o(i.usmart_get_aparm)
    usmart_get_cmdname                       0x08008de9   Thumb Code    54  usmart_str.o(i.usmart_get_cmdname)
    usmart_get_fname                         0x08008e21   Thumb Code   440  usmart_str.o(i.usmart_get_fname)
    usmart_get_fparam                        0x08008fe1   Thumb Code   262  usmart_str.o(i.usmart_get_fparam)
    usmart_get_parmpos                       0x080090ed   Thumb Code    26  usmart_str.o(i.usmart_get_parmpos)
    usmart_get_runtime                       0x0800910d   Thumb Code    56  usmart.o(i.usmart_get_runtime)
    usmart_init                              0x0800914d   Thumb Code    36  usmart.o(i.usmart_init)
    usmart_pow                               0x08009175   Thumb Code    22  usmart_str.o(i.usmart_pow)
    usmart_reset_runtime                     0x0800918d   Thumb Code    38  usmart.o(i.usmart_reset_runtime)
    usmart_scan                              0x080091bd   Thumb Code   120  usmart.o(i.usmart_scan)
    usmart_search_nextc                      0x08009279   Thumb Code    22  usmart_str.o(i.usmart_search_nextc)
    usmart_str2num                           0x0800928f   Thumb Code   202  usmart_str.o(i.usmart_str2num)
    usmart_strcmp                            0x08009359   Thumb Code    34  usmart_str.o(i.usmart_strcmp)
    usmart_strcopy                           0x0800937b   Thumb Code    22  usmart_str.o(i.usmart_strcopy)
    usmart_strlen                            0x08009391   Thumb Code    24  usmart_str.o(i.usmart_strlen)
    usmart_sys_cmd_exe                       0x080093a9   Thumb Code  1554  usmart.o(i.usmart_sys_cmd_exe)
    write_addr                               0x08009a8d   Thumb Code     4  usmart.o(i.write_addr)
    __aeabi_dadd                             0x08009a91   Thumb Code     0  daddsub_clz.o(x$fpl$dadd)
    _dadd                                    0x08009a91   Thumb Code   332  daddsub_clz.o(x$fpl$dadd)
    __fpl_dcmp_Inf                           0x08009be1   Thumb Code    24  dcmpi.o(x$fpl$dcmpinf)
    __aeabi_d2uiz                            0x08009bf9   Thumb Code     0  dfixu.o(x$fpl$dfixu)
    _dfixu                                   0x08009bf9   Thumb Code    90  dfixu.o(x$fpl$dfixu)
    __aeabi_i2d                              0x08009c53   Thumb Code     0  dflt_clz.o(x$fpl$dflt)
    _dflt                                    0x08009c53   Thumb Code    46  dflt_clz.o(x$fpl$dflt)
    __aeabi_ui2d                             0x08009c81   Thumb Code     0  dflt_clz.o(x$fpl$dfltu)
    _dfltu                                   0x08009c81   Thumb Code    38  dflt_clz.o(x$fpl$dfltu)
    __aeabi_cdcmple                          0x08009ca9   Thumb Code     0  dleqf.o(x$fpl$dleqf)
    _dcmple                                  0x08009ca9   Thumb Code   120  dleqf.o(x$fpl$dleqf)
    __fpl_dcmple_InfNaN                      0x08009d0b   Thumb Code     0  dleqf.o(x$fpl$dleqf)
    __aeabi_dmul                             0x08009d21   Thumb Code     0  dmul.o(x$fpl$dmul)
    _dmul                                    0x08009d21   Thumb Code   332  dmul.o(x$fpl$dmul)
    __fpl_dnaninf                            0x08009e75   Thumb Code   156  dnaninf.o(x$fpl$dnaninf)
    __fpl_dretinf                            0x08009f11   Thumb Code    12  dretinf.o(x$fpl$dretinf)
    __aeabi_cdrcmple                         0x08009f1d   Thumb Code     0  drleqf.o(x$fpl$drleqf)
    _drcmple                                 0x08009f1d   Thumb Code   108  drleqf.o(x$fpl$drleqf)
    __aeabi_drsub                            0x08009f89   Thumb Code     0  daddsub_clz.o(x$fpl$drsb)
    _drsb                                    0x08009f89   Thumb Code    22  daddsub_clz.o(x$fpl$drsb)
    _dsqrt                                   0x08009fa1   Thumb Code   456  dsqrt_noumaal.o(x$fpl$dsqrt)
    __aeabi_dsub                             0x0800a16d   Thumb Code     0  daddsub_clz.o(x$fpl$dsub)
    _dsub                                    0x0800a16d   Thumb Code   464  daddsub_clz.o(x$fpl$dsub)
    __aeabi_f2d                              0x0800a341   Thumb Code     0  f2d.o(x$fpl$f2d)
    _f2d                                     0x0800a341   Thumb Code    86  f2d.o(x$fpl$f2d)
    __aeabi_fadd                             0x0800a399   Thumb Code     0  faddsub_clz.o(x$fpl$fadd)
    _fadd                                    0x0800a399   Thumb Code   196  faddsub_clz.o(x$fpl$fadd)
    __aeabi_fdiv                             0x0800a45d   Thumb Code     0  fdiv.o(x$fpl$fdiv)
    _fdiv                                    0x0800a45d   Thumb Code   384  fdiv.o(x$fpl$fdiv)
    __aeabi_f2iz                             0x0800a5e1   Thumb Code     0  ffix.o(x$fpl$ffix)
    _ffix                                    0x0800a5e1   Thumb Code    54  ffix.o(x$fpl$ffix)
    __aeabi_f2uiz                            0x0800a619   Thumb Code     0  ffixu.o(x$fpl$ffixu)
    _ffixu                                   0x0800a619   Thumb Code    62  ffixu.o(x$fpl$ffixu)
    __aeabi_i2f                              0x0800a659   Thumb Code     0  fflt_clz.o(x$fpl$fflt)
    _fflt                                    0x0800a659   Thumb Code    48  fflt_clz.o(x$fpl$fflt)
    __aeabi_ui2f                             0x0800a689   Thumb Code     0  fflt_clz.o(x$fpl$ffltu)
    _ffltu                                   0x0800a689   Thumb Code    38  fflt_clz.o(x$fpl$ffltu)
    __aeabi_fmul                             0x0800a6b1   Thumb Code     0  fmul.o(x$fpl$fmul)
    _fmul                                    0x0800a6b1   Thumb Code   258  fmul.o(x$fpl$fmul)
    __fpl_fnaninf                            0x0800a7b3   Thumb Code   140  fnaninf.o(x$fpl$fnaninf)
    __fpl_fretinf                            0x0800a83f   Thumb Code    10  fretinf.o(x$fpl$fretinf)
    __aeabi_fsub                             0x0800a849   Thumb Code     0  faddsub_clz.o(x$fpl$fsub)
    _fsub                                    0x0800a849   Thumb Code   234  faddsub_clz.o(x$fpl$fsub)
    __I$use$fp                               0x0800a932   Number         0  usenofp.o(x$fpl$usenofp)
    asc2_1206                                0x0800a932   Data        1140  lcd.o(.constdata)
    asc2_1608                                0x0800ada6   Data        1520  lcd.o(.constdata)
    asc2_2412                                0x0800b396   Data        3420  lcd.o(.constdata)
    OTT_TPX_TBL                              0x0800c0f2   Data          10  ott2001a.o(.constdata)
    TP_ADJDIS_TBL                            0x0800c0fc   Data          12  touch.o(.constdata)
    GT9147_CFG_TBL                           0x0800c108   Data         184  gt9147.o(.constdata)
    GT9147_TPX_TBL                           0x0800c1c0   Data          10  gt9147.o(.constdata)
    FT5206_TPX_TBL                           0x0800c1ca   Data          10  ft5206.o(.constdata)
    Region$$Table$$Base                      0x0800c540   Number         0  anon$$obj.o(Region$$Table)
    Region$$Table$$Limit                     0x0800c560   Number         0  anon$$obj.o(Region$$Table)
    SystemCoreClock                          0x20000000   Data           4  system_stm32f10x.o(.data)
    AHBPrescTable                            0x20000004   Data          16  system_stm32f10x.o(.data)
    POINT_COLOR                              0x20000014   Data           2  lcd.o(.data)
    BACK_COLOR                               0x20000016   Data           2  lcd.o(.data)
    tp_dev                                   0x2000001c   Data          52  touch.o(.data)
    CMD_RDX                                  0x20000050   Data           1  touch.o(.data)
    CMD_RDY                                  0x20000051   Data           1  touch.o(.data)
    TP_REMIND_MSG_TBL                        0x20000054   Data           4  touch.o(.data)
    __stdout                                 0x20000060   Data           4  usart.o(.data)
    USART_RX_STA                             0x20000064   Data           2  usart.o(.data)
    sys_cmd_tab                              0x20000068   Data          28  usmart.o(.data)
    usmart_nametab                           0x20000084   Data         120  usmart_config.o(.data)
    usmart_dev                               0x200000fc   Data         244  usmart_config.o(.data)
    lcddev                                   0x20000204   Data          14  lcd.o(.bss)
    USART_RX_BUF                             0x20000212   Data         200  usart.o(.bss)
    adc_buff                                 0x200002da   Data        1024  adc.o(.bss)
    __libspace_start                         0x200006dc   Data          96  libspace.o(.bss)
    __temporary_stack_top$libspace           0x2000073c   Data           0  libspace.o(.bss)



==============================================================================

Memory Map of the image

  Image Entry point : 0x08000131

  Load Region LR_IROM1 (Base: 0x08000000, Size: 0x0000c764, Max: 0x00040000, ABSOLUTE, COMPRESSED[0x0000c62c])

    Execution Region ER_IROM1 (Base: 0x08000000, Size: 0x0000c560, Max: 0x00040000, ABSOLUTE)

    Base Addr    Size         Type   Attr      Idx    E Section Name        Object

    0x08000000   0x00000130   Data   RO         1177    RESET               startup_stm32f10x_hd.o
    0x08000130   0x00000008   Code   RO         4264  * !!!main             c_w.l(__main.o)
    0x08000138   0x00000034   Code   RO         4513    !!!scatter          c_w.l(__scatter.o)
    0x0800016c   0x0000005a   Code   RO         4511    !!dczerorl2         c_w.l(__dczerorl2.o)
    0x080001c6   0x00000002   PAD
    0x080001c8   0x0000001c   Code   RO         4515    !!handler_zi        c_w.l(__scatter_zi.o)
    0x080001e4   0x00000000   Code   RO         4259    .ARM.Collect$$_printf_percent$$00000000  c_w.l(_printf_percent.o)
    0x080001e4   0x00000006   Code   RO         4257    .ARM.Collect$$_printf_percent$$00000009  c_w.l(_printf_d.o)
    0x080001ea   0x00000006   Code   RO         4258    .ARM.Collect$$_printf_percent$$0000000A  c_w.l(_printf_u.o)
    0x080001f0   0x00000006   Code   RO         4256    .ARM.Collect$$_printf_percent$$0000000C  c_w.l(_printf_x.o)
    0x080001f6   0x00000006   Code   RO         4254    .ARM.Collect$$_printf_percent$$00000013  c_w.l(_printf_c.o)
    0x080001fc   0x00000006   Code   RO         4255    .ARM.Collect$$_printf_percent$$00000014  c_w.l(_printf_s.o)
    0x08000202   0x00000004   Code   RO         4335    .ARM.Collect$$_printf_percent$$00000017  c_w.l(_printf_percent_end.o)
    0x08000206   0x00000002   Code   RO         4389    .ARM.Collect$$libinit$$00000000  c_w.l(libinit.o)
    0x08000208   0x00000000   Code   RO         4393    .ARM.Collect$$libinit$$00000002  c_w.l(libinit2.o)
    0x08000208   0x00000000   Code   RO         4395    .ARM.Collect$$libinit$$00000004  c_w.l(libinit2.o)
    0x08000208   0x00000000   Code   RO         4398    .ARM.Collect$$libinit$$0000000A  c_w.l(libinit2.o)
    0x08000208   0x00000000   Code   RO         4400    .ARM.Collect$$libinit$$0000000C  c_w.l(libinit2.o)
    0x08000208   0x00000000   Code   RO         4402    .ARM.Collect$$libinit$$0000000E  c_w.l(libinit2.o)
    0x08000208   0x00000000   Code   RO         4405    .ARM.Collect$$libinit$$00000011  c_w.l(libinit2.o)
    0x08000208   0x00000000   Code   RO         4407    .ARM.Collect$$libinit$$00000013  c_w.l(libinit2.o)
    0x08000208   0x00000000   Code   RO         4409    .ARM.Collect$$libinit$$00000015  c_w.l(libinit2.o)
    0x08000208   0x00000000   Code   RO         4411    .ARM.Collect$$libinit$$00000017  c_w.l(libinit2.o)
    0x08000208   0x00000000   Code   RO         4413    .ARM.Collect$$libinit$$00000019  c_w.l(libinit2.o)
    0x08000208   0x00000000   Code   RO         4415    .ARM.Collect$$libinit$$0000001B  c_w.l(libinit2.o)
    0x08000208   0x00000000   Code   RO         4417    .ARM.Collect$$libinit$$0000001D  c_w.l(libinit2.o)
    0x08000208   0x00000000   Code   RO         4419    .ARM.Collect$$libinit$$0000001F  c_w.l(libinit2.o)
    0x08000208   0x00000000   Code   RO         4421    .ARM.Collect$$libinit$$00000021  c_w.l(libinit2.o)
    0x08000208   0x00000000   Code   RO         4423    .ARM.Collect$$libinit$$00000023  c_w.l(libinit2.o)
    0x08000208   0x00000000   Code   RO         4425    .ARM.Collect$$libinit$$00000025  c_w.l(libinit2.o)
    0x08000208   0x00000000   Code   RO         4429    .ARM.Collect$$libinit$$0000002C  c_w.l(libinit2.o)
    0x08000208   0x00000000   Code   RO         4431    .ARM.Collect$$libinit$$0000002E  c_w.l(libinit2.o)
    0x08000208   0x00000000   Code   RO         4433    .ARM.Collect$$libinit$$00000030  c_w.l(libinit2.o)
    0x08000208   0x00000000   Code   RO         4435    .ARM.Collect$$libinit$$00000032  c_w.l(libinit2.o)
    0x08000208   0x00000002   Code   RO         4436    .ARM.Collect$$libinit$$00000033  c_w.l(libinit2.o)
    0x0800020a   0x00000002   Code   RO         4454    .ARM.Collect$$libshutdown$$00000000  c_w.l(libshutdown.o)
    0x0800020c   0x00000000   Code   RO         4465    .ARM.Collect$$libshutdown$$00000003  c_w.l(libshutdown2.o)
    0x0800020c   0x00000000   Code   RO         4468    .ARM.Collect$$libshutdown$$00000006  c_w.l(libshutdown2.o)
    0x0800020c   0x00000000   Code   RO         4471    .ARM.Collect$$libshutdown$$00000009  c_w.l(libshutdown2.o)
    0x0800020c   0x00000000   Code   RO         4473    .ARM.Collect$$libshutdown$$0000000B  c_w.l(libshutdown2.o)
    0x0800020c   0x00000000   Code   RO         4476    .ARM.Collect$$libshutdown$$0000000E  c_w.l(libshutdown2.o)
    0x0800020c   0x00000002   Code   RO         4477    .ARM.Collect$$libshutdown$$0000000F  c_w.l(libshutdown2.o)
    0x0800020e   0x00000000   Code   RO         4326    .ARM.Collect$$rtentry$$00000000  c_w.l(__rtentry.o)
    0x0800020e   0x00000000   Code   RO         4350    .ARM.Collect$$rtentry$$00000002  c_w.l(__rtentry2.o)
    0x0800020e   0x00000006   Code   RO         4362    .ARM.Collect$$rtentry$$00000004  c_w.l(__rtentry4.o)
    0x08000214   0x00000000   Code   RO         4352    .ARM.Collect$$rtentry$$00000009  c_w.l(__rtentry2.o)
    0x08000214   0x00000004   Code   RO         4353    .ARM.Collect$$rtentry$$0000000A  c_w.l(__rtentry2.o)
    0x08000218   0x00000000   Code   RO         4355    .ARM.Collect$$rtentry$$0000000C  c_w.l(__rtentry2.o)
    0x08000218   0x00000008   Code   RO         4356    .ARM.Collect$$rtentry$$0000000D  c_w.l(__rtentry2.o)
    0x08000220   0x00000002   Code   RO         4390    .ARM.Collect$$rtexit$$00000000  c_w.l(rtexit.o)
    0x08000222   0x00000000   Code   RO         4438    .ARM.Collect$$rtexit$$00000002  c_w.l(rtexit2.o)
    0x08000222   0x00000004   Code   RO         4439    .ARM.Collect$$rtexit$$00000003  c_w.l(rtexit2.o)
    0x08000226   0x00000006   Code   RO         4440    .ARM.Collect$$rtexit$$00000004  c_w.l(rtexit2.o)
    0x0800022c   0x00000040   Code   RO         1178    .text               startup_stm32f10x_hd.o
    0x0800026c   0x00000002   Code   RO         4199    .text               c_w.l(use_no_semi_2.o)
    0x0800026e   0x00000002   PAD
    0x08000270   0x00000018   Code   RO         4203    .text               c_w.l(noretval__2printf.o)
    0x08000288   0x0000004e   Code   RO         4207    .text               c_w.l(_printf_pad.o)
    0x080002d6   0x00000052   Code   RO         4209    .text               c_w.l(_printf_str.o)
    0x08000328   0x00000078   Code   RO         4211    .text               c_w.l(_printf_dec.o)
    0x080003a0   0x00000058   Code   RO         4216    .text               c_w.l(_printf_hex_int.o)
    0x080003f8   0x00000188   Code   RO         4251    .text               c_w.l(__printf_flags_ss_wp.o)
    0x08000580   0x00000080   Code   RO         4260    .text               c_w.l(strcmpv7m.o)
    0x08000600   0x00000006   Code   RO         4262    .text               c_w.l(heapauxi.o)
    0x08000606   0x00000002   Code   RO         4324    .text               c_w.l(use_no_semi.o)
    0x08000608   0x00000016   Code   RO         4327    .text               c_w.l(_rserrno.o)
    0x0800061e   0x000000b2   Code   RO         4329    .text               c_w.l(_printf_intcommon.o)
    0x080006d0   0x0000002c   Code   RO         4331    .text               c_w.l(_printf_char.o)
    0x080006fc   0x00000024   Code   RO         4333    .text               c_w.l(_printf_char_file.o)
    0x08000720   0x00000008   Code   RO         4367    .text               c_w.l(rt_errno_addr_intlibspace.o)
    0x08000728   0x00000030   Code   RO         4369    .text               c_w.l(_printf_char_common.o)
    0x08000758   0x00000008   Code   RO         4371    .text               c_w.l(ferror.o)
    0x08000760   0x00000008   Code   RO         4375    .text               c_w.l(libspace.o)
    0x08000768   0x0000004a   Code   RO         4378    .text               c_w.l(sys_stackheap_outer.o)
    0x080007b2   0x0000000c   Code   RO         4382    .text               c_w.l(exit.o)
    0x080007be   0x00000016   Code   RO         1718    i.ADC_Cmd           stm32f10x_adc.o
    0x080007d4   0x00000016   Code   RO         1719    i.ADC_DMACmd        stm32f10x_adc.o
    0x080007ea   0x00000002   PAD
    0x080007ec   0x0000005c   Code   RO         1720    i.ADC_DeInit        stm32f10x_adc.o
    0x08000848   0x00000014   Code   RO         1726    i.ADC_GetCalibrationStatus  stm32f10x_adc.o
    0x0800085c   0x00000014   Code   RO         1732    i.ADC_GetResetCalibrationStatus  stm32f10x_adc.o
    0x08000870   0x00000050   Code   RO         1736    i.ADC_Init          stm32f10x_adc.o
    0x080008c0   0x0000000a   Code   RO         1741    i.ADC_ResetCalibration  stm32f10x_adc.o
    0x080008ca   0x00000016   Code   RO         1743    i.ADC_SoftwareStartConvCmd  stm32f10x_adc.o
    0x080008e0   0x0000000a   Code   RO         1745    i.ADC_StartCalibration  stm32f10x_adc.o
    0x080008ea   0x00000008   Code   RO          521    i.AT24CXX_Init      24cxx.o
    0x080008f2   0x0000002c   Code   RO          523    i.AT24CXX_ReadLenByte  24cxx.o
    0x0800091e   0x00000058   Code   RO          524    i.AT24CXX_ReadOneByte  24cxx.o
    0x08000976   0x0000002a   Code   RO          526    i.AT24CXX_WriteLenByte  24cxx.o
    0x080009a0   0x00000050   Code   RO          527    i.AT24CXX_WriteOneByte  24cxx.o
    0x080009f0   0x000000a4   Code   RO         1129    i.Adc_Init          adc.o
    0x08000a94   0x00000004   Code   RO          111    i.BusFault_Handler  stm32f10x_it.o
    0x08000a98   0x0000000a   Code   RO          574    i.CT_Delay          ctiic.o
    0x08000aa2   0x00000002   PAD
    0x08000aa4   0x0000004c   Code   RO          575    i.CT_IIC_Ack        ctiic.o
    0x08000af0   0x00000048   Code   RO          576    i.CT_IIC_Init       ctiic.o
    0x08000b38   0x0000004c   Code   RO          577    i.CT_IIC_NAck       ctiic.o
    0x08000b84   0x00000068   Code   RO          578    i.CT_IIC_Read_Byte  ctiic.o
    0x08000bec   0x0000005c   Code   RO          579    i.CT_IIC_Send_Byte  ctiic.o
    0x08000c48   0x00000048   Code   RO          580    i.CT_IIC_Start      ctiic.o
    0x08000c90   0x00000048   Code   RO          581    i.CT_IIC_Stop       ctiic.o
    0x08000cd8   0x00000064   Code   RO          582    i.CT_IIC_Wait_Ack   ctiic.o
    0x08000d3c   0x00000018   Code   RO         2421    i.DMA_Cmd           stm32f10x_dma.o
    0x08000d54   0x0000014c   Code   RO         2422    i.DMA_DeInit        stm32f10x_dma.o
    0x08000ea0   0x0000003c   Code   RO         2427    i.DMA_Init          stm32f10x_dma.o
    0x08000edc   0x00000064   Code   RO         1130    i.DMA_init          adc.o
    0x08000f40   0x00000002   Code   RO          112    i.DebugMon_Handler  stm32f10x_it.o
    0x08000f42   0x00000002   PAD
    0x08000f44   0x000000f0   Code   RO          816    i.FT5206_Init       ft5206.o
    0x08001034   0x00000058   Code   RO          817    i.FT5206_RD_Reg     ft5206.o
    0x0800108c   0x0000019c   Code   RO          818    i.FT5206_Scan       ft5206.o
    0x08001228   0x00000052   Code   RO          819    i.FT5206_WR_Reg     ft5206.o
    0x0800127a   0x00000116   Code   RO         1188    i.GPIO_Init         stm32f10x_gpio.o
    0x08001390   0x00000090   Code   RO         1190    i.GPIO_PinRemapConfig  stm32f10x_gpio.o
    0x08001420   0x00000004   Code   RO         1195    i.GPIO_ResetBits    stm32f10x_gpio.o
    0x08001424   0x00000004   Code   RO         1196    i.GPIO_SetBits      stm32f10x_gpio.o
    0x08001428   0x00000128   Code   RO          773    i.GT9147_Init       gt9147.o
    0x08001550   0x00000062   Code   RO          774    i.GT9147_RD_Reg     gt9147.o
    0x080015b2   0x00000002   PAD
    0x080015b4   0x000001a4   Code   RO          775    i.GT9147_Scan       gt9147.o
    0x08001758   0x0000005c   Code   RO          776    i.GT9147_Send_Cfg   gt9147.o
    0x080017b4   0x0000005c   Code   RO          777    i.GT9147_WR_Reg     gt9147.o
    0x08001810   0x00000198   Code   RO          946    i.GUI_draw          gui.o
    0x080019a8   0x00000004   Code   RO          113    i.HardFault_Handler  stm32f10x_it.o
    0x080019ac   0x00000050   Code   RO          466    i.IIC_Ack           myiic.o
    0x080019fc   0x00000040   Code   RO          467    i.IIC_Init          myiic.o
    0x08001a3c   0x00000050   Code   RO          468    i.IIC_NAck          myiic.o
    0x08001a8c   0x00000070   Code   RO          469    i.IIC_Read_Byte     myiic.o
    0x08001afc   0x00000068   Code   RO          470    i.IIC_Send_Byte     myiic.o
    0x08001b64   0x0000004c   Code   RO          471    i.IIC_Start         myiic.o
    0x08001bb0   0x0000004c   Code   RO          472    i.IIC_Stop          myiic.o
    0x08001bfc   0x00000064   Code   RO          473    i.IIC_Wait_Ack      myiic.o
    0x08001c60   0x00000034   Code   RO            1    i.Inits             main.o
    0x08001c94   0x00000060   Code   RO          447    i.KEY_Init          key.o
    0x08001cf4   0x0000001a   Code   RO          237    i.LCD_BGR2RGB       lcd.o
    0x08001d0e   0x00000002   PAD
    0x08001d10   0x00000088   Code   RO          238    i.LCD_Clear         lcd.o
    0x08001d98   0x000001c0   Code   RO          242    i.LCD_Display_Dir   lcd.o
    0x08001f58   0x000000b0   Code   RO          243    i.LCD_DrawLine      lcd.o
    0x08002008   0x00000040   Code   RO          244    i.LCD_DrawPoint     lcd.o
    0x08002048   0x0000003c   Code   RO          245    i.LCD_DrawRectangle  lcd.o
    0x08002084   0x00000098   Code   RO          246    i.LCD_Draw_Circle   lcd.o
    0x0800211c   0x00000364   Code   RO          247    i.LCD_Fast_DrawPoint  lcd.o
    0x08002480   0x000000d4   Code   RO          248    i.LCD_Fill          lcd.o
    0x08002554   0x00003bbc   Code   RO          249    i.LCD_Init          lcd.o
    0x08006110   0x00000016   Code   RO          250    i.LCD_Pow           lcd.o
    0x08006126   0x00000002   PAD
    0x08006128   0x00000070   Code   RO          251    i.LCD_RD_DATA       lcd.o
    0x08006198   0x00000208   Code   RO          252    i.LCD_ReadPoint     lcd.o
    0x080063a0   0x00000010   Code   RO          253    i.LCD_ReadReg       lcd.o
    0x080063b0   0x000000d4   Code   RO          254    i.LCD_SSD_BackLightSet  lcd.o
    0x08006484   0x00000458   Code   RO          255    i.LCD_Scan_Dir      lcd.o
    0x080068dc   0x000003bc   Code   RO          256    i.LCD_SetCursor     lcd.o
    0x08006c98   0x00000128   Code   RO          258    i.LCD_ShowChar      lcd.o
    0x08006dc0   0x00000094   Code   RO          259    i.LCD_ShowNum       lcd.o
    0x08006e54   0x00000066   Code   RO          260    i.LCD_ShowString    lcd.o
    0x08006eba   0x000000be   Code   RO          261    i.LCD_ShowxNum      lcd.o
    0x08006f78   0x00000024   Code   RO          262    i.LCD_WR_DATAX      lcd.o
    0x08006f9c   0x00000024   Code   RO          263    i.LCD_WR_REG        lcd.o
    0x08006fc0   0x00000010   Code   RO          265    i.LCD_WriteRAM_Prepare  lcd.o
    0x08006fd0   0x00000030   Code   RO          266    i.LCD_WriteReg      lcd.o
    0x08007000   0x00000050   Code   RO          225    i.LED_Init          led.o
    0x08007050   0x00000004   Code   RO          114    i.MemManage_Handler  stm32f10x_it.o
    0x08007054   0x00000010   Code   RO            2    i.Mouse_display     main.o
    0x08007064   0x00000002   Code   RO          115    i.NMI_Handler       stm32f10x_it.o
    0x08007066   0x00000002   PAD
    0x08007068   0x00000070   Code   RO         1676    i.NVIC_Init         misc.o
    0x080070d8   0x00000014   Code   RO         1677    i.NVIC_PriorityGroupConfig  misc.o
    0x080070ec   0x000000b4   Code   RO          637    i.OTT2001A_Init     ott2001a.o
    0x080071a0   0x00000062   Code   RO          638    i.OTT2001A_RD_Reg   ott2001a.o
    0x08007202   0x00000002   PAD
    0x08007204   0x000001e0   Code   RO          639    i.OTT2001A_Scan     ott2001a.o
    0x080073e4   0x0000001c   Code   RO          640    i.OTT2001A_SensorControl  ott2001a.o
    0x08007400   0x0000005c   Code   RO          641    i.OTT2001A_WR_Reg   ott2001a.o
    0x0800745c   0x00000002   Code   RO          116    i.PendSV_Handler    stm32f10x_it.o
    0x0800745e   0x00000002   PAD
    0x08007460   0x00000018   Code   RO         1296    i.RCC_ADCCLKConfig  stm32f10x_rcc.o
    0x08007478   0x00000020   Code   RO         1297    i.RCC_AHBPeriphClockCmd  stm32f10x_rcc.o
    0x08007498   0x00000020   Code   RO         1298    i.RCC_APB1PeriphClockCmd  stm32f10x_rcc.o
    0x080074b8   0x00000020   Code   RO         1300    i.RCC_APB2PeriphClockCmd  stm32f10x_rcc.o
    0x080074d8   0x00000020   Code   RO         1301    i.RCC_APB2PeriphResetCmd  stm32f10x_rcc.o
    0x080074f8   0x000000d4   Code   RO         1308    i.RCC_GetClocksFreq  stm32f10x_rcc.o
    0x080075cc   0x00000002   Code   RO          117    i.SVC_Handler       stm32f10x_it.o
    0x080075ce   0x00000008   Code   RO          191    i.SetSysClock       system_stm32f10x.o
    0x080075d6   0x00000002   PAD
    0x080075d8   0x000000e0   Code   RO          192    i.SetSysClockTo72   system_stm32f10x.o
    0x080076b8   0x00000028   Code   RO         1680    i.SysTick_CLKSourceConfig  misc.o
    0x080076e0   0x00000002   Code   RO          118    i.SysTick_Handler   stm32f10x_it.o
    0x080076e2   0x00000002   PAD
    0x080076e4   0x00000060   Code   RO          194    i.SystemInit        system_stm32f10x.o
    0x08007744   0x0000003c   Code   RO          958    i.TIM4_IRQHandler   usmart.o
    0x08007780   0x00000018   Code   RO         3608    i.TIM_Cmd           stm32f10x_tim.o
    0x08007798   0x00000012   Code   RO         3633    i.TIM_ITConfig      stm32f10x_tim.o
    0x080077aa   0x00000002   PAD
    0x080077ac   0x000000a4   Code   RO         3679    i.TIM_TimeBaseInit  stm32f10x_tim.o
    0x08007850   0x000001a8   Code   RO          677    i.TP_Adj_Info_Show  touch.o
    0x080079f8   0x00000500   Code   RO          678    i.TP_Adjust         touch.o
    0x08007ef8   0x00000070   Code   RO          680    i.TP_Drow_Touch_Point  touch.o
    0x08007f68   0x000000a8   Code   RO          681    i.TP_Get_Adjdata    touch.o
    0x08008010   0x00000110   Code   RO          682    i.TP_Init           touch.o
    0x08008120   0x00000088   Code   RO          683    i.TP_Read_AD        touch.o
    0x080081a8   0x00000078   Code   RO          684    i.TP_Read_XOY       touch.o
    0x08008220   0x00000030   Code   RO          685    i.TP_Read_XY        touch.o
    0x08008250   0x000000c0   Code   RO          686    i.TP_Read_XY2       touch.o
    0x08008310   0x00000078   Code   RO          687    i.TP_Save_Adjdata   touch.o
    0x08008388   0x00000110   Code   RO          688    i.TP_Scan           touch.o
    0x08008498   0x00000040   Code   RO          689    i.TP_Write_Byte     touch.o
    0x080084d8   0x0000005c   Code   RO          959    i.Timer4_Init       usmart.o
    0x08008534   0x00000088   Code   RO          905    i.USART1_IRQHandler  usart.o
    0x080085bc   0x00000018   Code   RO         1500    i.USART_Cmd         stm32f10x_usart.o
    0x080085d4   0x00000054   Code   RO         1504    i.USART_GetITStatus  stm32f10x_usart.o
    0x08008628   0x0000004a   Code   RO         1506    i.USART_ITConfig    stm32f10x_usart.o
    0x08008672   0x00000002   PAD
    0x08008674   0x000000d8   Code   RO         1507    i.USART_Init        stm32f10x_usart.o
    0x0800874c   0x0000000a   Code   RO         1514    i.USART_ReceiveData  stm32f10x_usart.o
    0x08008756   0x00000004   Code   RO          119    i.UsageFault_Handler  stm32f10x_it.o
    0x0800875a   0x0000000e   Code   RO         4244    i._is_digit         c_w.l(__printf_wp.o)
    0x08008768   0x00000006   Code   RO          906    i._sys_exit         usart.o
    0x0800876e   0x00000002   PAD
    0x08008770   0x00000044   Code   RO          850    i.delay_init        delay.o
    0x080087b4   0x0000004c   Code   RO          851    i.delay_ms          delay.o
    0x08008800   0x0000004c   Code   RO          852    i.delay_us          delay.o
    0x0800884c   0x0000001c   Code   RO          907    i.fputc             usart.o
    0x08008868   0x00000030   Code   RO            3    i.main              main.o
    0x08008898   0x0000000e   Code   RO          267    i.opt_delay         lcd.o
    0x080088a6   0x00000006   Code   RO          960    i.read_addr         usmart.o
    0x080088ac   0x0000004c   Code   RO         4317    i.sqrt              m_ws.l(sqrt.o)
    0x080088f8   0x000000a0   Code   RO          908    i.uart_init         usart.o
    0x08008998   0x000000b0   Code   RO          961    i.usmart_cmd_rec    usmart.o
    0x08008a48   0x000002d8   Code   RO          962    i.usmart_exe        usmart.o
    0x08008d20   0x000000c8   Code   RO         1057    i.usmart_get_aparm  usmart_str.o
    0x08008de8   0x00000036   Code   RO         1058    i.usmart_get_cmdname  usmart_str.o
    0x08008e1e   0x00000002   PAD
    0x08008e20   0x000001c0   Code   RO         1059    i.usmart_get_fname  usmart_str.o
    0x08008fe0   0x0000010c   Code   RO         1060    i.usmart_get_fparam  usmart_str.o
    0x080090ec   0x00000020   Code   RO         1061    i.usmart_get_parmpos  usmart_str.o
    0x0800910c   0x00000040   Code   RO          963    i.usmart_get_runtime  usmart.o
    0x0800914c   0x00000028   Code   RO          964    i.usmart_init       usmart.o
    0x08009174   0x00000016   Code   RO         1062    i.usmart_pow        usmart_str.o
    0x0800918a   0x00000002   PAD
    0x0800918c   0x00000030   Code   RO          965    i.usmart_reset_runtime  usmart.o
    0x080091bc   0x000000bc   Code   RO          966    i.usmart_scan       usmart.o
    0x08009278   0x00000016   Code   RO         1063    i.usmart_search_nextc  usmart_str.o
    0x0800928e   0x000000ca   Code   RO         1064    i.usmart_str2num    usmart_str.o
    0x08009358   0x00000022   Code   RO         1065    i.usmart_strcmp     usmart_str.o
    0x0800937a   0x00000016   Code   RO         1066    i.usmart_strcopy    usmart_str.o
    0x08009390   0x00000018   Code   RO         1067    i.usmart_strlen     usmart_str.o
    0x080093a8   0x000006e4   Code   RO          967    i.usmart_sys_cmd_exe  usmart.o
    0x08009a8c   0x00000004   Code   RO          968    i.write_addr        usmart.o
    0x08009a90   0x00000150   Code   RO         4266    x$fpl$dadd          fz_ws.l(daddsub_clz.o)
    0x08009be0   0x00000018   Code   RO         4336    x$fpl$dcmpinf       fz_ws.l(dcmpi.o)
    0x08009bf8   0x0000005a   Code   RO         4272    x$fpl$dfixu         fz_ws.l(dfixu.o)
    0x08009c52   0x0000002e   Code   RO         4277    x$fpl$dflt          fz_ws.l(dflt_clz.o)
    0x08009c80   0x00000026   Code   RO         4276    x$fpl$dfltu         fz_ws.l(dflt_clz.o)
    0x08009ca6   0x00000002   PAD
    0x08009ca8   0x00000078   Code   RO         4282    x$fpl$dleqf         fz_ws.l(dleqf.o)
    0x08009d20   0x00000154   Code   RO         4284    x$fpl$dmul          fz_ws.l(dmul.o)
    0x08009e74   0x0000009c   Code   RO         4338    x$fpl$dnaninf       fz_ws.l(dnaninf.o)
    0x08009f10   0x0000000c   Code   RO         4340    x$fpl$dretinf       fz_ws.l(dretinf.o)
    0x08009f1c   0x0000006c   Code   RO         4286    x$fpl$drleqf        fz_ws.l(drleqf.o)
    0x08009f88   0x00000016   Code   RO         4267    x$fpl$drsb          fz_ws.l(daddsub_clz.o)
    0x08009f9e   0x00000002   PAD
    0x08009fa0   0x000001cc   Code   RO         4342    x$fpl$dsqrt         fz_ws.l(dsqrt_noumaal.o)
    0x0800a16c   0x000001d4   Code   RO         4268    x$fpl$dsub          fz_ws.l(daddsub_clz.o)
    0x0800a340   0x00000056   Code   RO         4288    x$fpl$f2d           fz_ws.l(f2d.o)
    0x0800a396   0x00000002   PAD
    0x0800a398   0x000000c4   Code   RO         4290    x$fpl$fadd          fz_ws.l(faddsub_clz.o)
    0x0800a45c   0x00000184   Code   RO         4297    x$fpl$fdiv          fz_ws.l(fdiv.o)
    0x0800a5e0   0x00000036   Code   RO         4300    x$fpl$ffix          fz_ws.l(ffix.o)
    0x0800a616   0x00000002   PAD
    0x0800a618   0x0000003e   Code   RO         4304    x$fpl$ffixu         fz_ws.l(ffixu.o)
    0x0800a656   0x00000002   PAD
    0x0800a658   0x00000030   Code   RO         4309    x$fpl$fflt          fz_ws.l(fflt_clz.o)
    0x0800a688   0x00000026   Code   RO         4308    x$fpl$ffltu         fz_ws.l(fflt_clz.o)
    0x0800a6ae   0x00000002   PAD
    0x0800a6b0   0x00000102   Code   RO         4314    x$fpl$fmul          fz_ws.l(fmul.o)
    0x0800a7b2   0x0000008c   Code   RO         4344    x$fpl$fnaninf       fz_ws.l(fnaninf.o)
    0x0800a83e   0x0000000a   Code   RO         4346    x$fpl$fretinf       fz_ws.l(fretinf.o)
    0x0800a848   0x000000ea   Code   RO         4292    x$fpl$fsub          fz_ws.l(faddsub_clz.o)
    0x0800a932   0x00000000   Code   RO         4348    x$fpl$usenofp       fz_ws.l(usenofp.o)
    0x0800a932   0x000017c0   Data   RO          269    .constdata          lcd.o
    0x0800c0f2   0x0000000a   Data   RO          642    .constdata          ott2001a.o
    0x0800c0fc   0x0000000c   Data   RO          690    .constdata          touch.o
    0x0800c108   0x000000c2   Data   RO          778    .constdata          gt9147.o
    0x0800c1ca   0x0000000a   Data   RO          820    .constdata          ft5206.o
    0x0800c1d4   0x00000028   Data   RO         4217    .constdata          c_w.l(_printf_hex_int.o)
    0x0800c1fc   0x00000011   Data   RO         4252    .constdata          c_w.l(__printf_flags_ss_wp.o)
    0x0800c20d   0x00000003   PAD
    0x0800c210   0x00000079   Data   RO          691    .conststring        touch.o
    0x0800c289   0x00000003   PAD
    0x0800c28c   0x00000028   Data   RO          969    .conststring        usmart.o
    0x0800c2b4   0x0000028b   Data   RO         1044    .conststring        usmart_config.o
    0x0800c53f   0x00000001   PAD
    0x0800c540   0x00000020   Data   RO         4509    Region$$Table       anon$$obj.o


    Execution Region RW_IRAM1 (Base: 0x20000000, Size: 0x00000d40, Max: 0x0000c000, ABSOLUTE, COMPRESSED[0x000000cc])

    Base Addr    Size         Type   Attr      Idx    E Section Name        Object

    0x20000000   0x00000014   Data   RW          195    .data               system_stm32f10x.o
    0x20000014   0x00000004   Data   RW          270    .data               lcd.o
    0x20000018   0x00000001   Data   RW          643    .data               ott2001a.o
    0x20000019   0x00000003   PAD
    0x2000001c   0x0000003c   Data   RW          692    .data               touch.o
    0x20000058   0x00000001   Data   RW          779    .data               gt9147.o
    0x20000059   0x00000001   Data   RW          821    .data               ft5206.o
    0x2000005a   0x00000004   Data   RW          853    .data               delay.o
    0x2000005e   0x00000002   PAD
    0x20000060   0x00000006   Data   RW          910    .data               usart.o
    0x20000066   0x00000002   PAD
    0x20000068   0x0000001c   Data   RW          970    .data               usmart.o
    0x20000084   0x0000016c   Data   RW         1045    .data               usmart_config.o
    0x200001f0   0x00000014   Data   RW         1328    .data               stm32f10x_rcc.o
    0x20000204   0x0000000e   Zero   RW          268    .bss                lcd.o
    0x20000212   0x000000c8   Zero   RW          909    .bss                usart.o
    0x200002da   0x00000400   Zero   RW         1133    .bss                adc.o
    0x200006da   0x00000002   PAD
    0x200006dc   0x00000060   Zero   RW         4376    .bss                c_w.l(libspace.o)
    0x2000073c   0x00000004   PAD
    0x20000740   0x00000200   Zero   RW         1176    HEAP                startup_stm32f10x_hd.o
    0x20000940   0x00000400   Zero   RW         1175    STACK               startup_stm32f10x_hd.o


==============================================================================

Image component sizes


      Code (inc. data)   RO Data    RW Data    ZI Data      Debug   Object Name

       262          0          0          0          0       2833   24cxx.o
       264         24          0          0       1024      10765   adc.o
       674        100          0          0          0       4493   ctiic.o
       220         26          0          4          0       1619   delay.o
       822         38         10          1          0       3381   ft5206.o
       998         72        194          1          0       4094   gt9147.o
       408         86          0          0          0        491   gui.o
        96         14          0          0          0        495   key.o
     21270        278       6080          4         14      29601   lcd.o
        80          8          0          0          0        479   led.o
       116         14          0          0          0     243391   main.o
       172         22          0          0          0       1977   misc.o
       692        108          0          0          0       4046   myiic.o
       878         58         10          1          0       3875   ott2001a.o
        64         26        304          0       1536        784   startup_stm32f10x_hd.o
       298         24          0          0          0       6859   stm32f10x_adc.o
       416          8          0          0          0       3334   stm32f10x_dma.o
       430          6          0          0          0       3750   stm32f10x_gpio.o
        26          0          0          0          0       3522   stm32f10x_it.o
       364         50          0         20          0       5942   stm32f10x_rcc.o
       206         42          0          0          0       2240   stm32f10x_tim.o
       408          6          0          0          0       4830   stm32f10x_usart.o
         0          0          0          0          0         32   sys.o
       328         28          0         20          0       1985   system_stm32f10x.o
      3208        244        133         60          0       9739   touch.o
       330         26          0          6        200       4000   usart.o
      3170       1332         40         28          0      27782   usmart.o
         0          0        651        364          0       1596   usmart_config.o
      1328         20          0          0          0       8225   usmart_str.o

    ----------------------------------------------------------------------
     37560       2660       7458        516       2776     396160   Object Totals
         0          0         32          0          0          0   (incl. Generated)
        32          0          4          7          2          0   (incl. Padding)

    ----------------------------------------------------------------------

      Code (inc. data)   RO Data    RW Data    ZI Data      Debug   Library Member Name

        90          0          0          0          0          0   __dczerorl2.o
         8          0          0          0          0         68   __main.o
       392          4         17          0          0         92   __printf_flags_ss_wp.o
        14          0          0          0          0         68   __printf_wp.o
         0          0          0          0          0          0   __rtentry.o
        12          0          0          0          0          0   __rtentry2.o
         6          0          0          0          0          0   __rtentry4.o
        52          8          0          0          0          0   __scatter.o
        28          0          0          0          0          0   __scatter_zi.o
         6          0          0          0          0          0   _printf_c.o
        44          0          0          0          0        108   _printf_char.o
        48          6          0          0          0         96   _printf_char_common.o
        36          4          0          0          0         80   _printf_char_file.o
         6          0          0          0          0          0   _printf_d.o
       120         16          0          0          0         92   _printf_dec.o
        88          4         40          0          0         88   _printf_hex_int.o
       178          0          0          0          0         88   _printf_intcommon.o
        78          0          0          0          0        108   _printf_pad.o
         0          0          0          0          0          0   _printf_percent.o
         4          0          0          0          0          0   _printf_percent_end.o
         6          0          0          0          0          0   _printf_s.o
        82          0          0          0          0         80   _printf_str.o
         6          0          0          0          0          0   _printf_u.o
         6          0          0          0          0          0   _printf_x.o
        22          0          0          0          0        100   _rserrno.o
        12          0          0          0          0         72   exit.o
         8          0          0          0          0         68   ferror.o
         6          0          0          0          0        152   heapauxi.o
         2          0          0          0          0          0   libinit.o
         2          0          0          0          0          0   libinit2.o
         2          0          0          0          0          0   libshutdown.o
         2          0          0          0          0          0   libshutdown2.o
         8          4          0          0         96         68   libspace.o
        24          4          0          0          0         84   noretval__2printf.o
         8          4          0          0          0         68   rt_errno_addr_intlibspace.o
         2          0          0          0          0          0   rtexit.o
        10          0          0          0          0          0   rtexit2.o
       128          0          0          0          0         68   strcmpv7m.o
        74          0          0          0          0         80   sys_stackheap_outer.o
         2          0          0          0          0         68   use_no_semi.o
         2          0          0          0          0         68   use_no_semi_2.o
       826         16          0          0          0        348   daddsub_clz.o
        24          0          0          0          0         68   dcmpi.o
        90          4          0          0          0         92   dfixu.o
        84          0          0          0          0        136   dflt_clz.o
       120          4          0          0          0         92   dleqf.o
       340         12          0          0          0        104   dmul.o
       156          4          0          0          0         92   dnaninf.o
        12          0          0          0          0         68   dretinf.o
       108          0          0          0          0         80   drleqf.o
       460         56          0          0          0        120   dsqrt_noumaal.o
        86          4          0          0          0         84   f2d.o
       430          8          0          0          0        168   faddsub_clz.o
       388         76          0          0          0         96   fdiv.o
        54          4          0          0          0         84   ffix.o
        62          4          0          0          0         84   ffixu.o
        86          0          0          0          0        136   fflt_clz.o
       258          4          0          0          0         84   fmul.o
       140          4          0          0          0         84   fnaninf.o
        10          0          0          0          0         68   fretinf.o
         0          0          0          0          0          0   usenofp.o
        76          0          0          0          0         84   sqrt.o

    ----------------------------------------------------------------------
      5450        254         60          0        100       4036   Library Totals
        16          0          3          0          4          0   (incl. Padding)

    ----------------------------------------------------------------------

      Code (inc. data)   RO Data    RW Data    ZI Data      Debug   Library Name

      1624         54         57          0         96       1864   c_w.l
      3734        200          0          0          0       2088   fz_ws.l
        76          0          0          0          0         84   m_ws.l

    ----------------------------------------------------------------------
      5450        254         60          0        100       4036   Library Totals

    ----------------------------------------------------------------------

==============================================================================


      Code (inc. data)   RO Data    RW Data    ZI Data      Debug   

     43010       2914       7518        516       2876     390052   Grand Totals
     43010       2914       7518        204       2876     390052   ELF Image Totals (compressed)
     43010       2914       7518        204          0          0   ROM Totals

==============================================================================

    Total RO  Size (Code + RO Data)                50528 (  49.34kB)
    Total RW  Size (RW Data + ZI Data)              3392 (   3.31kB)
    Total ROM Size (Code + RO Data + RW Data)      50732 (  49.54kB)

==============================================================================

