Component: ARM Compiler 5.06 update 5 (build 528) Tool: armlink [4d35e2]

==============================================================================

Section Cross References

    main.o(i.Load_Drow_Dialog) refers to lcd.o(i.LCD_Clear) for LCD_Clear
    main.o(i.Load_Drow_Dialog) refers to lcd.o(i.LCD_ShowString) for LCD_ShowString
    main.o(i.Load_Drow_Dialog) refers to lcd.o(.data) for POINT_COLOR
    main.o(i.Load_Drow_Dialog) refers to lcd.o(.bss) for lcddev
    main.o(i.ctp_test) refers to main.o(i.lcd_draw_bline) for lcd_draw_bline
    main.o(i.ctp_test) refers to main.o(i.Load_Drow_Dialog) for Load_Drow_Dialog
    main.o(i.ctp_test) refers to delay.o(i.delay_ms) for delay_ms
    main.o(i.ctp_test) refers to touch.o(.data) for tp_dev
    main.o(i.ctp_test) refers to lcd.o(.bss) for lcddev
    main.o(i.ctp_test) refers to main.o(.constdata) for POINT_COLOR_TBL
    main.o(i.gui_draw_hline) refers to lcd.o(i.LCD_Fill) for LCD_Fill
    main.o(i.gui_fill_circle) refers to main.o(i.gui_draw_hline) for gui_draw_hline
    main.o(i.lcd_draw_bline) refers to main.o(i.gui_fill_circle) for gui_fill_circle
    main.o(i.main) refers to delay.o(i.delay_init) for delay_init
    main.o(i.main) refers to misc.o(i.NVIC_PriorityGroupConfig) for NVIC_PriorityGroupConfig
    main.o(i.main) refers to usart.o(i.uart_init) for uart_init
    main.o(i.main) refers to led.o(i.LED_Init) for LED_Init
    main.o(i.main) refers to lcd.o(i.LCD_Init) for LCD_Init
    main.o(i.main) refers to key.o(i.KEY_Init) for KEY_Init
    main.o(i.main) refers to lcd.o(i.LCD_ShowString) for LCD_ShowString
    main.o(i.main) refers to delay.o(i.delay_ms) for delay_ms
    main.o(i.main) refers to main.o(i.Load_Drow_Dialog) for Load_Drow_Dialog
    main.o(i.main) refers to main.o(i.ctp_test) for ctp_test
    main.o(i.main) refers to main.o(i.rtp_test) for rtp_test
    main.o(i.main) refers to touch.o(.data) for tp_dev
    main.o(i.main) refers to lcd.o(.data) for POINT_COLOR
    main.o(i.rtp_test) refers to key.o(i.KEY_Scan) for KEY_Scan
    main.o(i.rtp_test) refers to main.o(i.Load_Drow_Dialog) for Load_Drow_Dialog
    main.o(i.rtp_test) refers to touch.o(i.TP_Draw_Big_Point) for TP_Draw_Big_Point
    main.o(i.rtp_test) refers to delay.o(i.delay_ms) for delay_ms
    main.o(i.rtp_test) refers to lcd.o(i.LCD_Clear) for LCD_Clear
    main.o(i.rtp_test) refers to touch.o(i.TP_Adjust) for TP_Adjust
    main.o(i.rtp_test) refers to touch.o(i.TP_Save_Adjdata) for TP_Save_Adjdata
    main.o(i.rtp_test) refers to touch.o(.data) for tp_dev
    main.o(i.rtp_test) refers to lcd.o(.bss) for lcddev
    system_stm32f10x.o(i.SetSysClock) refers to system_stm32f10x.o(i.SetSysClockTo72) for SetSysClockTo72
    system_stm32f10x.o(i.SystemCoreClockUpdate) refers to system_stm32f10x.o(.data) for SystemCoreClock
    system_stm32f10x.o(i.SystemInit) refers to system_stm32f10x.o(i.SetSysClock) for SetSysClock
    led.o(i.LED_Init) refers to stm32f10x_rcc.o(i.RCC_APB2PeriphClockCmd) for RCC_APB2PeriphClockCmd
    led.o(i.LED_Init) refers to stm32f10x_gpio.o(i.GPIO_Init) for GPIO_Init
    led.o(i.LED_Init) refers to stm32f10x_gpio.o(i.GPIO_SetBits) for GPIO_SetBits
    lcd.o(i.LCD_Clear) refers to lcd.o(i.LCD_SetCursor) for LCD_SetCursor
    lcd.o(i.LCD_Clear) refers to lcd.o(i.LCD_WriteRAM_Prepare) for LCD_WriteRAM_Prepare
    lcd.o(i.LCD_Clear) refers to lcd.o(.bss) for lcddev
    lcd.o(i.LCD_Color_Fill) refers to lcd.o(i.LCD_SetCursor) for LCD_SetCursor
    lcd.o(i.LCD_Color_Fill) refers to lcd.o(i.LCD_WriteRAM_Prepare) for LCD_WriteRAM_Prepare
    lcd.o(i.LCD_DisplayOff) refers to lcd.o(i.LCD_WR_REG) for LCD_WR_REG
    lcd.o(i.LCD_DisplayOff) refers to lcd.o(i.LCD_WriteReg) for LCD_WriteReg
    lcd.o(i.LCD_DisplayOff) refers to lcd.o(.bss) for lcddev
    lcd.o(i.LCD_DisplayOn) refers to lcd.o(i.LCD_WR_REG) for LCD_WR_REG
    lcd.o(i.LCD_DisplayOn) refers to lcd.o(i.LCD_WriteReg) for LCD_WriteReg
    lcd.o(i.LCD_DisplayOn) refers to lcd.o(.bss) for lcddev
    lcd.o(i.LCD_Display_Dir) refers to lcd.o(i.LCD_Scan_Dir) for LCD_Scan_Dir
    lcd.o(i.LCD_Display_Dir) refers to lcd.o(.bss) for lcddev
    lcd.o(i.LCD_DrawLine) refers to lcd.o(i.LCD_DrawPoint) for LCD_DrawPoint
    lcd.o(i.LCD_DrawPoint) refers to lcd.o(i.LCD_SetCursor) for LCD_SetCursor
    lcd.o(i.LCD_DrawPoint) refers to lcd.o(i.LCD_WriteRAM_Prepare) for LCD_WriteRAM_Prepare
    lcd.o(i.LCD_DrawPoint) refers to lcd.o(.data) for POINT_COLOR
    lcd.o(i.LCD_DrawRectangle) refers to lcd.o(i.LCD_DrawLine) for LCD_DrawLine
    lcd.o(i.LCD_Draw_Circle) refers to lcd.o(i.LCD_DrawPoint) for LCD_DrawPoint
    lcd.o(i.LCD_Fast_DrawPoint) refers to lcd.o(i.LCD_WR_REG) for LCD_WR_REG
    lcd.o(i.LCD_Fast_DrawPoint) refers to lcd.o(i.LCD_WriteReg) for LCD_WriteReg
    lcd.o(i.LCD_Fast_DrawPoint) refers to lcd.o(.bss) for lcddev
    lcd.o(i.LCD_Fill) refers to lcd.o(i.LCD_SetCursor) for LCD_SetCursor
    lcd.o(i.LCD_Fill) refers to lcd.o(i.LCD_WriteRAM_Prepare) for LCD_WriteRAM_Prepare
[...]
    .ARM.Collect$$libshutdown$$0000000F      0x080001c0   Section        0  libshutdown2.o(.ARM.Collect$$libshutdown$$0000000F)
    .ARM.Collect$$libshutdown$$00000010      0x080001c0   Section        2  libshutdown2.o(.ARM.Collect$$libshutdown$$00000010)
    .ARM.Collect$$rtentry$$00000000          0x080001c2   Section        0  __rtentry.o(.ARM.Collect$$rtentry$$00000000)
    .ARM.Collect$$rtentry$$00000002          0x080001c2   Section        0  __rtentry2.o(.ARM.Collect$$rtentry$$00000002)
    .ARM.Collect$$rtentry$$00000004          0x080001c2   Section        6  __rtentry4.o(.ARM.Collect$$rtentry$$00000004)
    .ARM.Collect$$rtentry$$00000009          0x080001c8   Section        0  __rtentry2.o(.ARM.Collect$$rtentry$$00000009)
    .ARM.Collect$$rtentry$$0000000A          0x080001c8   Section        4  __rtentry2.o(.ARM.Collect$$rtentry$$0000000A)
    .ARM.Collect$$rtentry$$0000000C          0x080001cc   Section        0  __rtentry2.o(.ARM.Collect$$rtentry$$0000000C)
    .ARM.Collect$$rtentry$$0000000D          0x080001cc   Section        8  __rtentry2.o(.ARM.Collect$$rtentry$$0000000D)
    .ARM.Collect$$rtexit$$00000000           0x080001d4   Section        2  rtexit.o(.ARM.Collect$$rtexit$$00000000)
    .ARM.Collect$$rtexit$$00000002           0x080001d6   Section        0  rtexit2.o(.ARM.Collect$$rtexit$$00000002)
    .ARM.Collect$$rtexit$$00000003           0x080001d6   Section        4  rtexit2.o(.ARM.Collect$$rtexit$$00000003)
    .ARM.Collect$$rtexit$$00000004           0x080001da   Section        6  rtexit2.o(.ARM.Collect$$rtexit$$00000004)
    .text                                    0x080001e0   Section       64  startup_stm32f10x_hd.o(.text)
    .text                                    0x08000220   Section        2  use_no_semi_2.o(.text)
    .text                                    0x08000224   Section        0  noretval__2printf.o(.text)
    .text                                    0x0800023c   Section        0  __printf.o(.text)
    .text                                    0x080002a4   Section        0  _printf_str.o(.text)
    .text                                    0x080002f8   Section        0  _printf_dec.o(.text)
    .text                                    0x08000370   Section        0  _printf_hex_int.o(.text)
    .text                                    0x080003c8   Section      128  strcmpv7m.o(.text)
    .text                                    0x08000448   Section        0  heapauxi.o(.text)
    .text                                    0x0800044e   Section        2  use_no_semi.o(.text)
    .text                                    0x08000450   Section        0  _rserrno.o(.text)
    .text                                    0x08000466   Section        0  _printf_intcommon.o(.text)
    .text                                    0x08000518   Section        0  _printf_char.o(.text)
    .text                                    0x08000544   Section        0  _printf_char_file.o(.text)
    .text                                    0x08000568   Section        8  rt_errno_addr_intlibspace.o(.text)
    .text                                    0x08000570   Section        0  _printf_char_common.o(.text)
    _printf_input_char                       0x08000571   Thumb Code    10  _printf_char_common.o(.text)
    .text                                    0x080005a0   Section        0  ferror.o(.text)
    .text                                    0x080005a8   Section        8  libspace.o(.text)
    .text                                    0x080005b0   Section       74  sys_stackheap_outer.o(.text)
    .text                                    0x080005fa   Section        0  exit.o(.text)
    i.AT24CXX_Init                           0x0800060c   Section        0  24cxx.o(i.AT24CXX_Init)
    i.AT24CXX_ReadLenByte                    0x08000614   Section        0  24cxx.o(i.AT24CXX_ReadLenByte)
    i.AT24CXX_ReadOneByte                    0x08000640   Section        0  24cxx.o(i.AT24CXX_ReadOneByte)
    i.AT24CXX_WriteLenByte                   0x08000698   Section        0  24cxx.o(i.AT24CXX_WriteLenByte)
    i.AT24CXX_WriteOneByte                   0x080006c2   Section        0  24cxx.o(i.AT24CXX_WriteOneByte)
    i.BusFault_Handler                       0x08000712   Section        0  stm32f10x_it.o(i.BusFault_Handler)
    i.CT_Delay                               0x08000716   Section        0  ctiic.o(i.CT_Delay)
    i.CT_IIC_Ack                             0x08000720   Section        0  ctiic.o(i.CT_IIC_Ack)
    i.CT_IIC_Init                            0x0800076c   Section        0  ctiic.o(i.CT_IIC_Init)
    i.CT_IIC_NAck                            0x080007b4   Section        0  ctiic.o(i.CT_IIC_NAck)
    i.CT_IIC_Read_Byte                       0x08000800   Section        0  ctiic.o(i.CT_IIC_Read_Byte)
    i.CT_IIC_Send_Byte                       0x08000868   Section        0  ctiic.o(i.CT_IIC_Send_Byte)
    i.CT_IIC_Start                           0x080008c4   Section        0  ctiic.o(i.CT_IIC_Start)
    i.CT_IIC_Stop                            0x0800090c   Section        0  ctiic.o(i.CT_IIC_Stop)
    i.CT_IIC_Wait_Ack                        0x08000954   Section        0  ctiic.o(i.CT_IIC_Wait_Ack)
    i.DebugMon_Handler                       0x080009b8   Section        0  stm32f10x_it.o(i.DebugMon_Handler)
    i.FT5206_Init                            0x080009bc   Section        0  ft5206.o(i.FT5206_Init)
    i.FT5206_RD_Reg                          0x08000aac   Section        0  ft5206.o(i.FT5206_RD_Reg)
    i.FT5206_Scan                            0x08000b04   Section        0  ft5206.o(i.FT5206_Scan)
    i.FT5206_WR_Reg                          0x08000ca0   Section        0  ft5206.o(i.FT5206_WR_Reg)
    i.GPIO_Init                              0x08000cf2   Section        0  stm32f10x_gpio.o(i.GPIO_Init)
    i.GPIO_PinRemapConfig                    0x08000e08   Section        0  stm32f10x_gpio.o(i.GPIO_PinRemapConfig)
    i.GPIO_ReadInputDataBit                  0x08000e98   Section        0  stm32f10x_gpio.o(i.GPIO_ReadInputDataBit)
    i.GPIO_ResetBits                         0x08000eaa   Section        0  stm32f10x_gpio.o(i.GPIO_ResetBits)
    i.GPIO_SetBits                           0x08000eae   Section        0  stm32f10x_gpio.o(i.GPIO_SetBits)
    i.GT9147_Init                            0x08000eb4   Section        0  gt9147.o(i.GT9147_Init)
    i.GT9147_RD_Reg                          0x08000fdc   Section        0  gt9147.o(i.GT9147_RD_Reg)
    i.GT9147_Scan                            0x08001040   Section        0  gt9147.o(i.GT9147_Scan)
    i.GT9147_Send_Cfg                        0x080011e4   Section        0  gt9147.o(i.GT9147_Send_Cfg)
    i.GT9147_WR_Reg                          0x08001240   Section        0  gt9147.o(i.GT9147_WR_Reg)
    i.HardFault_Handler                      0x0800129c   Section        0  stm32f10x_it.o(i.HardFault_Handler)
    i.IIC_Ack                                0x080012a0   Section        0  myiic.o(i.IIC_Ack)
    i.IIC_Init                               0x080012f0   Section        0  myiic.o(i.IIC_Init)
    i.IIC_NAck                               0x08001330   Section        0  myiic.o(i.IIC_NAck)
    i.IIC_Read_Byte                          0x08001380   Section        0  myiic.o(i.IIC_Read_Byte)
    i.IIC_Send_Byte                          0x080013f0   Section        0  myiic.o(i.IIC_Send_Byte)
    i.IIC_Start                              0x08001458   Section        0  myiic.o(i.IIC_Start)
    i.IIC_Stop                               0x080014a4   Section        0  myiic.o(i.IIC_Stop)
    i.IIC_Wait_Ack                           0x080014f0   Section        0  myiic.o(i.IIC_Wait_Ack)
    i.KEY_Init                               0x08001554   Section        0  key.o(i.KEY_Init)
    i.KEY_Scan                               0x080015b4   Section        0  key.o(i.KEY_Scan)
    i.LCD_Clear                              0x0800165c   Section        0  lcd.o(i.LCD_Clear)
    i.LCD_Display_Dir                        0x080016e4   Section        0  lcd.o(i.LCD_Display_Dir)
    i.LCD_DrawLine                           0x080018a4   Section        0  lcd.o(i.LCD_DrawLine)
    i.LCD_DrawPoint                          0x08001954   Section        0  lcd.o(i.LCD_DrawPoint)
    i.LCD_Draw_Circle                        0x08001994   Section        0  lcd.o(i.LCD_Draw_Circle)
    i.LCD_Fast_DrawPoint                     0x08001a2c   Section        0  lcd.o(i.LCD_Fast_DrawPoint)
    i.LCD_Fill                               0x08001d90   Section        0  lcd.o(i.LCD_Fill)
    i.LCD_Init                               0x08001e64   Section        0  lcd.o(i.LCD_Init)
    i.LCD_Pow                                0x08005a20   Section        0  lcd.o(i.LCD_Pow)
    i.LCD_RD_DATA                            0x08005a38   Section        0  lcd.o(i.LCD_RD_DATA)
    i.LCD_ReadReg                            0x08005aa8   Section        0  lcd.o(i.LCD_ReadReg)
    i.LCD_SSD_BackLightSet                   0x08005ab8   Section        0  lcd.o(i.LCD_SSD_BackLightSet)
    i.LCD_Scan_Dir                           0x08005b8c   Section        0  lcd.o(i.LCD_Scan_Dir)
    i.LCD_SetCursor                          0x08005fe4   Section        0  lcd.o(i.LCD_SetCursor)
    i.LCD_ShowChar                           0x080063a0   Section        0  lcd.o(i.LCD_ShowChar)
    i.LCD_ShowNum                            0x080064c8   Section        0  lcd.o(i.LCD_ShowNum)
    i.LCD_ShowString                         0x0800655c   Section        0  lcd.o(i.LCD_ShowString)
    i.LCD_WR_DATAX                           0x080065c4   Section        0  lcd.o(i.LCD_WR_DATAX)
    i.LCD_WR_REG                             0x080065e8   Section        0  lcd.o(i.LCD_WR_REG)
    i.LCD_WriteRAM_Prepare                   0x0800660c   Section        0  lcd.o(i.LCD_WriteRAM_Prepare)
    i.LCD_WriteReg                           0x0800661c   Section        0  lcd.o(i.LCD_WriteReg)
    i.LED_Init                               0x0800664c   Section        0  led.o(i.LED_Init)
    i.Load_Drow_Dialog                       0x0800669c   Section        0  main.o(i.Load_Drow_Dialog)
    i.MemManage_Handler                      0x080066dc   Section        0  stm32f10x_it.o(i.MemManage_Handler)
    i.NMI_Handler                            0x080066e0   Section        0  stm32f10x_it.o(i.NMI_Handler)
    i.NVIC_Init                              0x080066e4   Section        0  misc.o(i.NVIC_Init)
    i.NVIC_PriorityGroupConfig               0x08006754   Section        0  misc.o(i.NVIC_PriorityGroupConfig)
    i.OTT2001A_Init                          0x08006768   Section        0  ott2001a.o(i.OTT2001A_Init)
    i.OTT2001A_RD_Reg                        0x0800681c   Section        0  ott2001a.o(i.OTT2001A_RD_Reg)
    i.OTT2001A_Scan                          0x08006880   Section        0  ott2001a.o(i.OTT2001A_Scan)
    i.OTT2001A_SensorControl                 0x08006a60   Section        0  ott2001a.o(i.OTT2001A_SensorControl)
    i.OTT2001A_WR_Reg                        0x08006a7c   Section        0  ott2001a.o(i.OTT2001A_WR_Reg)
    i.PendSV_Handler                         0x08006ad8   Section        0  stm32f10x_it.o(i.PendSV_Handler)
    i.RCC_APB2PeriphClockCmd                 0x08006adc   Section        0  stm32f10x_rcc.o(i.RCC_APB2PeriphClockCmd)
    i.RCC_GetClocksFreq                      0x08006afc   Section        0  stm32f10x_rcc.o(i.RCC_GetClocksFreq)
    i.SVC_Handler                            0x08006bd0   Section        0  stm32f10x_it.o(i.SVC_Handler)
    i.SetSysClock                            0x08006bd2   Section        0  system_stm32f10x.o(i.SetSysClock)
    SetSysClock                              0x08006bd3   Thumb Code     8  system_stm32f10x.o(i.SetSysClock)
    i.SetSysClockTo72                        0x08006bdc   Section        0  system_stm32f10x.o(i.SetSysClockTo72)
    SetSysClockTo72                          0x08006bdd   Thumb Code   214  system_stm32f10x.o(i.SetSysClockTo72)
    i.SysTick_CLKSourceConfig                0x08006cbc   Section        0  misc.o(i.SysTick_CLKSourceConfig)
    i.SysTick_Handler                        0x08006ce4   Section        0  stm32f10x_it.o(i.SysTick_Handler)
    i.SystemInit                             0x08006ce8   Section        0  system_stm32f10x.o(i.SystemInit)
    i.TP_Adj_Info_Show                       0x08006d48   Section        0  touch.o(i.TP_Adj_Info_Show)
    i.TP_Adjust                              0x08006ef0   Section        0  touch.o(i.TP_Adjust)
    i.TP_Draw_Big_Point                      0x080073f0   Section        0  touch.o(i.TP_Draw_Big_Point)
    i.TP_Drow_Touch_Point                    0x0800742c   Section        0  touch.o(i.TP_Drow_Touch_Point)
    i.TP_Get_Adjdata                         0x0800749c   Section        0  touch.o(i.TP_Get_Adjdata)
    i.TP_Init                                0x08007544   Section        0  touch.o(i.TP_Init)
    i.TP_Read_AD                             0x08007654   Section        0  touch.o(i.TP_Read_AD)
    i.TP_Read_XOY                            0x080076dc   Section        0  touch.o(i.TP_Read_XOY)
    i.TP_Read_XY                             0x08007754   Section        0  touch.o(i.TP_Read_XY)
    i.TP_Read_XY2                            0x08007784   Section        0  touch.o(i.TP_Read_XY2)
    i.TP_Save_Adjdata                        0x08007844   Section        0  touch.o(i.TP_Save_Adjdata)
    i.TP_Scan                                0x080078bc   Section        0  touch.o(i.TP_Scan)
    i.TP_Write_Byte                          0x080079cc   Section        0  touch.o(i.TP_Write_Byte)
    i.USART1_IRQHandler                      0x08007a0c   Section        0  usart.o(i.USART1_IRQHandler)
    i.USART_Cmd                              0x08007a94   Section        0  stm32f10x_usart.o(i.USART_Cmd)
    i.USART_GetITStatus                      0x08007aac   Section        0  stm32f10x_usart.o(i.USART_GetITStatus)
    i.USART_ITConfig                         0x08007b00   Section        0  stm32f10x_usart.o(i.USART_ITConfig)
    i.USART_Init                             0x08007b4c   Section        0  stm32f10x_usart.o(i.USART_Init)
    i.USART_ReceiveData                      0x08007c24   Section        0  stm32f10x_usart.o(i.USART_ReceiveData)
    i.UsageFault_Handler                     0x08007c2e   Section        0  stm32f10x_it.o(i.UsageFault_Handler)
    i._sys_exit                              0x08007c32   Section        0  usart.o(i._sys_exit)
    i.ctp_test                               0x08007c38   Section        0  main.o(i.ctp_test)
    i.delay_init                             0x08007d5c   Section        0  delay.o(i.delay_init)
    i.delay_ms                               0x08007da0   Section        0  delay.o(i.delay_ms)
    i.delay_us                               0x08007dec   Section        0  delay.o(i.delay_us)
    i.fputc                                  0x08007e38   Section        0  usart.o(i.fputc)
    i.gui_draw_hline                         0x08007e54   Section        0  main.o(i.gui_draw_hline)
    i.gui_fill_circle                        0x08007e78   Section        0  main.o(i.gui_fill_circle)
    i.lcd_draw_bline                         0x08007f28   Section        0  main.o(i.lcd_draw_bline)
    i.main                                   0x08007ffc   Section        0  main.o(i.main)
    i.rtp_test                               0x08008110   Section        0  main.o(i.rtp_test)
    i.sqrt                                   0x080081c0   Section        0  sqrt.o(i.sqrt)
    i.uart_init                              0x0800820c   Section        0  usart.o(i.uart_init)
    x$fpl$dadd                               0x080082ac   Section      336  daddsub_clz.o(x$fpl$dadd)
    _dadd1                                   0x080082bd   Thumb Code     0  daddsub_clz.o(x$fpl$dadd)
    x$fpl$dcmpinf                            0x080083fc   Section       24  dcmpi.o(x$fpl$dcmpinf)
    x$fpl$dfixu                              0x08008414   Section       90  dfixu.o(x$fpl$dfixu)
    x$fpl$dflt                               0x0800846e   Section       46  dflt_clz.o(x$fpl$dflt)
    x$fpl$dfltu                              0x0800849c   Section       38  dflt_clz.o(x$fpl$dfltu)
    x$fpl$dleqf                              0x080084c4   Section      120  dleqf.o(x$fpl$dleqf)
    x$fpl$dmul                               0x0800853c   Section      340  dmul.o(x$fpl$dmul)
    x$fpl$dnaninf                            0x08008690   Section      156  dnaninf.o(x$fpl$dnaninf)
    x$fpl$dretinf                            0x0800872c   Section       12  dretinf.o(x$fpl$dretinf)
    x$fpl$drleqf                             0x08008738   Section      108  drleqf.o(x$fpl$drleqf)
    x$fpl$drsb                               0x080087a4   Section       22  daddsub_clz.o(x$fpl$drsb)
    x$fpl$dsqrt                              0x080087bc   Section      460  dsqrt_noumaal.o(x$fpl$dsqrt)
    x$fpl$dsub                               0x08008988   Section      468  daddsub_clz.o(x$fpl$dsub)
    _dsub1                                   0x08008999   Thumb Code     0  daddsub_clz.o(x$fpl$dsub)
    x$fpl$f2d                                0x08008b5c   Section       86  f2d.o(x$fpl$f2d)
    x$fpl$fadd                               0x08008bb4   Section      196  faddsub_clz.o(x$fpl$fadd)
    _fadd1                                   0x08008bc3   Thumb Code     0  faddsub_clz.o(x$fpl$fadd)
    x$fpl$fdiv                               0x08008c78   Section      388  fdiv.o(x$fpl$fdiv)
    _fdiv1                                   0x08008c79   Thumb Code     0  fdiv.o(x$fpl$fdiv)
    x$fpl$ffix                               0x08008dfc   Section       54  ffix.o(x$fpl$ffix)
    x$fpl$ffixu                              0x08008e34   Section       62  ffixu.o(x$fpl$ffixu)
    x$fpl$fflt                               0x08008e74   Section       48  fflt_clz.o(x$fpl$fflt)
    x$fpl$ffltu                              0x08008ea4   Section       38  fflt_clz.o(x$fpl$ffltu)
    x$fpl$fmul                               0x08008ecc   Section      258  fmul.o(x$fpl$fmul)
    x$fpl$fnaninf                            0x08008fce   Section      140  fnaninf.o(x$fpl$fnaninf)
    x$fpl$fretinf                            0x0800905a   Section       10  fretinf.o(x$fpl$fretinf)
    x$fpl$fsub                               0x08009064   Section      234  faddsub_clz.o(x$fpl$fsub)
    _fsub1                                   0x08009073   Thumb Code     0  faddsub_clz.o(x$fpl$fsub)
    .constdata                               0x0800914e   Section       10  main.o(.constdata)
    x$fpl$usenofp                            0x0800914e   Section        0  usenofp.o(x$fpl$usenofp)
    .constdata                               0x08009158   Section     6080  lcd.o(.constdata)
    .constdata                               0x0800a918   Section       10  ott2001a.o(.constdata)
    .constdata                               0x0800a922   Section       12  touch.o(.constdata)
    .constdata                               0x0800a92e   Section      194  gt9147.o(.constdata)
    .constdata                               0x0800a9f0   Section       10  ft5206.o(.constdata)
    .constdata                               0x0800a9fa   Section       40  _printf_hex_int.o(.constdata)
    uc_hextab                                0x0800a9fa   Data          20  _printf_hex_int.o(.constdata)
    lc_hextab                                0x0800aa0e   Data          20  _printf_hex_int.o(.constdata)
    .conststring                             0x0800aa24   Section      121  touch.o(.conststring)
    .data                                    0x20000000   Section       20  system_stm32f10x.o(.data)
    .data                                    0x20000014   Section        4  lcd.o(.data)
    .data                                    0x20000018   Section        1  key.o(.data)
    key_up                                   0x20000018   Data           1  key.o(.data)
    .data                                    0x20000019   Section        1  ott2001a.o(.data)
    t                                        0x20000019   Data           1  ott2001a.o(.data)
    .data                                    0x2000001c   Section       60  touch.o(.data)
    .data                                    0x20000058   Section        1  gt9147.o(.data)
    t                                        0x20000058   Data           1  gt9147.o(.data)
    .data                                    0x20000059   Section        1  ft5206.o(.data)
    t                                        0x20000059   Data           1  ft5206.o(.data)
    .data                                    0x2000005a   Section        4  delay.o(.data)
    fac_us                                   0x2000005a   Data           1  delay.o(.data)
    fac_ms                                   0x2000005c   Data           2  delay.o(.data)
    .data                                    0x20000060   Section        6  usart.o(.data)
    .data                                    0x20000066   Section       20  stm32f10x_rcc.o(.data)
    APBAHBPrescTable                         0x20000066   Data          16  stm32f10x_rcc.o(.data)
    ADCPrescTable                            0x20000076   Data           4  stm32f10x_rcc.o(.data)
    .bss                                     0x2000007c   Section       14  lcd.o(.bss)
    .bss                                     0x2000008a   Section      200  usart.o(.bss)
    .bss                                     0x20000154   Section       96  libspace.o(.bss)
    HEAP                                     0x200001b8   Section      512  startup_stm32f10x_hd.o(HEAP)
    Heap_Mem                                 0x200001b8   Data         512  startup_stm32f10x_hd.o(HEAP)
    STACK                                    0x200003b8   Section     1024  startup_stm32f10x_hd.o(STACK)
    Stack_Mem                                0x200003b8   Data        1024  startup_stm32f10x_hd.o(STACK)
    __initial_sp                             0x200007b8   Data           0  startup_stm32f10x_hd.o(STACK)

    Global Symbols

    Symbol Name                              Value     Ov Type        Size  Object(Section)

    BuildAttributes$$THM_ISAv4$P$D$K$B$S$PE$A:L22UL41UL21$X:L11$S22US41US21$IEEE1$IW$USESV6$~STKCKD$USESV7$~SHL$OTIME$ROPI$IEEEJ$EBA8$UX$STANDARDLIB$REQ8$PRES8$EABIv2 0x00000000   Number         0  anon$$obj.o ABSOLUTE
    __ARM_use_no_argv                        0x00000000   Number         0  main.o ABSOLUTE
    __ARM_exceptions_init                     - Undefined Weak Reference
    __alloca_initialize                       - Undefined Weak Reference
    __arm_preinit_                            - Undefined Weak Reference
    __cpp_initialize__aeabi_                  - Undefined Weak Reference
    __cxa_finalize                            - Undefined Weak Reference
    __rt_locale                               - Undefined Weak Reference
    __sigvec_lookup                           - Undefined Weak Reference
    _atexit_init                              - Undefined Weak Reference
    _call_atexit_fns                          - Undefined Weak Reference
    _clock_init                               - Undefined Weak Reference
    _fp_trap_init                             - Undefined Weak Reference
    _fp_trap_shutdown                         - Undefined Weak Reference
    _get_lc_collate                           - Undefined Weak Reference
    _get_lc_ctype                             - Undefined Weak Reference
    _get_lc_monetary                          - Undefined Weak Reference
    _get_lc_numeric                           - Undefined Weak Reference
    _get_lc_time                              - Undefined Weak Reference
    _getenv_init                              - Undefined Weak Reference
    _handle_redirection                       - Undefined Weak Reference
    _init_alloc                               - Undefined Weak Reference
    _init_user_alloc                          - Undefined Weak Reference
    _initio                                   - Undefined Weak Reference
    _mutex_acquire                            - Undefined Weak Reference
    _mutex_release                            - Undefined Weak Reference
    _printf_mbtowc                            - Undefined Weak Reference
    _printf_post_padding                      - Undefined Weak Reference
    _printf_pre_padding                       - Undefined Weak Reference
    _printf_truncate_signed                   - Undefined Weak Reference
    _printf_truncate_unsigned                 - Undefined Weak Reference
    _rand_init                                - Undefined Weak Reference
    _signal_finish                            - Undefined Weak Reference
    _signal_init                              - Undefined Weak Reference
    _terminate_alloc                          - Undefined Weak Reference
    _terminate_user_alloc                     - Undefined Weak Reference
    _terminateio                              - Undefined Weak Reference
    __Vectors_Size                           0x00000130   Number         0  startup_stm32f10x_hd.o ABSOLUTE
    __Vectors                                0x08000000   Data           4  startup_stm32f10x_hd.o(RESET)
    __Vectors_End                            0x08000130   Data           0  startup_stm32f10x_hd.o(RESET)
    __main                                   0x08000131   Thumb Code     8  __main.o(!!!main)
    __scatterload                            0x08000139   Thumb Code     0  __scatter.o(!!!scatter)
    __scatterload_rt2                        0x08000139   Thumb Code    44  __scatter.o(!!!scatter)
    __scatterload_rt2_thumb_only             0x08000139   Thumb Code     0  __scatter.o(!!!scatter)
    __scatterload_null                       0x08000147   Thumb Code     0  __scatter.o(!!!scatter)
    __scatterload_copy                       0x0800016d   Thumb Code    26  __scatter_copy.o(!!handler_copy)
    __scatterload_zeroinit                   0x08000189   Thumb Code    28  __scatter_zi.o(!!handler_zi)
    _printf_d                                0x080001a5   Thumb Code     0  _printf_d.o(.ARM.Collect$$_printf_percent$$00000009)
    _printf_percent                          0x080001a5   Thumb Code     0  _printf_percent.o(.ARM.Collect$$_printf_percent$$00000000)
    _printf_x                                0x080001ab   Thumb Code     0  _printf_x.o(.ARM.Collect$$_printf_percent$$0000000C)
    _printf_s                                0x080001b1   Thumb Code     0  _printf_s.o(.ARM.Collect$$_printf_percent$$00000014)
    _printf_percent_end                      0x080001b7   Thumb Code     0  _printf_percent_end.o(.ARM.Collect$$_printf_percent$$00000017)
    __rt_lib_init                            0x080001bb   Thumb Code     0  libinit.o(.ARM.Collect$$libinit$$00000000)
    __rt_lib_init_alloca_1                   0x080001bd   Thumb Code     0  libinit2.o(.ARM.Collect$$libinit$$0000002E)
    __rt_lib_init_argv_1                     0x080001bd   Thumb Code     0  libinit2.o(.ARM.Collect$$libinit$$0000002C)
    __rt_lib_init_atexit_1                   0x080001bd   Thumb Code     0  libinit2.o(.ARM.Collect$$libinit$$0000001B)
    __rt_lib_init_clock_1                    0x080001bd   Thumb Code     0  libinit2.o(.ARM.Collect$$libinit$$00000021)
    __rt_lib_init_cpp_1                      0x080001bd   Thumb Code     0  libinit2.o(.ARM.Collect$$libinit$$00000032)
    __rt_lib_init_exceptions_1               0x080001bd   Thumb Code     0  libinit2.o(.ARM.Collect$$libinit$$00000030)
    __rt_lib_init_fp_1                       0x080001bd   Thumb Code     0  libinit2.o(.ARM.Collect$$libinit$$00000002)
    __rt_lib_init_fp_trap_1                  0x080001bd   Thumb Code     0  libinit2.o(.ARM.Collect$$libinit$$0000001F)
    __rt_lib_init_getenv_1                   0x080001bd   Thumb Code     0  libinit2.o(.ARM.Collect$$libinit$$00000023)
    __rt_lib_init_heap_1                     0x080001bd   Thumb Code     0  libinit2.o(.ARM.Collect$$libinit$$0000000A)
    __rt_lib_init_lc_collate_1               0x080001bd   Thumb Code     0  libinit2.o(.ARM.Collect$$libinit$$00000011)
    __rt_lib_init_lc_ctype_1                 0x080001bd   Thumb Code     0  libinit2.o(.ARM.Collect$$libinit$$00000013)
    __rt_lib_init_lc_monetary_1              0x080001bd   Thumb Code     0  libinit2.o(.ARM.Collect$$libinit$$00000015)
    __rt_lib_init_lc_numeric_1               0x080001bd   Thumb Code     0  libinit2.o(.ARM.Collect$$libinit$$00000017)
    __rt_lib_init_lc_time_1                  0x080001bd   Thumb Code     0  libinit2.o(.ARM.Collect$$libinit$$00000019)
    __rt_lib_init_preinit_1                  0x080001bd   Thumb Code     0  libinit2.o(.ARM.Collect$$libinit$$00000004)
    __rt_lib_init_rand_1                     0x080001bd   Thumb Code     0  libinit2.o(.ARM.Collect$$libinit$$0000000E)
    __rt_lib_init_return                     0x080001bd   Thumb Code     0  libinit2.o(.ARM.Collect$$libinit$$00000033)
    __rt_lib_init_signal_1                   0x080001bd   Thumb Code     0  libinit2.o(.ARM.Collect$$libinit$$0000001D)
    __rt_lib_init_stdio_1                    0x080001bd   Thumb Code     0  libinit2.o(.ARM.Collect$$libinit$$00000025)
    __rt_lib_init_user_alloc_1               0x080001bd   Thumb Code     0  libinit2.o(.ARM.Collect$$libinit$$0000000C)
    __rt_lib_shutdown                        0x080001bf   Thumb Code     0  libshutdown.o(.ARM.Collect$$libshutdown$$00000000)
    __rt_lib_shutdown_cpp_1                  0x080001c1   Thumb Code     0  libshutdown2.o(.ARM.Collect$$libshutdown$$00000002)
    __rt_lib_shutdown_fp_trap_1              0x080001c1   Thumb Code     0  libshutdown2.o(.ARM.Collect$$libshutdown$$00000007)
    __rt_lib_shutdown_heap_1                 0x080001c1   Thumb Code     0  libshutdown2.o(.ARM.Collect$$libshutdown$$0000000F)
    __rt_lib_shutdown_return                 0x080001c1   Thumb Code     0  libshutdown2.o(.ARM.Collect$$libshutdown$$00000010)
    __rt_lib_shutdown_signal_1               0x080001c1   Thumb Code     0  libshutdown2.o(.ARM.Collect$$libshutdown$$0000000A)
    __rt_lib_shutdown_stdio_1                0x080001c1   Thumb Code     0  libshutdown2.o(.ARM.Collect$$libshutdown$$00000004)
    __rt_lib_shutdown_user_alloc_1           0x080001c1   Thumb Code     0  libshutdown2.o(.ARM.Collect$$libshutdown$$0000000C)
    __rt_entry                               0x080001c3   Thumb Code     0  __rtentry.o(.ARM.Collect$$rtentry$$00000000)
    __rt_entry_presh_1                       0x080001c3   Thumb Code     0  __rtentry2.o(.ARM.Collect$$rtentry$$00000002)
    __rt_entry_sh                            0x080001c3   Thumb Code     0  __rtentry4.o(.ARM.Collect$$rtentry$$00000004)
    __rt_entry_li                            0x080001c9   Thumb Code     0  __rtentry2.o(.ARM.Collect$$rtentry$$0000000A)
    __rt_entry_postsh_1                      0x080001c9   Thumb Code     0  __rtentry2.o(.ARM.Collect$$rtentry$$00000009)
    __rt_entry_main                          0x080001cd   Thumb Code     0  __rtentry2.o(.ARM.Collect$$rtentry$$0000000D)
    __rt_entry_postli_1                      0x080001cd   Thumb Code     0  __rtentry2.o(.ARM.Collect$$rtentry$$0000000C)
    __rt_exit                                0x080001d5   Thumb Code     0  rtexit.o(.ARM.Collect$$rtexit$$00000000)
    __rt_exit_ls                             0x080001d7   Thumb Code     0  rtexit2.o(.ARM.Collect$$rtexit$$00000003)
    __rt_exit_prels_1                        0x080001d7   Thumb Code     0  rtexit2.o(.ARM.Collect$$rtexit$$00000002)
    __rt_exit_exit                           0x080001db   Thumb Code     0  rtexit2.o(.ARM.Collect$$rtexit$$00000004)
    Reset_Handler                            0x080001e1   Thumb Code     8  startup_stm32f10x_hd.o(.text)
    ADC1_2_IRQHandler                        0x080001fb   Thumb Code     0  startup_stm32f10x_hd.o(.text)
    ADC3_IRQHandler                          0x080001fb   Thumb Code     0  startup_stm32f10x_hd.o(.text)
    CAN1_RX1_IRQHandler                      0x080001fb   Thumb Code     0  startup_stm32f10x_hd.o(.text)
    CAN1_SCE_IRQHandler                      0x080001fb   Thumb Code     0  startup_stm32f10x_hd.o(.text)
    DMA1_Channel1_IRQHandler                 0x080001fb   Thumb Code     0  startup_stm32f10x_hd.o(.text)
    DMA1_Channel2_IRQHandler                 0x080001fb   Thumb Code     0  startup_stm32f10x_hd.o(.text)
    DMA1_Channel3_IRQHandler                 0x080001fb   Thumb Code     0  startup_stm32f10x_hd.o(.text)
    DMA1_Channel4_IRQHandler                 0x080001fb   Thumb Code     0  startup_stm32f10x_hd.o(.text)
    DMA1_Channel5_IRQHandler                 0x080001fb   Thumb Code     0  startup_stm32f10x_hd.o(.text)
    DMA1_Channel6_IRQHandler                 0x080001fb   Thumb Code     0  startup_stm32f10x_hd.o(.text)
    DMA1_Channel7_IRQHandler                 0x080001fb   Thumb Code     0  startup_stm32f10x_hd.o(.text)
    DMA2_Channel1_IRQHandler                 0x080001fb   Thumb Code     0  startup_stm32f10x_hd.o(.text)
    DMA2_Channel2_IRQHandler                 0x080001fb   Thumb Code     0  startup_stm32f10x_hd.o(.text)
    DMA2_Channel3_IRQHandler                 0x080001fb   Thumb Code     0  startup_stm32f10x_hd.o(.text)
    DMA2_Channel4_5_IRQHandler               0x080001fb   Thumb Code     0  startup_stm32f10x_hd.o(.text)
    EXTI0_IRQHandler                         0x080001fb   Thumb Code     0  startup_stm32f10x_hd.o(.text)
    EXTI15_10_IRQHandler                     0x080001fb   Thumb Code     0  startup_stm32f10x_hd.o(.text)
    EXTI1_IRQHandler                         0x080001fb   Thumb Code     0  startup_stm32f10x_hd.o(.text)
    EXTI2_IRQHandler                         0x080001fb   Thumb Code     0  startup_stm32f10x_hd.o(.text)
    EXTI3_IRQHandler                         0x080001fb   Thumb Code     0  startup_stm32f10x_hd.o(.text)
    EXTI4_IRQHandler                         0x080001fb   Thumb Code     0  startup_stm32f10x_hd.o(.text)
    EXTI9_5_IRQHandler                       0x080001fb   Thumb Code     0  startup_stm32f10x_hd.o(.text)
    FLASH_IRQHandler                         0x080001fb   Thumb Code     0  startup_stm32f10x_hd.o(.text)
    FSMC_IRQHandler                          0x080001fb   Thumb Code     0  startup_stm32f10x_hd.o(.text)
    I2C1_ER_IRQHandler                       0x080001fb   Thumb Code     0  startup_stm32f10x_hd.o(.text)
    I2C1_EV_IRQHandler                       0x080001fb   Thumb Code     0  startup_stm32f10x_hd.o(.text)
    I2C2_ER_IRQHandler                       0x080001fb   Thumb Code     0  startup_stm32f10x_hd.o(.text)
    I2C2_EV_IRQHandler                       0x080001fb   Thumb Code     0  startup_stm32f10x_hd.o(.text)
    PVD_IRQHandler                           0x080001fb   Thumb Code     0  startup_stm32f10x_hd.o(.text)
    RCC_IRQHandler                           0x080001fb   Thumb Code     0  startup_stm32f10x_hd.o(.text)
    RTCAlarm_IRQHandler                      0x080001fb   Thumb Code     0  startup_stm32f10x_hd.o(.text)
    RTC_IRQHandler                           0x080001fb   Thumb Code     0  startup_stm32f10x_hd.o(.text)
    SDIO_IRQHandler                          0x080001fb   Thumb Code     0  startup_stm32f10x_hd.o(.text)
    SPI1_IRQHandler                          0x080001fb   Thumb Code     0  startup_stm32f10x_hd.o(.text)
    SPI2_IRQHandler                          0x080001fb   Thumb Code     0  startup_stm32f10x_hd.o(.text)
    SPI3_IRQHandler                          0x080001fb   Thumb Code     0  startup_stm32f10x_hd.o(.text)
    TAMPER_IRQHandler                        0x080001fb   Thumb Code     0  startup_stm32f10x_hd.o(.text)
    TIM1_BRK_IRQHandler                      0x080001fb   Thumb Code     0  startup_stm32f10x_hd.o(.text)
    TIM1_CC_IRQHandler                       0x080001fb   Thumb Code     0  startup_stm32f10x_hd.o(.text)
    TIM1_TRG_COM_IRQHandler                  0x080001fb   Thumb Code     0  startup_stm32f10x_hd.o(.text)
    TIM1_UP_IRQHandler                       0x080001fb   Thumb Code     0  startup_stm32f10x_hd.o(.text)
    TIM2_IRQHandler                          0x080001fb   Thumb Code     0  startup_stm32f10x_hd.o(.text)
    TIM3_IRQHandler                          0x080001fb   Thumb Code     0  startup_stm32f10x_hd.o(.text)
    TIM4_IRQHandler                          0x080001fb   Thumb Code     0  startup_stm32f10x_hd.o(.text)
    TIM5_IRQHandler                          0x080001fb   Thumb Code     0  startup_stm32f10x_hd.o(.text)
    TIM6_IRQHandler                          0x080001fb   Thumb Code     0  startup_stm32f10x_hd.o(.text)
    TIM7_IRQHandler                          0x080001fb   Thumb Code     0  startup_stm32f10x_hd.o(.text)
    TIM8_BRK_IRQHandler                      0x080001fb   Thumb Code     0  startup_stm32f10x_hd.o(.text)
    TIM8_CC_IRQHandler                       0x080001fb   Thumb Code     0  startup_stm32f10x_hd.o(.text)
    TIM8_TRG_COM_IRQHandler                  0x080001fb   Thumb Code     0  startup_stm32f10x_hd.o(.text)
    TIM8_UP_IRQHandler                       0x080001fb   Thumb Code     0  startup_stm32f10x_hd.o(.text)
    UART4_IRQHandler                         0x080001fb   Thumb Code     0  startup_stm32f10x_hd.o(.text)
    UART5_IRQHandler                         0x080001fb   Thumb Code     0  startup_stm32f10x_hd.o(.text)
    USART2_IRQHandler                        0x080001fb   Thumb Code     0  startup_stm32f10x_hd.o(.text)
    USART3_IRQHandler                        0x080001fb   Thumb Code     0  startup_stm32f10x_hd.o(.text)
    USBWakeUp_IRQHandler                     0x080001fb   Thumb Code     0  startup_stm32f10x_hd.o(.text)
    USB_HP_CAN1_TX_IRQHandler                0x080001fb   Thumb Code     0  startup_stm32f10x_hd.o(.text)
    USB_LP_CAN1_RX0_IRQHandler               0x080001fb   Thumb Code     0  startup_stm32f10x_hd.o(.text)
    WWDG_IRQHandler                          0x080001fb   Thumb Code     0  startup_stm32f10x_hd.o(.text)
    __user_initial_stackheap                 0x080001fd   Thumb Code     0  startup_stm32f10x_hd.o(.text)
    __use_no_semihosting                     0x08000221   Thumb Code     2  use_no_semi_2.o(.text)
    __2printf                                0x08000225   Thumb Code    20  noretval__2printf.o(.text)
    __printf                                 0x0800023d   Thumb Code   104  __printf.o(.text)
    _printf_str                              0x080002a5   Thumb Code    82  _printf_str.o(.text)
    _printf_int_dec                          0x080002f9   Thumb Code   104  _printf_dec.o(.text)
    _printf_int_hex                          0x08000371   Thumb Code    84  _printf_hex_int.o(.text)
    _printf_longlong_hex                     0x08000371   Thumb Code     0  _printf_hex_int.o(.text)
    strcmp                                   0x080003c9   Thumb Code   128  strcmpv7m.o(.text)
    __use_two_region_memory                  0x08000449   Thumb Code     2  heapauxi.o(.text)
    __rt_heap_escrow$2region                 0x0800044b   Thumb Code     2  heapauxi.o(.text)
    __rt_heap_expand$2region                 0x0800044d   Thumb Code     2  heapauxi.o(.text)
    __I$use$semihosting                      0x0800044f   Thumb Code     0  use_no_semi.o(.text)
    __use_no_semihosting_swi                 0x0800044f   Thumb Code     2  use_no_semi.o(.text)
    __read_errno                             0x08000451   Thumb Code    10  _rserrno.o(.text)
    __set_errno                              0x0800045b   Thumb Code    12  _rserrno.o(.text)
    _printf_int_common                       0x08000467   Thumb Code   178  _printf_intcommon.o(.text)
    _printf_cs_common                        0x08000519   Thumb Code    20  _printf_char.o(.text)
    _printf_char                             0x0800052d   Thumb Code    16  _printf_char.o(.text)
    _printf_string                           0x0800053d   Thumb Code     8  _printf_char.o(.text)
    _printf_char_file                        0x08000545   Thumb Code    32  _printf_char_file.o(.text)
    __aeabi_errno_addr                       0x08000569   Thumb Code     8  rt_errno_addr_intlibspace.o(.text)
    __errno$intlibspace                      0x08000569   Thumb Code     0  rt_errno_addr_intlibspace.o(.text)
    __rt_errno_addr$intlibspace              0x08000569   Thumb Code     0  rt_errno_addr_intlibspace.o(.text)
    _printf_char_common                      0x0800057b   Thumb Code    32  _printf_char_common.o(.text)
    ferror                                   0x080005a1   Thumb Code     8  ferror.o(.text)
    __user_libspace                          0x080005a9   Thumb Code     8  libspace.o(.text)
    __user_perproc_libspace                  0x080005a9   Thumb Code     0  libspace.o(.text)
    __user_perthread_libspace                0x080005a9   Thumb Code     0  libspace.o(.text)
    __user_setup_stackheap                   0x080005b1   Thumb Code    74  sys_stackheap_outer.o(.text)
    exit                                     0x080005fb   Thumb Code    18  exit.o(.text)
    AT24CXX_Init                             0x0800060d   Thumb Code     8  24cxx.o(i.AT24CXX_Init)
    AT24CXX_ReadLenByte                      0x08000615   Thumb Code    44  24cxx.o(i.AT24CXX_ReadLenByte)
    AT24CXX_ReadOneByte                      0x08000641   Thumb Code    88  24cxx.o(i.AT24CXX_ReadOneByte)
    AT24CXX_WriteLenByte                     0x08000699   Thumb Code    42  24cxx.o(i.AT24CXX_WriteLenByte)
    AT24CXX_WriteOneByte                     0x080006c3   Thumb Code    80  24cxx.o(i.AT24CXX_WriteOneByte)
    BusFault_Handler                         0x08000713   Thumb Code     4  stm32f10x_it.o(i.BusFault_Handler)
    CT_Delay                                 0x08000717   Thumb Code    10  ctiic.o(i.CT_Delay)
    CT_IIC_Ack                               0x08000721   Thumb Code    62  ctiic.o(i.CT_IIC_Ack)
    CT_IIC_Init                              0x0800076d   Thumb Code    62  ctiic.o(i.CT_IIC_Init)
    CT_IIC_NAck                              0x080007b5   Thumb Code    62  ctiic.o(i.CT_IIC_NAck)
    CT_IIC_Read_Byte                         0x08000801   Thumb Code    92  ctiic.o(i.CT_IIC_Read_Byte)
    CT_IIC_Send_Byte                         0x08000869   Thumb Code    80  ctiic.o(i.CT_IIC_Send_Byte)
    CT_IIC_Start                             0x080008c5   Thumb Code    60  ctiic.o(i.CT_IIC_Start)
    CT_IIC_Stop                              0x0800090d   Thumb Code    60  ctiic.o(i.CT_IIC_Stop)
    CT_IIC_Wait_Ack                          0x08000955   Thumb Code    86  ctiic.o(i.CT_IIC_Wait_Ack)
    DebugMon_Handler                         0x080009b9   Thumb Code     2  stm32f10x_it.o(i.DebugMon_Handler)
    FT5206_Init                              0x080009bd   Thumb Code   214  ft5206.o(i.FT5206_Init)
    FT5206_RD_Reg                            0x08000aad   Thumb Code    88  ft5206.o(i.FT5206_RD_Reg)
    FT5206_Scan                              0x08000b05   Thumb Code   400  ft5206.o(i.FT5206_Scan)
    FT5206_WR_Reg                            0x08000ca1   Thumb Code    82  ft5206.o(i.FT5206_WR_Reg)
    GPIO_Init                                0x08000cf3   Thumb Code   278  stm32f10x_gpio.o(i.GPIO_Init)
    GPIO_PinRemapConfig                      0x08000e09   Thumb Code   138  stm32f10x_gpio.o(i.GPIO_PinRemapConfig)
    GPIO_ReadInputDataBit                    0x08000e99   Thumb Code    18  stm32f10x_gpio.o(i.GPIO_ReadInputDataBit)
    GPIO_ResetBits                           0x08000eab   Thumb Code     4  stm32f10x_gpio.o(i.GPIO_ResetBits)
    GPIO_SetBits                             0x08000eaf   Thumb Code     4  stm32f10x_gpio.o(i.GPIO_SetBits)
    GT9147_Init                              0x08000eb5   Thumb Code   242  gt9147.o(i.GT9147_Init)
    GT9147_RD_Reg                            0x08000fdd   Thumb Code    98  gt9147.o(i.GT9147_RD_Reg)
    GT9147_Scan                              0x08001041   Thumb Code   408  gt9147.o(i.GT9147_Scan)
    GT9147_Send_Cfg                          0x080011e5   Thumb Code    86  gt9147.o(i.GT9147_Send_Cfg)
    GT9147_WR_Reg                            0x08001241   Thumb Code    92  gt9147.o(i.GT9147_WR_Reg)
    HardFault_Handler                        0x0800129d   Thumb Code     4  stm32f10x_it.o(i.HardFault_Handler)
    IIC_Ack                                  0x080012a1   Thumb Code    66  myiic.o(i.IIC_Ack)
    IIC_Init                                 0x080012f1   Thumb Code    52  myiic.o(i.IIC_Init)
    IIC_NAck                                 0x08001331   Thumb Code    66  myiic.o(i.IIC_NAck)
    IIC_Read_Byte                            0x08001381   Thumb Code    98  myiic.o(i.IIC_Read_Byte)
    IIC_Send_Byte                            0x080013f1   Thumb Code    90  myiic.o(i.IIC_Send_Byte)
    IIC_Start                                0x08001459   Thumb Code    64  myiic.o(i.IIC_Start)
    IIC_Stop                                 0x080014a5   Thumb Code    62  myiic.o(i.IIC_Stop)
    IIC_Wait_Ack                             0x080014f1   Thumb Code    86  myiic.o(i.IIC_Wait_Ack)
    KEY_Init                                 0x08001555   Thumb Code    82  key.o(i.KEY_Init)
    KEY_Scan                                 0x080015b5   Thumb Code   154  key.o(i.KEY_Scan)
    LCD_Clear                                0x0800165d   Thumb Code   122  lcd.o(i.LCD_Clear)
    LCD_Display_Dir                          0x080016e5   Thumb Code   444  lcd.o(i.LCD_Display_Dir)
    LCD_DrawLine                             0x080018a5   Thumb Code   176  lcd.o(i.LCD_DrawLine)
    LCD_DrawPoint                            0x08001955   Thumb Code    52  lcd.o(i.LCD_DrawPoint)
    LCD_Draw_Circle                          0x08001995   Thumb Code   152  lcd.o(i.LCD_Draw_Circle)
    LCD_Fast_DrawPoint                       0x08001a2d   Thumb Code   854  lcd.o(i.LCD_Fast_DrawPoint)
    LCD_Fill                                 0x08001d91   Thumb Code   200  lcd.o(i.LCD_Fill)
    LCD_Init                                 0x08001e65   Thumb Code 15292  lcd.o(i.LCD_Init)
    LCD_Pow                                  0x08005a21   Thumb Code    22  lcd.o(i.LCD_Pow)
    LCD_RD_DATA                              0x08005a39   Thumb Code    98  lcd.o(i.LCD_RD_DATA)
    LCD_ReadReg                              0x08005aa9   Thumb Code    16  lcd.o(i.LCD_ReadReg)
    LCD_SSD_BackLightSet                     0x08005ab9   Thumb Code   198  lcd.o(i.LCD_SSD_BackLightSet)
    LCD_Scan_Dir                             0x08005b8d   Thumb Code  1112  lcd.o(i.LCD_Scan_Dir)
    LCD_SetCursor                            0x08005fe5   Thumb Code   944  lcd.o(i.LCD_SetCursor)
    LCD_ShowChar                             0x080063a1   Thumb Code   272  lcd.o(i.LCD_ShowChar)
    LCD_ShowNum                              0x080064c9   Thumb Code   148  lcd.o(i.LCD_ShowNum)
    LCD_ShowString                           0x0800655d   Thumb Code   102  lcd.o(i.LCD_ShowString)
    LCD_WR_DATAX                             0x080065c5   Thumb Code    28  lcd.o(i.LCD_WR_DATAX)
    LCD_WR_REG                               0x080065e9   Thumb Code    28  lcd.o(i.LCD_WR_REG)
    LCD_WriteRAM_Prepare                     0x0800660d   Thumb Code    12  lcd.o(i.LCD_WriteRAM_Prepare)
    LCD_WriteReg                             0x0800661d   Thumb Code    40  lcd.o(i.LCD_WriteReg)
    LED_Init                                 0x0800664d   Thumb Code    72  led.o(i.LED_Init)
    Load_Drow_Dialog                         0x0800669d   Thumb Code    52  main.o(i.Load_Drow_Dialog)
    MemManage_Handler                        0x080066dd   Thumb Code     4  stm32f10x_it.o(i.MemManage_Handler)
    NMI_Handler                              0x080066e1   Thumb Code     2  stm32f10x_it.o(i.NMI_Handler)
    NVIC_Init                                0x080066e5   Thumb Code   100  misc.o(i.NVIC_Init)
    NVIC_PriorityGroupConfig                 0x08006755   Thumb Code    10  misc.o(i.NVIC_PriorityGroupConfig)
    OTT2001A_Init                            0x08006769   Thumb Code   156  ott2001a.o(i.OTT2001A_Init)
    OTT2001A_RD_Reg                          0x0800681d   Thumb Code    98  ott2001a.o(i.OTT2001A_RD_Reg)
    OTT2001A_Scan                            0x08006881   Thumb Code   446  ott2001a.o(i.OTT2001A_Scan)
    OTT2001A_SensorControl                   0x08006a61   Thumb Code    28  ott2001a.o(i.OTT2001A_SensorControl)
    OTT2001A_WR_Reg                          0x08006a7d   Thumb Code    92  ott2001a.o(i.OTT2001A_WR_Reg)
    PendSV_Handler                           0x08006ad9   Thumb Code     2  stm32f10x_it.o(i.PendSV_Handler)
    RCC_APB2PeriphClockCmd                   0x08006add   Thumb Code    26  stm32f10x_rcc.o(i.RCC_APB2PeriphClockCmd)
    RCC_GetClocksFreq                        0x08006afd   Thumb Code   192  stm32f10x_rcc.o(i.RCC_GetClocksFreq)
    SVC_Handler                              0x08006bd1   Thumb Code     2  stm32f10x_it.o(i.SVC_Handler)
    SysTick_CLKSourceConfig                  0x08006cbd   Thumb Code    40  misc.o(i.SysTick_CLKSourceConfig)
    SysTick_Handler                          0x08006ce5   Thumb Code     2  stm32f10x_it.o(i.SysTick_Handler)
    SystemInit                               0x08006ce9   Thumb Code    78  system_stm32f10x.o(i.SystemInit)
    TP_Adj_Info_Show                         0x08006d49   Thumb Code   376  touch.o(i.TP_Adj_Info_Show)
    TP_Adjust                                0x08006ef1   Thumb Code  1234  touch.o(i.TP_Adjust)
    TP_Draw_Big_Point                        0x080073f1   Thumb Code    54  touch.o(i.TP_Draw_Big_Point)
    TP_Drow_Touch_Point                      0x0800742d   Thumb Code   108  touch.o(i.TP_Drow_Touch_Point)
    TP_Get_Adjdata                           0x0800749d   Thumb Code   152  touch.o(i.TP_Get_Adjdata)
    TP_Init                                  0x08007545   Thumb Code   248  touch.o(i.TP_Init)
    TP_Read_AD                               0x08007655   Thumb Code   126  touch.o(i.TP_Read_AD)
    TP_Read_XOY                              0x080076dd   Thumb Code   120  touch.o(i.TP_Read_XOY)
    TP_Read_XY                               0x08007755   Thumb Code    38  touch.o(i.TP_Read_XY)
    TP_Read_XY2                              0x08007785   Thumb Code   192  touch.o(i.TP_Read_XY2)
    TP_Save_Adjdata                          0x08007845   Thumb Code   110  touch.o(i.TP_Save_Adjdata)
    TP_Scan                                  0x080078bd   Thumb Code   262  touch.o(i.TP_Scan)
    TP_Write_Byte                            0x080079cd   Thumb Code    56  touch.o(i.TP_Write_Byte)
    USART1_IRQHandler                        0x08007a0d   Thumb Code   122  usart.o(i.USART1_IRQHandler)
    USART_Cmd                                0x08007a95   Thumb Code    24  stm32f10x_usart.o(i.USART_Cmd)
    USART_GetITStatus                        0x08007aad   Thumb Code    84  stm32f10x_usart.o(i.USART_GetITStatus)
    USART_ITConfig                           0x08007b01   Thumb Code    74  stm32f10x_usart.o(i.USART_ITConfig)
    USART_Init                               0x08007b4d   Thumb Code   210  stm32f10x_usart.o(i.USART_Init)
    USART_ReceiveData                        0x08007c25   Thumb Code    10  stm32f10x_usart.o(i.USART_ReceiveData)
    UsageFault_Handler                       0x08007c2f   Thumb Code     4  stm32f10x_it.o(i.UsageFault_Handler)
    _sys_exit                                0x08007c33   Thumb Code     6  usart.o(i._sys_exit)
    ctp_test                                 0x08007c39   Thumb Code   276  main.o(i.ctp_test)
    delay_init                               0x08007d5d   Thumb Code    50  delay.o(i.delay_init)
    delay_ms                                 0x08007da1   Thumb Code    72  delay.o(i.delay_ms)
    delay_us                                 0x08007ded   Thumb Code    72  delay.o(i.delay_us)
    fputc                                    0x08007e39   Thumb Code    24  usart.o(i.fputc)
    gui_draw_hline                           0x08007e55   Thumb Code    36  main.o(i.gui_draw_hline)
    gui_fill_circle                          0x08007e79   Thumb Code   176  main.o(i.gui_fill_circle)
    lcd_draw_bline                           0x08007f29   Thumb Code   212  main.o(i.lcd_draw_bline)
    main                                     0x08007ffd   Thumb Code   190  main.o(i.main)
    rtp_test                                 0x08008111   Thumb Code   164  main.o(i.rtp_test)
    sqrt                                     0x080081c1   Thumb Code    76  sqrt.o(i.sqrt)
    uart_init                                0x0800820d   Thumb Code   152  usart.o(i.uart_init)
    __aeabi_dadd                             0x080082ad   Thumb Code     0  daddsub_clz.o(x$fpl$dadd)
    _dadd                                    0x080082ad   Thumb Code   332  daddsub_clz.o(x$fpl$dadd)
    __fpl_dcmp_Inf                           0x080083fd   Thumb Code    24  dcmpi.o(x$fpl$dcmpinf)
    __aeabi_d2uiz                            0x08008415   Thumb Code     0  dfixu.o(x$fpl$dfixu)
    _dfixu                                   0x08008415   Thumb Code    90  dfixu.o(x$fpl$dfixu)
    __aeabi_i2d                              0x0800846f   Thumb Code     0  dflt_clz.o(x$fpl$dflt)
    _dflt                                    0x0800846f   Thumb Code    46  dflt_clz.o(x$fpl$dflt)
    __aeabi_ui2d                             0x0800849d   Thumb Code     0  dflt_clz.o(x$fpl$dfltu)
    _dfltu                                   0x0800849d   Thumb Code    38  dflt_clz.o(x$fpl$dfltu)
    __aeabi_cdcmple                          0x080084c5   Thumb Code     0  dleqf.o(x$fpl$dleqf)
    _dcmple                                  0x080084c5   Thumb Code   120  dleqf.o(x$fpl$dleqf)
    __fpl_dcmple_InfNaN                      0x08008527   Thumb Code     0  dleqf.o(x$fpl$dleqf)
    __aeabi_dmul                             0x0800853d   Thumb Code     0  dmul.o(x$fpl$dmul)
    _dmul                                    0x0800853d   Thumb Code   332  dmul.o(x$fpl$dmul)
    __fpl_dnaninf                            0x08008691   Thumb Code   156  dnaninf.o(x$fpl$dnaninf)
    __fpl_dretinf                            0x0800872d   Thumb Code    12  dretinf.o(x$fpl$dretinf)
    __aeabi_cdrcmple                         0x08008739   Thumb Code     0  drleqf.o(x$fpl$drleqf)
    _drcmple                                 0x08008739   Thumb Code   108  drleqf.o(x$fpl$drleqf)
    __aeabi_drsub                            0x080087a5   Thumb Code     0  daddsub_clz.o(x$fpl$drsb)
    _drsb                                    0x080087a5   Thumb Code    22  daddsub_clz.o(x$fpl$drsb)
    _dsqrt                                   0x080087bd   Thumb Code   456  dsqrt_noumaal.o(x$fpl$dsqrt)
    __aeabi_dsub                             0x08008989   Thumb Code     0  daddsub_clz.o(x$fpl$dsub)
    _dsub                                    0x08008989   Thumb Code   464  daddsub_clz.o(x$fpl$dsub)
    __aeabi_f2d                              0x08008b5d   Thumb Code     0  f2d.o(x$fpl$f2d)
    _f2d                                     0x08008b5d   Thumb Code    86  f2d.o(x$fpl$f2d)
    __aeabi_fadd                             0x08008bb5   Thumb Code     0  faddsub_clz.o(x$fpl$fadd)
    _fadd                                    0x08008bb5   Thumb Code   196  faddsub_clz.o(x$fpl$fadd)
    __aeabi_fdiv                             0x08008c79   Thumb Code     0  fdiv.o(x$fpl$fdiv)
    _fdiv                                    0x08008c79   Thumb Code   384  fdiv.o(x$fpl$fdiv)
    __aeabi_f2iz                             0x08008dfd   Thumb Code     0  ffix.o(x$fpl$ffix)
    _ffix                                    0x08008dfd   Thumb Code    54  ffix.o(x$fpl$ffix)
    __aeabi_f2uiz                            0x08008e35   Thumb Code     0  ffixu.o(x$fpl$ffixu)
    _ffixu                                   0x08008e35   Thumb Code    62  ffixu.o(x$fpl$ffixu)
    __aeabi_i2f                              0x08008e75   Thumb Code     0  fflt_clz.o(x$fpl$fflt)
    _fflt                                    0x08008e75   Thumb Code    48  fflt_clz.o(x$fpl$fflt)
    __aeabi_ui2f                             0x08008ea5   Thumb Code     0  fflt_clz.o(x$fpl$ffltu)
    _ffltu                                   0x08008ea5   Thumb Code    38  fflt_clz.o(x$fpl$ffltu)
    __aeabi_fmul                             0x08008ecd   Thumb Code     0  fmul.o(x$fpl$fmul)
    _fmul                                    0x08008ecd   Thumb Code   258  fmul.o(x$fpl$fmul)
    __fpl_fnaninf                            0x08008fcf   Thumb Code   140  fnaninf.o(x$fpl$fnaninf)
    __fpl_fretinf                            0x0800905b   Thumb Code    10  fretinf.o(x$fpl$fretinf)
    __aeabi_fsub                             0x08009065   Thumb Code     0  faddsub_clz.o(x$fpl$fsub)
    _fsub                                    0x08009065   Thumb Code   234  faddsub_clz.o(x$fpl$fsub)
    POINT_COLOR_TBL                          0x0800914e   Data          10  main.o(.constdata)
    __I$use$fp                               0x0800914e   Number         0  usenofp.o(x$fpl$usenofp)
    asc2_1206                                0x08009158   Data        1140  lcd.o(.constdata)
    asc2_1608                                0x080095cc   Data        1520  lcd.o(.constdata)
    asc2_2412                                0x08009bbc   Data        3420  lcd.o(.constdata)
    OTT_TPX_TBL                              0x0800a918   Data          10  ott2001a.o(.constdata)
    TP_ADJDIS_TBL                            0x0800a922   Data          12  touch.o(.constdata)
    GT9147_CFG_TBL                           0x0800a92e   Data         184  gt9147.o(.constdata)
    GT9147_TPX_TBL                           0x0800a9e6   Data          10  gt9147.o(.constdata)
    FT5206_TPX_TBL                           0x0800a9f0   Data          10  ft5206.o(.constdata)
    Region$$Table$$Base                      0x0800aaa0   Number         0  anon$$obj.o(Region$$Table)
    Region$$Table$$Limit                     0x0800aac0   Number         0  anon$$obj.o(Region$$Table)
    SystemCoreClock                          0x20000000   Data           4  system_stm32f10x.o(.data)
    AHBPrescTable                            0x20000004   Data          16  system_stm32f10x.o(.data)
    POINT_COLOR                              0x20000014   Data           2  lcd.o(.data)
    BACK_COLOR                               0x20000016   Data           2  lcd.o(.data)
    tp_dev                                   0x2000001c   Data          52  touch.o(.data)
    CMD_RDX                                  0x20000050   Data           1  touch.o(.data)
    CMD_RDY                                  0x20000051   Data           1  touch.o(.data)
    TP_REMIND_MSG_TBL                        0x20000054   Data           4  touch.o(.data)
    __stdout                                 0x20000060   Data           4  usart.o(.data)
    USART_RX_STA                             0x20000064   Data           2  usart.o(.data)
    lcddev                                   0x2000007c   Data          14  lcd.o(.bss)
    USART_RX_BUF                             0x2000008a   Data         200  usart.o(.bss)
    __libspace_start                         0x20000154   Data          96  libspace.o(.bss)
    __temporary_stack_top$libspace           0x200001b4   Data           0  libspace.o(.bss)



==============================================================================

Memory Map of the image

  Image Entry point : 0x08000131

  Load Region LR_IROM1 (Base: 0x08000000, Size: 0x0000ab3c, Max: 0x00040000, ABSOLUTE)

    Execution Region ER_IROM1 (Exec base: 0x08000000, Load base: 0x08000000, Size: 0x0000aac0, Max: 0x00040000, ABSOLUTE)

    Exec Addr    Load Addr    Size         Type   Attr      Idx    E Section Name        Object

    0x08000000   0x08000000   0x00000130   Data   RO          982    RESET               startup_stm32f10x_hd.o
    0x08000130   0x08000130   0x00000008   Code   RO         1580  * !!!main             c_w.l(__main.o)
    0x08000138   0x08000138   0x00000034   Code   RO         1828    !!!scatter          c_w.l(__scatter.o)
    0x0800016c   0x0800016c   0x0000001a   Code   RO         1830    !!handler_copy      c_w.l(__scatter_copy.o)
    0x08000186   0x08000186   0x00000002   PAD
    0x08000188   0x08000188   0x0000001c   Code   RO         1832    !!handler_zi        c_w.l(__scatter_zi.o)
    0x080001a4   0x080001a4   0x00000000   Code   RO         1575    .ARM.Collect$$_printf_percent$$00000000  c_w.l(_printf_percent.o)
    0x080001a4   0x080001a4   0x00000006   Code   RO         1574    .ARM.Collect$$_printf_percent$$00000009  c_w.l(_printf_d.o)
    0x080001aa   0x080001aa   0x00000006   Code   RO         1573    .ARM.Collect$$_printf_percent$$0000000C  c_w.l(_printf_x.o)
    0x080001b0   0x080001b0   0x00000006   Code   RO         1572    .ARM.Collect$$_printf_percent$$00000014  c_w.l(_printf_s.o)
    0x080001b6   0x080001b6   0x00000004   Code   RO         1651    .ARM.Collect$$_printf_percent$$00000017  c_w.l(_printf_percent_end.o)
    0x080001ba   0x080001ba   0x00000002   Code   RO         1705    .ARM.Collect$$libinit$$00000000  c_w.l(libinit.o)
    0x080001bc   0x080001bc   0x00000000   Code   RO         1709    .ARM.Collect$$libinit$$00000002  c_w.l(libinit2.o)
    0x080001bc   0x080001bc   0x00000000   Code   RO         1711    .ARM.Collect$$libinit$$00000004  c_w.l(libinit2.o)
    0x080001bc   0x080001bc   0x00000000   Code   RO         1714    .ARM.Collect$$libinit$$0000000A  c_w.l(libinit2.o)
    0x080001bc   0x080001bc   0x00000000   Code   RO         1716    .ARM.Collect$$libinit$$0000000C  c_w.l(libinit2.o)
    0x080001bc   0x080001bc   0x00000000   Code   RO         1718    .ARM.Collect$$libinit$$0000000E  c_w.l(libinit2.o)
    0x080001bc   0x080001bc   0x00000000   Code   RO         1721    .ARM.Collect$$libinit$$00000011  c_w.l(libinit2.o)
    0x080001bc   0x080001bc   0x00000000   Code   RO         1723    .ARM.Collect$$libinit$$00000013  c_w.l(libinit2.o)
    0x080001bc   0x080001bc   0x00000000   Code   RO         1725    .ARM.Collect$$libinit$$00000015  c_w.l(libinit2.o)
    0x080001bc   0x080001bc   0x00000000   Code   RO         1727    .ARM.Collect$$libinit$$00000017  c_w.l(libinit2.o)
    0x080001bc   0x080001bc   0x00000000   Code   RO         1729    .ARM.Collect$$libinit$$00000019  c_w.l(libinit2.o)
    0x080001bc   0x080001bc   0x00000000   Code   RO         1731    .ARM.Collect$$libinit$$0000001B  c_w.l(libinit2.o)
    0x080001bc   0x080001bc   0x00000000   Code   RO         1733    .ARM.Collect$$libinit$$0000001D  c_w.l(libinit2.o)
    0x080001bc   0x080001bc   0x00000000   Code   RO         1735    .ARM.Collect$$libinit$$0000001F  c_w.l(libinit2.o)
    0x080001bc   0x080001bc   0x00000000   Code   RO         1737    .ARM.Collect$$libinit$$00000021  c_w.l(libinit2.o)
    0x080001bc   0x080001bc   0x00000000   Code   RO         1739    .ARM.Collect$$libinit$$00000023  c_w.l(libinit2.o)
    0x080001bc   0x080001bc   0x00000000   Code   RO         1741    .ARM.Collect$$libinit$$00000025  c_w.l(libinit2.o)
    0x080001bc   0x080001bc   0x00000000   Code   RO         1745    .ARM.Collect$$libinit$$0000002C  c_w.l(libinit2.o)
    0x080001bc   0x080001bc   0x00000000   Code   RO         1747    .ARM.Collect$$libinit$$0000002E  c_w.l(libinit2.o)
    0x080001bc   0x080001bc   0x00000000   Code   RO         1749    .ARM.Collect$$libinit$$00000030  c_w.l(libinit2.o)
    0x080001bc   0x080001bc   0x00000000   Code   RO         1751    .ARM.Collect$$libinit$$00000032  c_w.l(libinit2.o)
    0x080001bc   0x080001bc   0x00000002   Code   RO         1752    .ARM.Collect$$libinit$$00000033  c_w.l(libinit2.o)
    0x080001be   0x080001be   0x00000002   Code   RO         1770    .ARM.Collect$$libshutdown$$00000000  c_w.l(libshutdown.o)
    0x080001c0   0x080001c0   0x00000000   Code   RO         1780    .ARM.Collect$$libshutdown$$00000002  c_w.l(libshutdown2.o)
    0x080001c0   0x080001c0   0x00000000   Code   RO         1782    .ARM.Collect$$libshutdown$$00000004  c_w.l(libshutdown2.o)
    0x080001c0   0x080001c0   0x00000000   Code   RO         1785    .ARM.Collect$$libshutdown$$00000007  c_w.l(libshutdown2.o)
    0x080001c0   0x080001c0   0x00000000   Code   RO         1788    .ARM.Collect$$libshutdown$$0000000A  c_w.l(libshutdown2.o)
    0x080001c0   0x080001c0   0x00000000   Code   RO         1790    .ARM.Collect$$libshutdown$$0000000C  c_w.l(libshutdown2.o)
    0x080001c0   0x080001c0   0x00000000   Code   RO         1793    .ARM.Collect$$libshutdown$$0000000F  c_w.l(libshutdown2.o)
    0x080001c0   0x080001c0   0x00000002   Code   RO         1794    .ARM.Collect$$libshutdown$$00000010  c_w.l(libshutdown2.o)
    0x080001c2   0x080001c2   0x00000000   Code   RO         1642    .ARM.Collect$$rtentry$$00000000  c_w.l(__rtentry.o)
    0x080001c2   0x080001c2   0x00000000   Code   RO         1666    .ARM.Collect$$rtentry$$00000002  c_w.l(__rtentry2.o)
    0x080001c2   0x080001c2   0x00000006   Code   RO         1678    .ARM.Collect$$rtentry$$00000004  c_w.l(__rtentry4.o)
    0x080001c8   0x080001c8   0x00000000   Code   RO         1668    .ARM.Collect$$rtentry$$00000009  c_w.l(__rtentry2.o)
    0x080001c8   0x080001c8   0x00000004   Code   RO         1669    .ARM.Collect$$rtentry$$0000000A  c_w.l(__rtentry2.o)
    0x080001cc   0x080001cc   0x00000000   Code   RO         1671    .ARM.Collect$$rtentry$$0000000C  c_w.l(__rtentry2.o)
    0x080001cc   0x080001cc   0x00000008   Code   RO         1672    .ARM.Collect$$rtentry$$0000000D  c_w.l(__rtentry2.o)
    0x080001d4   0x080001d4   0x00000002   Code   RO         1706    .ARM.Collect$$rtexit$$00000000  c_w.l(rtexit.o)
    0x080001d6   0x080001d6   0x00000000   Code   RO         1754    .ARM.Collect$$rtexit$$00000002  c_w.l(rtexit2.o)
    0x080001d6   0x080001d6   0x00000004   Code   RO         1755    .ARM.Collect$$rtexit$$00000003  c_w.l(rtexit2.o)
    0x080001da   0x080001da   0x00000006   Code   RO         1756    .ARM.Collect$$rtexit$$00000004  c_w.l(rtexit2.o)
    0x080001e0   0x080001e0   0x00000040   Code   RO          983    .text               startup_stm32f10x_hd.o
    0x08000220   0x08000220   0x00000002   Code   RO         1519    .text               c_w.l(use_no_semi_2.o)
    0x08000222   0x08000222   0x00000002   PAD
    0x08000224   0x08000224   0x00000018   Code   RO         1523    .text               c_w.l(noretval__2printf.o)
    0x0800023c   0x0800023c   0x00000068   Code   RO         1525    .text               c_w.l(__printf.o)
    0x080002a4   0x080002a4   0x00000052   Code   RO         1527    .text               c_w.l(_printf_str.o)
    0x080002f6   0x080002f6   0x00000002   PAD
    0x080002f8   0x080002f8   0x00000078   Code   RO         1529    .text               c_w.l(_printf_dec.o)
    0x08000370   0x08000370   0x00000058   Code   RO         1534    .text               c_w.l(_printf_hex_int.o)
    0x080003c8   0x080003c8   0x00000080   Code   RO         1576    .text               c_w.l(strcmpv7m.o)
    0x08000448   0x08000448   0x00000006   Code   RO         1578    .text               c_w.l(heapauxi.o)
    0x0800044e   0x0800044e   0x00000002   Code   RO         1640    .text               c_w.l(use_no_semi.o)
    0x08000450   0x08000450   0x00000016   Code   RO         1643    .text               c_w.l(_rserrno.o)
    0x08000466   0x08000466   0x000000b2   Code   RO         1645    .text               c_w.l(_printf_intcommon.o)
    0x08000518   0x08000518   0x0000002c   Code   RO         1647    .text               c_w.l(_printf_char.o)
    0x08000544   0x08000544   0x00000024   Code   RO         1649    .text               c_w.l(_printf_char_file.o)
    0x08000568   0x08000568   0x00000008   Code   RO         1683    .text               c_w.l(rt_errno_addr_intlibspace.o)
    0x08000570   0x08000570   0x00000030   Code   RO         1685    .text               c_w.l(_printf_char_common.o)
    0x080005a0   0x080005a0   0x00000008   Code   RO         1687    .text               c_w.l(ferror.o)
    0x080005a8   0x080005a8   0x00000008   Code   RO         1691    .text               c_w.l(libspace.o)
    0x080005b0   0x080005b0   0x0000004a   Code   RO         1694    .text               c_w.l(sys_stackheap_outer.o)
    0x080005fa   0x080005fa   0x00000012   Code   RO         1698    .text               c_w.l(exit.o)
    0x0800060c   0x0800060c   0x00000008   Code   RO          545    i.AT24CXX_Init      24cxx.o
    0x08000614   0x08000614   0x0000002c   Code   RO          547    i.AT24CXX_ReadLenByte  24cxx.o
    0x08000640   0x08000640   0x00000058   Code   RO          548    i.AT24CXX_ReadOneByte  24cxx.o
    0x08000698   0x08000698   0x0000002a   Code   RO          550    i.AT24CXX_WriteLenByte  24cxx.o
    0x080006c2   0x080006c2   0x00000050   Code   RO          551    i.AT24CXX_WriteOneByte  24cxx.o
    0x08000712   0x08000712   0x00000004   Code   RO          135    i.BusFault_Handler  stm32f10x_it.o
    0x08000716   0x08000716   0x0000000a   Code   RO          598    i.CT_Delay          ctiic.o
    0x08000720   0x08000720   0x0000004c   Code   RO          599    i.CT_IIC_Ack        ctiic.o
    0x0800076c   0x0800076c   0x00000048   Code   RO          600    i.CT_IIC_Init       ctiic.o
    0x080007b4   0x080007b4   0x0000004c   Code   RO          601    i.CT_IIC_NAck       ctiic.o
    0x08000800   0x08000800   0x00000068   Code   RO          602    i.CT_IIC_Read_Byte  ctiic.o
    0x08000868   0x08000868   0x0000005c   Code   RO          603    i.CT_IIC_Send_Byte  ctiic.o
    0x080008c4   0x080008c4   0x00000048   Code   RO          604    i.CT_IIC_Start      ctiic.o
    0x0800090c   0x0800090c   0x00000048   Code   RO          605    i.CT_IIC_Stop       ctiic.o
    0x08000954   0x08000954   0x00000064   Code   RO          606    i.CT_IIC_Wait_Ack   ctiic.o
    0x080009b8   0x080009b8   0x00000002   Code   RO          136    i.DebugMon_Handler  stm32f10x_it.o
    0x080009ba   0x080009ba   0x00000002   PAD
    0x080009bc   0x080009bc   0x000000f0   Code   RO          840    i.FT5206_Init       ft5206.o
    0x08000aac   0x08000aac   0x00000058   Code   RO          841    i.FT5206_RD_Reg     ft5206.o
    0x08000b04   0x08000b04   0x0000019c   Code   RO          842    i.FT5206_Scan       ft5206.o
    0x08000ca0   0x08000ca0   0x00000052   Code   RO          843    i.FT5206_WR_Reg     ft5206.o
    0x08000cf2   0x08000cf2   0x00000116   Code   RO          993    i.GPIO_Init         stm32f10x_gpio.o
    0x08000e08   0x08000e08   0x00000090   Code   RO          995    i.GPIO_PinRemapConfig  stm32f10x_gpio.o
    0x08000e98   0x08000e98   0x00000012   Code   RO          997    i.GPIO_ReadInputDataBit  stm32f10x_gpio.o
    0x08000eaa   0x08000eaa   0x00000004   Code   RO         1000    i.GPIO_ResetBits    stm32f10x_gpio.o
    0x08000eae   0x08000eae   0x00000004   Code   RO         1001    i.GPIO_SetBits      stm32f10x_gpio.o
    0x08000eb2   0x08000eb2   0x00000002   PAD
    0x08000eb4   0x08000eb4   0x00000128   Code   RO          797    i.GT9147_Init       gt9147.o
    0x08000fdc   0x08000fdc   0x00000062   Code   RO          798    i.GT9147_RD_Reg     gt9147.o
    0x0800103e   0x0800103e   0x00000002   PAD
    0x08001040   0x08001040   0x000001a4   Code   RO          799    i.GT9147_Scan       gt9147.o
    0x080011e4   0x080011e4   0x0000005c   Code   RO          800    i.GT9147_Send_Cfg   gt9147.o
    0x08001240   0x08001240   0x0000005c   Code   RO          801    i.GT9147_WR_Reg     gt9147.o
    0x0800129c   0x0800129c   0x00000004   Code   RO          137    i.HardFault_Handler  stm32f10x_it.o
    0x080012a0   0x080012a0   0x00000050   Code   RO          490    i.IIC_Ack           myiic.o
    0x080012f0   0x080012f0   0x00000040   Code   RO          491    i.IIC_Init          myiic.o
    0x08001330   0x08001330   0x00000050   Code   RO          492    i.IIC_NAck          myiic.o
    0x08001380   0x08001380   0x00000070   Code   RO          493    i.IIC_Read_Byte     myiic.o
    0x080013f0   0x080013f0   0x00000068   Code   RO          494    i.IIC_Send_Byte     myiic.o
    0x08001458   0x08001458   0x0000004c   Code   RO          495    i.IIC_Start         myiic.o
    0x080014a4   0x080014a4   0x0000004c   Code   RO          496    i.IIC_Stop          myiic.o
    0x080014f0   0x080014f0   0x00000064   Code   RO          497    i.IIC_Wait_Ack      myiic.o
    0x08001554   0x08001554   0x00000060   Code   RO          471    i.KEY_Init          key.o
    0x080015b4   0x080015b4   0x000000a8   Code   RO          472    i.KEY_Scan          key.o
    0x0800165c   0x0800165c   0x00000088   Code   RO          262    i.LCD_Clear         lcd.o
    0x080016e4   0x080016e4   0x000001c0   Code   RO          266    i.LCD_Display_Dir   lcd.o
    0x080018a4   0x080018a4   0x000000b0   Code   RO          267    i.LCD_DrawLine      lcd.o
    0x08001954   0x08001954   0x00000040   Code   RO          268    i.LCD_DrawPoint     lcd.o
    0x08001994   0x08001994   0x00000098   Code   RO          270    i.LCD_Draw_Circle   lcd.o
    0x08001a2c   0x08001a2c   0x00000364   Code   RO          271    i.LCD_Fast_DrawPoint  lcd.o
    0x08001d90   0x08001d90   0x000000d4   Code   RO          272    i.LCD_Fill          lcd.o
    0x08001e64   0x08001e64   0x00003bbc   Code   RO          273    i.LCD_Init          lcd.o
    0x08005a20   0x08005a20   0x00000016   Code   RO          274    i.LCD_Pow           lcd.o
    0x08005a36   0x08005a36   0x00000002   PAD
    0x08005a38   0x08005a38   0x00000070   Code   RO          275    i.LCD_RD_DATA       lcd.o
    0x08005aa8   0x08005aa8   0x00000010   Code   RO          277    i.LCD_ReadReg       lcd.o
    0x08005ab8   0x08005ab8   0x000000d4   Code   RO          278    i.LCD_SSD_BackLightSet  lcd.o
    0x08005b8c   0x08005b8c   0x00000458   Code   RO          279    i.LCD_Scan_Dir      lcd.o
    0x08005fe4   0x08005fe4   0x000003bc   Code   RO          280    i.LCD_SetCursor     lcd.o
    0x080063a0   0x080063a0   0x00000128   Code   RO          282    i.LCD_ShowChar      lcd.o
    0x080064c8   0x080064c8   0x00000094   Code   RO          283    i.LCD_ShowNum       lcd.o
    0x0800655c   0x0800655c   0x00000066   Code   RO          284    i.LCD_ShowString    lcd.o
    0x080065c2   0x080065c2   0x00000002   PAD
    0x080065c4   0x080065c4   0x00000024   Code   RO          286    i.LCD_WR_DATAX      lcd.o
    0x080065e8   0x080065e8   0x00000024   Code   RO          287    i.LCD_WR_REG        lcd.o
    0x0800660c   0x0800660c   0x00000010   Code   RO          289    i.LCD_WriteRAM_Prepare  lcd.o
    0x0800661c   0x0800661c   0x00000030   Code   RO          290    i.LCD_WriteReg      lcd.o
    0x0800664c   0x0800664c   0x00000050   Code   RO          249    i.LED_Init          led.o
    0x0800669c   0x0800669c   0x00000040   Code   RO            1    i.Load_Drow_Dialog  main.o
    0x080066dc   0x080066dc   0x00000004   Code   RO          138    i.MemManage_Handler  stm32f10x_it.o
    0x080066e0   0x080066e0   0x00000002   Code   RO          139    i.NMI_Handler       stm32f10x_it.o
    0x080066e2   0x080066e2   0x00000002   PAD
    0x080066e4   0x080066e4   0x00000070   Code   RO         1481    i.NVIC_Init         misc.o
    0x08006754   0x08006754   0x00000014   Code   RO         1482    i.NVIC_PriorityGroupConfig  misc.o
    0x08006768   0x08006768   0x000000b4   Code   RO          661    i.OTT2001A_Init     ott2001a.o
    0x0800681c   0x0800681c   0x00000062   Code   RO          662    i.OTT2001A_RD_Reg   ott2001a.o
    0x0800687e   0x0800687e   0x00000002   PAD
    0x08006880   0x08006880   0x000001e0   Code   RO          663    i.OTT2001A_Scan     ott2001a.o
    0x08006a60   0x08006a60   0x0000001c   Code   RO          664    i.OTT2001A_SensorControl  ott2001a.o
    0x08006a7c   0x08006a7c   0x0000005c   Code   RO          665    i.OTT2001A_WR_Reg   ott2001a.o
    0x08006ad8   0x08006ad8   0x00000002   Code   RO          140    i.PendSV_Handler    stm32f10x_it.o
    0x08006ada   0x08006ada   0x00000002   PAD
    0x08006adc   0x08006adc   0x00000020   Code   RO         1105    i.RCC_APB2PeriphClockCmd  stm32f10x_rcc.o
    0x08006afc   0x08006afc   0x000000d4   Code   RO         1113    i.RCC_GetClocksFreq  stm32f10x_rcc.o
    0x08006bd0   0x08006bd0   0x00000002   Code   RO          141    i.SVC_Handler       stm32f10x_it.o
    0x08006bd2   0x08006bd2   0x00000008   Code   RO          215    i.SetSysClock       system_stm32f10x.o
    0x08006bda   0x08006bda   0x00000002   PAD
    0x08006bdc   0x08006bdc   0x000000e0   Code   RO          216    i.SetSysClockTo72   system_stm32f10x.o
    0x08006cbc   0x08006cbc   0x00000028   Code   RO         1485    i.SysTick_CLKSourceConfig  misc.o
    0x08006ce4   0x08006ce4   0x00000002   Code   RO          142    i.SysTick_Handler   stm32f10x_it.o
    0x08006ce6   0x08006ce6   0x00000002   PAD
    0x08006ce8   0x08006ce8   0x00000060   Code   RO          218    i.SystemInit        system_stm32f10x.o
    0x08006d48   0x08006d48   0x000001a8   Code   RO          701    i.TP_Adj_Info_Show  touch.o
    0x08006ef0   0x08006ef0   0x00000500   Code   RO          702    i.TP_Adjust         touch.o
    0x080073f0   0x080073f0   0x0000003c   Code   RO          703    i.TP_Draw_Big_Point  touch.o
    0x0800742c   0x0800742c   0x00000070   Code   RO          704    i.TP_Drow_Touch_Point  touch.o
    0x0800749c   0x0800749c   0x000000a8   Code   RO          705    i.TP_Get_Adjdata    touch.o
    0x08007544   0x08007544   0x00000110   Code   RO          706    i.TP_Init           touch.o
    0x08007654   0x08007654   0x00000088   Code   RO          707    i.TP_Read_AD        touch.o
    0x080076dc   0x080076dc   0x00000078   Code   RO          708    i.TP_Read_XOY       touch.o
    0x08007754   0x08007754   0x00000030   Code   RO          709    i.TP_Read_XY        touch.o
    0x08007784   0x08007784   0x000000c0   Code   RO          710    i.TP_Read_XY2       touch.o
    0x08007844   0x08007844   0x00000078   Code   RO          711    i.TP_Save_Adjdata   touch.o
    0x080078bc   0x080078bc   0x00000110   Code   RO          712    i.TP_Scan           touch.o
    0x080079cc   0x080079cc   0x00000040   Code   RO          713    i.TP_Write_Byte     touch.o
    0x08007a0c   0x08007a0c   0x00000088   Code   RO          929    i.USART1_IRQHandler  usart.o
    0x08007a94   0x08007a94   0x00000018   Code   RO         1305    i.USART_Cmd         stm32f10x_usart.o
    0x08007aac   0x08007aac   0x00000054   Code   RO         1309    i.USART_GetITStatus  stm32f10x_usart.o
    0x08007b00   0x08007b00   0x0000004a   Code   RO         1311    i.USART_ITConfig    stm32f10x_usart.o
    0x08007b4a   0x08007b4a   0x00000002   PAD
    0x08007b4c   0x08007b4c   0x000000d8   Code   RO         1312    i.USART_Init        stm32f10x_usart.o
    0x08007c24   0x08007c24   0x0000000a   Code   RO         1319    i.USART_ReceiveData  stm32f10x_usart.o
    0x08007c2e   0x08007c2e   0x00000004   Code   RO          143    i.UsageFault_Handler  stm32f10x_it.o
    0x08007c32   0x08007c32   0x00000006   Code   RO          930    i._sys_exit         usart.o
    0x08007c38   0x08007c38   0x00000124   Code   RO            2    i.ctp_test          main.o
    0x08007d5c   0x08007d5c   0x00000044   Code   RO          874    i.delay_init        delay.o
    0x08007da0   0x08007da0   0x0000004c   Code   RO          875    i.delay_ms          delay.o
    0x08007dec   0x08007dec   0x0000004c   Code   RO          876    i.delay_us          delay.o
    0x08007e38   0x08007e38   0x0000001c   Code   RO          931    i.fputc             usart.o
    0x08007e54   0x08007e54   0x00000024   Code   RO            3    i.gui_draw_hline    main.o
    0x08007e78   0x08007e78   0x000000b0   Code   RO            4    i.gui_fill_circle   main.o
    0x08007f28   0x08007f28   0x000000d4   Code   RO            5    i.lcd_draw_bline    main.o
    0x08007ffc   0x08007ffc   0x00000114   Code   RO            6    i.main              main.o
    0x08008110   0x08008110   0x000000b0   Code   RO            8    i.rtp_test          main.o
    0x080081c0   0x080081c0   0x0000004c   Code   RO         1633    i.sqrt              m_ws.l(sqrt.o)
    0x0800820c   0x0800820c   0x000000a0   Code   RO          932    i.uart_init         usart.o
    0x080082ac   0x080082ac   0x00000150   Code   RO         1582    x$fpl$dadd          fz_ws.l(daddsub_clz.o)
    0x080083fc   0x080083fc   0x00000018   Code   RO         1652    x$fpl$dcmpinf       fz_ws.l(dcmpi.o)
    0x08008414   0x08008414   0x0000005a   Code   RO         1588    x$fpl$dfixu         fz_ws.l(dfixu.o)
    0x0800846e   0x0800846e   0x0000002e   Code   RO         1593    x$fpl$dflt          fz_ws.l(dflt_clz.o)
    0x0800849c   0x0800849c   0x00000026   Code   RO         1592    x$fpl$dfltu         fz_ws.l(dflt_clz.o)
    0x080084c2   0x080084c2   0x00000002   PAD
    0x080084c4   0x080084c4   0x00000078   Code   RO         1598    x$fpl$dleqf         fz_ws.l(dleqf.o)
    0x0800853c   0x0800853c   0x00000154   Code   RO         1600    x$fpl$dmul          fz_ws.l(dmul.o)
    0x08008690   0x08008690   0x0000009c   Code   RO         1654    x$fpl$dnaninf       fz_ws.l(dnaninf.o)
    0x0800872c   0x0800872c   0x0000000c   Code   RO         1656    x$fpl$dretinf       fz_ws.l(dretinf.o)
    0x08008738   0x08008738   0x0000006c   Code   RO         1602    x$fpl$drleqf        fz_ws.l(drleqf.o)
    0x080087a4   0x080087a4   0x00000016   Code   RO         1583    x$fpl$drsb          fz_ws.l(daddsub_clz.o)
    0x080087ba   0x080087ba   0x00000002   PAD
    0x080087bc   0x080087bc   0x000001cc   Code   RO         1658    x$fpl$dsqrt         fz_ws.l(dsqrt_noumaal.o)
    0x08008988   0x08008988   0x000001d4   Code   RO         1584    x$fpl$dsub          fz_ws.l(daddsub_clz.o)
    0x08008b5c   0x08008b5c   0x00000056   Code   RO         1604    x$fpl$f2d           fz_ws.l(f2d.o)
    0x08008bb2   0x08008bb2   0x00000002   PAD
    0x08008bb4   0x08008bb4   0x000000c4   Code   RO         1606    x$fpl$fadd          fz_ws.l(faddsub_clz.o)
    0x08008c78   0x08008c78   0x00000184   Code   RO         1613    x$fpl$fdiv          fz_ws.l(fdiv.o)
    0x08008dfc   0x08008dfc   0x00000036   Code   RO         1616    x$fpl$ffix          fz_ws.l(ffix.o)
    0x08008e32   0x08008e32   0x00000002   PAD
    0x08008e34   0x08008e34   0x0000003e   Code   RO         1620    x$fpl$ffixu         fz_ws.l(ffixu.o)
    0x08008e72   0x08008e72   0x00000002   PAD
    0x08008e74   0x08008e74   0x00000030   Code   RO         1625    x$fpl$fflt          fz_ws.l(fflt_clz.o)
    0x08008ea4   0x08008ea4   0x00000026   Code   RO         1624    x$fpl$ffltu         fz_ws.l(fflt_clz.o)
    0x08008eca   0x08008eca   0x00000002   PAD
    0x08008ecc   0x08008ecc   0x00000102   Code   RO         1630    x$fpl$fmul          fz_ws.l(fmul.o)
    0x08008fce   0x08008fce   0x0000008c   Code   RO         1660    x$fpl$fnaninf       fz_ws.l(fnaninf.o)
    0x0800905a   0x0800905a   0x0000000a   Code   RO         1662    x$fpl$fretinf       fz_ws.l(fretinf.o)
    0x08009064   0x08009064   0x000000ea   Code   RO         1608    x$fpl$fsub          fz_ws.l(faddsub_clz.o)
    0x0800914e   0x0800914e   0x00000000   Code   RO         1664    x$fpl$usenofp       fz_ws.l(usenofp.o)
    0x0800914e   0x0800914e   0x0000000a   Data   RO            9    .constdata          main.o
    0x08009158   0x08009158   0x000017c0   Data   RO          293    .constdata          lcd.o
    0x0800a918   0x0800a918   0x0000000a   Data   RO          666    .constdata          ott2001a.o
    0x0800a922   0x0800a922   0x0000000c   Data   RO          714    .constdata          touch.o
    0x0800a92e   0x0800a92e   0x000000c2   Data   RO          802    .constdata          gt9147.o
    0x0800a9f0   0x0800a9f0   0x0000000a   Data   RO          844    .constdata          ft5206.o
    0x0800a9fa   0x0800a9fa   0x00000028   Data   RO         1535    .constdata          c_w.l(_printf_hex_int.o)
    0x0800aa22   0x0800aa22   0x00000002   PAD
    0x0800aa24   0x0800aa24   0x00000079   Data   RO          715    .conststring        touch.o
    0x0800aa9d   0x0800aa9d   0x00000003   PAD
    0x0800aaa0   0x0800aaa0   0x00000020   Data   RO         1826    Region$$Table       anon$$obj.o


    Execution Region RW_IRAM1 (Exec base: 0x20000000, Load base: 0x0800aac0, Size: 0x000007b8, Max: 0x0000c000, ABSOLUTE)

    Exec Addr    Load Addr    Size         Type   Attr      Idx    E Section Name        Object

    0x20000000   0x0800aac0   0x00000014   Data   RW          219    .data               system_stm32f10x.o
    0x20000014   0x0800aad4   0x00000004   Data   RW          294    .data               lcd.o
    0x20000018   0x0800aad8   0x00000001   Data   RW          473    .data               key.o
    0x20000019   0x0800aad9   0x00000001   Data   RW          667    .data               ott2001a.o
    0x2000001a   0x0800aada   0x00000002   PAD
    0x2000001c   0x0800aadc   0x0000003c   Data   RW          716    .data               touch.o
    0x20000058   0x0800ab18   0x00000001   Data   RW          803    .data               gt9147.o
    0x20000059   0x0800ab19   0x00000001   Data   RW          845    .data               ft5206.o
    0x2000005a   0x0800ab1a   0x00000004   Data   RW          877    .data               delay.o
    0x2000005e   0x0800ab1e   0x00000002   PAD
    0x20000060   0x0800ab20   0x00000006   Data   RW          934    .data               usart.o
    0x20000066   0x0800ab26   0x00000014   Data   RW         1133    .data               stm32f10x_rcc.o
    0x2000007a   0x0800ab3a   0x00000002   PAD
    0x2000007c        -       0x0000000e   Zero   RW          292    .bss                lcd.o
    0x2000008a        -       0x000000c8   Zero   RW          933    .bss                usart.o
    0x20000152   0x0800ab3a   0x00000002   PAD
    0x20000154        -       0x00000060   Zero   RW         1692    .bss                c_w.l(libspace.o)
    0x200001b4   0x0800ab3a   0x00000004   PAD
    0x200001b8        -       0x00000200   Zero   RW          981    HEAP                startup_stm32f10x_hd.o
    0x200003b8        -       0x00000400   Zero   RW          980    STACK               startup_stm32f10x_hd.o


==============================================================================

Image component sizes


      Code (inc. data)   RO Data    RW Data    ZI Data      Debug   Object Name

       262          0          0          0          0       2937   24cxx.o
       674        100          0          0          0       4553   ctiic.o
       220         26          0          4          0       1659   delay.o
       822         38         10          1          0       3469   ft5206.o
       998         72        194          1          0       4198   gt9147.o
       264         28          0          1          0       1134   key.o
     20460        264       6080          4         14      26808   lcd.o
        80          8          0          0          0        483   led.o
      1232        126         10          0          0     237706   main.o
       172         22          0          0          0       1993   misc.o
       692        108          0          0          0       4102   myiic.o
       878         58         10          1          0       3979   ott2001a.o
        64         26        304          0       1536        788   startup_stm32f10x_hd.o
       448          6          0          0          0       4402   stm32f10x_gpio.o
        26          0          0          0          0       3558   stm32f10x_it.o
       244         26          0         20          0       3797   stm32f10x_rcc.o
       408          6          0          0          0       4906   stm32f10x_usart.o
         0          0          0          0          0         32   sys.o
       328         28          0         20          0       2005   system_stm32f10x.o
      3268        250        133         60          0      10567   touch.o
       330         26          0          6        200       4052   usart.o

    ----------------------------------------------------------------------
     31892       1218       6776        124       1752     327128   Object Totals
         0          0         32          0          0          0   (incl. Generated)
        22          0          3          6          2          0   (incl. Padding)

    ----------------------------------------------------------------------

      Code (inc. data)   RO Data    RW Data    ZI Data      Debug   Library Member Name

         8          0          0          0          0         68   __main.o
       104          0          0          0          0         84   __printf.o
         0          0          0          0          0          0   __rtentry.o
        12          0          0          0          0          0   __rtentry2.o
         6          0          0          0          0          0   __rtentry4.o
        52          8          0          0          0          0   __scatter.o
        26          0          0          0          0          0   __scatter_copy.o
        28          0          0          0          0          0   __scatter_zi.o
        44          0          0          0          0        108   _printf_char.o
        48          6          0          0          0         96   _printf_char_common.o
        36          4          0          0          0         80   _printf_char_file.o
         6          0          0          0          0          0   _printf_d.o
       120         16          0          0          0         92   _printf_dec.o
        88          4         40          0          0         88   _printf_hex_int.o
       178          0          0          0          0         88   _printf_intcommon.o
         0          0          0          0          0          0   _printf_percent.o
         4          0          0          0          0          0   _printf_percent_end.o
         6          0          0          0          0          0   _printf_s.o
        82          0          0          0          0         80   _printf_str.o
         6          0          0          0          0          0   _printf_x.o
        22          0          0          0          0        100   _rserrno.o
        18          0          0          0          0         80   exit.o
         8          0          0          0          0         68   ferror.o
         6          0          0          0          0        152   heapauxi.o
         2          0          0          0          0          0   libinit.o
         2          0          0          0          0          0   libinit2.o
         2          0          0          0          0          0   libshutdown.o
         2          0          0          0          0          0   libshutdown2.o
         8          4          0          0         96         68   libspace.o
        24          4          0          0          0         84   noretval__2printf.o
         8          4          0          0          0         68   rt_errno_addr_intlibspace.o
         2          0          0          0          0          0   rtexit.o
        10          0          0          0          0          0   rtexit2.o
       128          0          0          0          0         68   strcmpv7m.o
        74          0          0          0          0         80   sys_stackheap_outer.o
         2          0          0          0          0         68   use_no_semi.o
         2          0          0          0          0         68   use_no_semi_2.o
       826         16          0          0          0        348   daddsub_clz.o
        24          0          0          0          0         68   dcmpi.o
        90          4          0          0          0         92   dfixu.o
        84          0          0          0          0        136   dflt_clz.o
       120          4          0          0          0         92   dleqf.o
       340         12          0          0          0        104   dmul.o
       156          4          0          0          0         92   dnaninf.o
        12          0          0          0          0         68   dretinf.o
       108          0          0          0          0         80   drleqf.o
       460         56          0          0          0        120   dsqrt_noumaal.o
        86          4          0          0          0         84   f2d.o
       430          8          0          0          0        168   faddsub_clz.o
       388         76          0          0          0         96   fdiv.o
        54          4          0          0          0         84   ffix.o
        62          4          0          0          0         84   ffixu.o
        86          0          0          0          0        136   fflt_clz.o
       258          4          0          0          0         84   fmul.o
       140          4          0          0          0         84   fnaninf.o
        10          0          0          0          0         68   fretinf.o
         0          0          0          0          0          0   usenofp.o
        76          0          0          0          0         84   sqrt.o

    ----------------------------------------------------------------------
      5002        250         42          0        100       3860   Library Totals
        18          0          2          0          4          0   (incl. Padding)

    ----------------------------------------------------------------------

      Code (inc. data)   RO Data    RW Data    ZI Data      Debug   Library Name

      1174         50         40          0         96       1688   c_w.l
      3734        200          0          0          0       2088   fz_ws.l
        76          0          0          0          0         84   m_ws.l

    ----------------------------------------------------------------------
      5002        250         42          0        100       3860   Library Totals

    ----------------------------------------------------------------------

==============================================================================


      Code (inc. data)   RO Data    RW Data    ZI Data      Debug   

     36894       1468       6818        124       1852     323132   Grand Totals
     36894       1468       6818        124       1852     323132   ELF Image Totals
     36894       1468       6818        124          0          0   ROM Totals

==============================================================================

    Total RO  Size (Code + RO Data)                43712 (  42.69kB)
    Total RW  Size (RW Data + ZI Data)              1976 (   1.93kB)
    Total ROM Size (Code + RO Data + RW Data)      43836 (  42.81kB)

==============================================================================

